

# 0


## Newtonsoft


0000   30                                                  0

## UnsafeJson


0000   30                                                  0

### Equal: True

# 1


## Newtonsoft


0000   31                                                  1

## UnsafeJson


0000   31                                                  1

### Equal: True

# 12


## Newtonsoft


0000   31 32                                               12

## UnsafeJson


0000   31 32                                               12

### Equal: True

# 123


## Newtonsoft


0000   31 32 33                                            123

## UnsafeJson


0000   31 32 33                                            123

### Equal: True

# 1,234


## Newtonsoft


0000   31 32 33 34                                         1234

## UnsafeJson


0000   31 32 33 34                                         1234

### Equal: True

# 12,345


## Newtonsoft


0000   31 32 33 34 35                                      12345

## UnsafeJson


0000   31 32 33 34 35                                      12345

### Equal: True

# 123,456


## Newtonsoft


0000   31 32 33 34 35 36                                   123456

## UnsafeJson


0000   31 32 33 34 35 36                                   123456

### Equal: True

# 1,234,567


## Newtonsoft


0000   31 32 33 34 35 36 37                                1234567

## UnsafeJson


0000   31 32 33 34 35 36 37                                1234567

### Equal: True

# 12,345,678


## Newtonsoft


0000   31 32 33 34 35 36 37 38                             12345678

## UnsafeJson


0000   31 32 33 34 35 36 37 38                             12345678

### Equal: True

# 123,456,789


## Newtonsoft


0000   31 32 33 34 35 36 37 38   39                        12345678 9

## UnsafeJson


0000   31 32 33 34 35 36 37 38   39                        12345678 9

### Equal: True

# 1,234,567,890


## Newtonsoft


0000   31 32 33 34 35 36 37 38   39 30                     12345678 90

## UnsafeJson


0000   31 32 33 34 35 36 37 38   39 30                     12345678 90

### Equal: True

# 12,345,678,901


## Newtonsoft


0000   31 32 33 34 35 36 37 38   39 30 31                  12345678 901

## UnsafeJson


0000   31 32 33 34 35 36 37 38   39 30 31                  12345678 901

### Equal: True

# 123,456,789,012


## Newtonsoft


0000   31 32 33 34 35 36 37 38   39 30 31 32               12345678 9012

## UnsafeJson


0000   31 32 33 34 35 36 37 38   39 30 31 32               12345678 9012

### Equal: True

# 1,234,567,890,123


## Newtonsoft


0000   31 32 33 34 35 36 37 38   39 30 31 32 33            12345678 90123

## UnsafeJson


0000   31 32 33 34 35 36 37 38   39 30 31 32 33            12345678 90123

### Equal: True

# 12,345,678,901,234


## Newtonsoft


0000   31 32 33 34 35 36 37 38   39 30 31 32 33 34         12345678 901234

## UnsafeJson


0000   31 32 33 34 35 36 37 38   39 30 31 32 33 34         12345678 901234

### Equal: True

# 123,456,789,012,345


## Newtonsoft


0000   31 32 33 34 35 36 37 38   39 30 31 32 33 34 35      12345678 9012345

## UnsafeJson


0000   31 32 33 34 35 36 37 38   39 30 31 32 33 34 35      12345678 9012345

### Equal: True

# 1,234,567,890,123,456


## Newtonsoft


0000   31 32 33 34 35 36 37 38   39 30 31 32 33 34 35 36   12345678 90123456

## UnsafeJson


0000   31 32 33 34 35 36 37 38   39 30 31 32 33 34 35 36   12345678 90123456

### Equal: True

# 12,345,678,901,234,567


## Newtonsoft


0000   31 32 33 34 35 36 37 38   39 30 31 32 33 34 35 36   12345678 90123456
0010   37                                                  7

## UnsafeJson


0000   31 32 33 34 35 36 37 38   39 30 31 32 33 34 35 36   12345678 90123456
0010   37                                                  7

### Equal: True

# 123,456,789,012,345,678


## Newtonsoft


0000   31 32 33 34 35 36 37 38   39 30 31 32 33 34 35 36   12345678 90123456
0010   37 38                                               78

## UnsafeJson


0000   31 32 33 34 35 36 37 38   39 30 31 32 33 34 35 36   12345678 90123456
0010   37 38                                               78

### Equal: True

# 1,234,567,890,123,456,789


## Newtonsoft


0000   31 32 33 34 35 36 37 38   39 30 31 32 33 34 35 36   12345678 90123456
0010   37 38 39                                            789

## UnsafeJson


0000   31 32 33 34 35 36 37 38   39 30 31 32 33 34 35 36   12345678 90123456
0010   37 38 39                                            789

### Equal: True

# 12,345,678,901,234,567,890


## Newtonsoft


0000   31 32 33 34 35 36 37 38   39 30 31 32 33 34 35 36   12345678 90123456
0010   37 38 39 30                                         7890

## UnsafeJson


0000   31 32 33 34 35 36 37 38   39 30 31 32 33 34 35 36   12345678 90123456
0010   37 38 39 30                                         7890

### Equal: True

# 9,223,372,036,854,775,807


## Newtonsoft


0000   39 32 32 33 33 37 32 30   33 36 38 35 34 37 37 35   92233720 36854775
0010   38 30 37                                            807

## UnsafeJson


0000   39 32 32 33 33 37 32 30   33 36 38 35 34 37 37 35   92233720 36854775
0010   38 30 37                                            807

### Equal: True

# 18,446,744,073,709,551,615


## Newtonsoft


0000   31 38 34 34 36 37 34 34   30 37 33 37 30 39 35 35   18446744 07370955
0010   31 36 31 35                                         1615

## UnsafeJson


0000   31 38 34 34 36 37 34 34   30 37 33 37 30 39 35 35   18446744 07370955
0010   31 36 31 35                                         1615

### Equal: True