

# 0


## Newtonsoft


0000   30                                                  0

## UnsafeJson


0000   30                                                  0

### Equal: True

# 1


## Newtonsoft


0000   31                                                  1

## UnsafeJson


0000   31                                                  1

### Equal: True

# 12


## Newtonsoft


0000   31 32                                               12

## UnsafeJson


0000   31 32                                               12

### Equal: True

# 123


## Newtonsoft


0000   31 32 33                                            123

## UnsafeJson


0000   31 32 33                                            123

### Equal: True

# 1,234


## Newtonsoft


0000   31 32 33 34                                         1234

## UnsafeJson


0000   31 32 33 34                                         1234

### Equal: True

# 12,345


## Newtonsoft


0000   31 32 33 34 35                                      12345

## UnsafeJson


0000   31 32 33 34 35                                      12345

### Equal: True

# 123,456


## Newtonsoft


0000   31 32 33 34 35 36                                   123456

## UnsafeJson


0000   31 32 33 34 35 36                                   123456

### Equal: True

# 1,234,567


## Newtonsoft


0000   31 32 33 34 35 36 37                                1234567

## UnsafeJson


0000   31 32 33 34 35 36 37                                1234567

### Equal: True

# 12,345,678


## Newtonsoft


0000   31 32 33 34 35 36 37 38                             12345678

## UnsafeJson


0000   31 32 33 34 35 36 37 38                             12345678

### Equal: True

# 123,456,789


## Newtonsoft


0000   31 32 33 34 35 36 37 38   39                        12345678 9

## UnsafeJson


0000   31 32 33 34 35 36 37 38   39                        12345678 9

### Equal: True

# 1,234,567,890


## Newtonsoft


0000   31 32 33 34 35 36 37 38   39 30                     12345678 90

## UnsafeJson


0000   31 32 33 34 35 36 37 38   39 30                     12345678 90

### Equal: True

# 12,345,678,901


## Newtonsoft


0000   31 32 33 34 35 36 37 38   39 30 31                  12345678 901

## UnsafeJson


0000   31 32 33 34 35 36 37 38   39 30 31                  12345678 901

### Equal: True

# 123,456,789,012


## Newtonsoft


0000   31 32 33 34 35 36 37 38   39 30 31 32               12345678 9012

## UnsafeJson


0000   31 32 33 34 35 36 37 38   39 30 31 32               12345678 9012

### Equal: True

# 1,234,567,890,123


## Newtonsoft


0000   31 32 33 34 35 36 37 38   39 30 31 32 33            12345678 90123

## UnsafeJson


0000   31 32 33 34 35 36 37 38   39 30 31 32 33            12345678 90123

### Equal: True

# 12,345,678,901,234


## Newtonsoft


0000   31 32 33 34 35 36 37 38   39 30 31 32 33 34         12345678 901234

## UnsafeJson


0000   31 32 33 34 35 36 37 38   39 30 31 32 33 34         12345678 901234

### Equal: True

# 123,456,789,012,345


## Newtonsoft


0000   31 32 33 34 35 36 37 38   39 30 31 32 33 34 35      12345678 9012345

## UnsafeJson


0000   31 32 33 34 35 36 37 38   39 30 31 32 33 34 35      12345678 9012345

### Equal: True

# 1,234,567,890,123,456


## Newtonsoft


0000   31 32 33 34 35 36 37 38   39 30 31 32 33 34 35 36   12345678 90123456

## UnsafeJson


0000   31 32 33 34 35 36 37 38   39 30 31 32 33 34 35 36   12345678 90123456

### Equal: True

# 12,345,678,901,234,567


## Newtonsoft


0000   31 32 33 34 35 36 37 38   39 30 31 32 33 34 35 36   12345678 90123456
0010   37                                                  7

## UnsafeJson


0000   31 32 33 34 35 36 37 38   39 30 31 32 33 34 35 36   12345678 90123456
0010   37                                                  7

### Equal: True

# 123,456,789,012,345,678


## Newtonsoft


0000   31 32 33 34 35 36 37 38   39 30 31 32 33 34 35 36   12345678 90123456
0010   37 38                                               78

## UnsafeJson


0000   31 32 33 34 35 36 37 38   39 30 31 32 33 34 35 36   12345678 90123456
0010   37 38                                               78

### Equal: True

# 1,234,567,890,123,456,789


## Newtonsoft


0000   31 32 33 34 35 36 37 38   39 30 31 32 33 34 35 36   12345678 90123456
0010   37 38 39                                            789

## UnsafeJson


0000   31 32 33 34 35 36 37 38   39 30 31 32 33 34 35 36   12345678 90123456
0010   37 38 39                                            789

### Equal: True

# 9,223,372,036,854,775,807


## Newtonsoft


0000   39 32 32 33 33 37 32 30   33 36 38 35 34 37 37 35   92233720 36854775
0010   38 30 37                                            807

## UnsafeJson


0000   39 32 32 33 33 37 32 30   33 36 38 35 34 37 37 35   92233720 36854775
0010   38 30 37                                            807

### Equal: True

# -9,223,372,036,854,775,808


## Newtonsoft


0000   2d 39 32 32 33 33 37 32   30 33 36 38 35 34 37 37   -9223372 03685477
0010   35 38 30 38                                         5808

## UnsafeJson


0000   2d 39 32 32 33 33 37 32   30 33 36 38 35 34 37 37   -9223372 03685477
0010   35 38 30 38                                         5808

### Equal: True

# -1


## Newtonsoft


0000   2d 31                                               -1

## UnsafeJson


0000   2d 31                                               -1

### Equal: True

# -12


## Newtonsoft


0000   2d 31 32                                            -12

## UnsafeJson


0000   2d 31 32                                            -12

### Equal: True

# -123


## Newtonsoft


0000   2d 31 32 33                                         -123

## UnsafeJson


0000   2d 31 32 33                                         -123

### Equal: True

# -1,234


## Newtonsoft


0000   2d 31 32 33 34                                      -1234

## UnsafeJson


0000   2d 31 32 33 34                                      -1234

### Equal: True

# -12,345


## Newtonsoft


0000   2d 31 32 33 34 35                                   -12345

## UnsafeJson


0000   2d 31 32 33 34 35                                   -12345

### Equal: True

# -123,456


## Newtonsoft


0000   2d 31 32 33 34 35 36                                -123456

## UnsafeJson


0000   2d 31 32 33 34 35 36                                -123456

### Equal: True

# -1,234,567


## Newtonsoft


0000   2d 31 32 33 34 35 36 37                             -1234567

## UnsafeJson


0000   2d 31 32 33 34 35 36 37                             -1234567

### Equal: True

# -12,345,678


## Newtonsoft


0000   2d 31 32 33 34 35 36 37   38                        -1234567 8

## UnsafeJson


0000   2d 31 32 33 34 35 36 37   38                        -1234567 8

### Equal: True

# -123,456,789


## Newtonsoft


0000   2d 31 32 33 34 35 36 37   38 39                     -1234567 89

## UnsafeJson


0000   2d 31 32 33 34 35 36 37   38 39                     -1234567 89

### Equal: True

# -1,234,567,890


## Newtonsoft


0000   2d 31 32 33 34 35 36 37   38 39 30                  -1234567 890

## UnsafeJson


0000   2d 31 32 33 34 35 36 37   38 39 30                  -1234567 890

### Equal: True

# -12,345,678,901


## Newtonsoft


0000   2d 31 32 33 34 35 36 37   38 39 30 31               -1234567 8901

## UnsafeJson


0000   2d 31 32 33 34 35 36 37   38 39 30 31               -1234567 8901

### Equal: True

# -123,456,789,012


## Newtonsoft


0000   2d 31 32 33 34 35 36 37   38 39 30 31 32            -1234567 89012

## UnsafeJson


0000   2d 31 32 33 34 35 36 37   38 39 30 31 32            -1234567 89012

### Equal: True

# -1,234,567,890,123


## Newtonsoft


0000   2d 31 32 33 34 35 36 37   38 39 30 31 32 33         -1234567 890123

## UnsafeJson


0000   2d 31 32 33 34 35 36 37   38 39 30 31 32 33         -1234567 890123

### Equal: True

# -12,345,678,901,234


## Newtonsoft


0000   2d 31 32 33 34 35 36 37   38 39 30 31 32 33 34      -1234567 8901234

## UnsafeJson


0000   2d 31 32 33 34 35 36 37   38 39 30 31 32 33 34      -1234567 8901234

### Equal: True

# -123,456,789,012,345


## Newtonsoft


0000   2d 31 32 33 34 35 36 37   38 39 30 31 32 33 34 35   -1234567 89012345

## UnsafeJson


0000   2d 31 32 33 34 35 36 37   38 39 30 31 32 33 34 35   -1234567 89012345

### Equal: True

# -1,234,567,890,123,456


## Newtonsoft


0000   2d 31 32 33 34 35 36 37   38 39 30 31 32 33 34 35   -1234567 89012345
0010   36                                                  6

## UnsafeJson


0000   2d 31 32 33 34 35 36 37   38 39 30 31 32 33 34 35   -1234567 89012345
0010   36                                                  6

### Equal: True

# -12,345,678,901,234,567


## Newtonsoft


0000   2d 31 32 33 34 35 36 37   38 39 30 31 32 33 34 35   -1234567 89012345
0010   36 37                                               67

## UnsafeJson


0000   2d 31 32 33 34 35 36 37   38 39 30 31 32 33 34 35   -1234567 89012345
0010   36 37                                               67

### Equal: True

# -123,456,789,012,345,678


## Newtonsoft


0000   2d 31 32 33 34 35 36 37   38 39 30 31 32 33 34 35   -1234567 89012345
0010   36 37 38                                            678

## UnsafeJson


0000   2d 31 32 33 34 35 36 37   38 39 30 31 32 33 34 35   -1234567 89012345
0010   36 37 38                                            678

### Equal: True

# -1,234,567,890,123,456,789


## Newtonsoft


0000   2d 31 32 33 34 35 36 37   38 39 30 31 32 33 34 35   -1234567 89012345
0010   36 37 38 39                                         6789

## UnsafeJson


0000   2d 31 32 33 34 35 36 37   38 39 30 31 32 33 34 35   -1234567 89012345
0010   36 37 38 39                                         6789

### Equal: True