

# 1,434,747,709


## Newtonsoft


0000   31 34 33 34 37 34 37 37   30 39                     14347477 09

## Cameronism.Json


0000   31 34 33 34 37 34 37 37   30 39                     14347477 09

### Equal: True

# -269,548,476


## Newtonsoft


0000   2d 32 36 39 35 34 38 34   37 36                     -2695484 76

## Cameronism.Json


0000   2d 32 36 39 35 34 38 34   37 36                     -2695484 76

### Equal: True

# -361,709,744


## Newtonsoft


0000   2d 33 36 31 37 30 39 37   34 34                     -3617097 44

## Cameronism.Json


0000   2d 33 36 31 37 30 39 37   34 34                     -3617097 44

### Equal: True

# 1,555,655,116


## Newtonsoft


0000   31 35 35 35 36 35 35 31   31 36                     15556551 16

## Cameronism.Json


0000   31 35 35 35 36 35 35 31   31 36                     15556551 16

### Equal: True

# -372,913,051


## Newtonsoft


0000   2d 33 37 32 39 31 33 30   35 31                     -3729130 51

## Cameronism.Json


0000   2d 33 37 32 39 31 33 30   35 31                     -3729130 51

### Equal: True

# -503,774,880


## Newtonsoft


0000   2d 35 30 33 37 37 34 38   38 30                     -5037748 80

## Cameronism.Json


0000   2d 35 30 33 37 37 34 38   38 30                     -5037748 80

### Equal: True

# 1,085,775,343


## Newtonsoft


0000   31 30 38 35 37 37 35 33   34 33                     10857753 43

## Cameronism.Json


0000   31 30 38 35 37 37 35 33   34 33                     10857753 43

### Equal: True

# -818,126,017


## Newtonsoft


0000   2d 38 31 38 31 32 36 30   31 37                     -8181260 17

## Cameronism.Json


0000   2d 38 31 38 31 32 36 30   31 37                     -8181260 17

### Equal: True

# 1,111,217,774


## Newtonsoft


0000   31 31 31 31 32 31 37 37   37 34                     11112177 74

## Cameronism.Json


0000   31 31 31 31 32 31 37 37   37 34                     11112177 74

### Equal: True

# 1,748,346,700


## Newtonsoft


0000   31 37 34 38 33 34 36 37   30 30                     17483467 00

## Cameronism.Json


0000   31 37 34 38 33 34 36 37   30 30                     17483467 00

### Equal: True

# 853,561,428


## Newtonsoft


0000   38 35 33 35 36 31 34 32   38                        85356142 8

## Cameronism.Json


0000   38 35 33 35 36 31 34 32   38                        85356142 8

### Equal: True

# -193,515,359


## Newtonsoft


0000   2d 31 39 33 35 31 35 33   35 39                     -1935153 59

## Cameronism.Json


0000   2d 31 39 33 35 31 35 33   35 39                     -1935153 59

### Equal: True

# 1,752,737,389


## Newtonsoft


0000   31 37 35 32 37 33 37 33   38 39                     17527373 89

## Cameronism.Json


0000   31 37 35 32 37 33 37 33   38 39                     17527373 89

### Equal: True

# -94,805,259


## Newtonsoft


0000   2d 39 34 38 30 35 32 35   39                        -9480525 9

## Cameronism.Json


0000   2d 39 34 38 30 35 32 35   39                        -9480525 9

### Equal: True

# -317,314,905


## Newtonsoft


0000   2d 33 31 37 33 31 34 39   30 35                     -3173149 05

## Cameronism.Json


0000   2d 33 31 37 33 31 34 39   30 35                     -3173149 05

### Equal: True

# -1,487,325,106


## Newtonsoft


0000   2d 31 34 38 37 33 32 35   31 30 36                  -1487325 106

## Cameronism.Json


0000   2d 31 34 38 37 33 32 35   31 30 36                  -1487325 106

### Equal: True

# -400,244,689


## Newtonsoft


0000   2d 34 30 30 32 34 34 36   38 39                     -4002446 89

## Cameronism.Json


0000   2d 34 30 30 32 34 34 36   38 39                     -4002446 89

### Equal: True

# 661,853,735


## Newtonsoft


0000   36 36 31 38 35 33 37 33   35                        66185373 5

## Cameronism.Json


0000   36 36 31 38 35 33 37 33   35                        66185373 5

### Equal: True

# 1,763,223,986


## Newtonsoft


0000   31 37 36 33 32 32 33 39   38 36                     17632239 86

## Cameronism.Json


0000   31 37 36 33 32 32 33 39   38 36                     17632239 86

### Equal: True

# 1,150,454,278


## Newtonsoft


0000   31 31 35 30 34 35 34 32   37 38                     11504542 78

## Cameronism.Json


0000   31 31 35 30 34 35 34 32   37 38                     11504542 78

### Equal: True

# -1,607,088,560


## Newtonsoft


0000   2d 31 36 30 37 30 38 38   35 36 30                  -1607088 560

## Cameronism.Json


0000   2d 31 36 30 37 30 38 38   35 36 30                  -1607088 560

### Equal: True

# -320,230,770


## Newtonsoft


0000   2d 33 32 30 32 33 30 37   37 30                     -3202307 70

## Cameronism.Json


0000   2d 33 32 30 32 33 30 37   37 30                     -3202307 70

### Equal: True

# 109,541,012


## Newtonsoft


0000   31 30 39 35 34 31 30 31   32                        10954101 2

## Cameronism.Json


0000   31 30 39 35 34 31 30 31   32                        10954101 2

### Equal: True

# -1,345,304,843


## Newtonsoft


0000   2d 31 33 34 35 33 30 34   38 34 33                  -1345304 843

## Cameronism.Json


0000   2d 31 33 34 35 33 30 34   38 34 33                  -1345304 843

### Equal: True

# 536,786,790


## Newtonsoft


0000   35 33 36 37 38 36 37 39   30                        53678679 0

## Cameronism.Json


0000   35 33 36 37 38 36 37 39   30                        53678679 0

### Equal: True

# 621,925,606


## Newtonsoft


0000   36 32 31 39 32 35 36 30   36                        62192560 6

## Cameronism.Json


0000   36 32 31 39 32 35 36 30   36                        62192560 6

### Equal: True

# -308,478,479


## Newtonsoft


0000   2d 33 30 38 34 37 38 34   37 39                     -3084784 79

## Cameronism.Json


0000   2d 33 30 38 34 37 38 34   37 39                     -3084784 79

### Equal: True

# 1,298,281,175


## Newtonsoft


0000   31 32 39 38 32 38 31 31   37 35                     12982811 75

## Cameronism.Json


0000   31 32 39 38 32 38 31 31   37 35                     12982811 75

### Equal: True

# 109,080,761


## Newtonsoft


0000   31 30 39 30 38 30 37 36   31                        10908076 1

## Cameronism.Json


0000   31 30 39 30 38 30 37 36   31                        10908076 1

### Equal: True

# -1,517,373,993


## Newtonsoft


0000   2d 31 35 31 37 33 37 33   39 39 33                  -1517373 993

## Cameronism.Json


0000   2d 31 35 31 37 33 37 33   39 39 33                  -1517373 993

### Equal: True

# 469,108,218


## Newtonsoft


0000   34 36 39 31 30 38 32 31   38                        46910821 8

## Cameronism.Json


0000   34 36 39 31 30 38 32 31   38                        46910821 8

### Equal: True

# -784,178,406


## Newtonsoft


0000   2d 37 38 34 31 37 38 34   30 36                     -7841784 06

## Cameronism.Json


0000   2d 37 38 34 31 37 38 34   30 36                     -7841784 06

### Equal: True

# 147,448,021


## Newtonsoft


0000   31 34 37 34 34 38 30 32   31                        14744802 1

## Cameronism.Json


0000   31 34 37 34 34 38 30 32   31                        14744802 1

### Equal: True

# -152,348,809


## Newtonsoft


0000   2d 31 35 32 33 34 38 38   30 39                     -1523488 09

## Cameronism.Json


0000   2d 31 35 32 33 34 38 38   30 39                     -1523488 09

### Equal: True

# 25,841,796


## Newtonsoft


0000   32 35 38 34 31 37 39 36                             25841796

## Cameronism.Json


0000   32 35 38 34 31 37 39 36                             25841796

### Equal: True

# -943,130,760


## Newtonsoft


0000   2d 39 34 33 31 33 30 37   36 30                     -9431307 60

## Cameronism.Json


0000   2d 39 34 33 31 33 30 37   36 30                     -9431307 60

### Equal: True

# -1,072,875,953


## Newtonsoft


0000   2d 31 30 37 32 38 37 35   39 35 33                  -1072875 953

## Cameronism.Json


0000   2d 31 30 37 32 38 37 35   39 35 33                  -1072875 953

### Equal: True

# 1,779,915,893


## Newtonsoft


0000   31 37 37 39 39 31 35 38   39 33                     17799158 93

## Cameronism.Json


0000   31 37 37 39 39 31 35 38   39 33                     17799158 93

### Equal: True

# 6,601,382


## Newtonsoft


0000   36 36 30 31 33 38 32                                6601382

## Cameronism.Json


0000   36 36 30 31 33 38 32                                6601382

### Equal: True

# 1,404,761,654


## Newtonsoft


0000   31 34 30 34 37 36 31 36   35 34                     14047616 54

## Cameronism.Json


0000   31 34 30 34 37 36 31 36   35 34                     14047616 54

### Equal: True

# -1,961,756,803


## Newtonsoft


0000   2d 31 39 36 31 37 35 36   38 30 33                  -1961756 803

## Cameronism.Json


0000   2d 31 39 36 31 37 35 36   38 30 33                  -1961756 803

### Equal: True

# 990,406,060


## Newtonsoft


0000   39 39 30 34 30 36 30 36   30                        99040606 0

## Cameronism.Json


0000   39 39 30 34 30 36 30 36   30                        99040606 0

### Equal: True

# 1,324,151,474


## Newtonsoft


0000   31 33 32 34 31 35 31 34   37 34                     13241514 74

## Cameronism.Json


0000   31 33 32 34 31 35 31 34   37 34                     13241514 74

### Equal: True

# 800,511,528


## Newtonsoft


0000   38 30 30 35 31 31 35 32   38                        80051152 8

## Cameronism.Json


0000   38 30 30 35 31 31 35 32   38                        80051152 8

### Equal: True

# -938,344,447


## Newtonsoft


0000   2d 39 33 38 33 34 34 34   34 37                     -9383444 47

## Cameronism.Json


0000   2d 39 33 38 33 34 34 34   34 37                     -9383444 47

### Equal: True

# -1,143,246,419


## Newtonsoft


0000   2d 31 31 34 33 32 34 36   34 31 39                  -1143246 419

## Cameronism.Json


0000   2d 31 31 34 33 32 34 36   34 31 39                  -1143246 419

### Equal: True

# -638,602,657


## Newtonsoft


0000   2d 36 33 38 36 30 32 36   35 37                     -6386026 57

## Cameronism.Json


0000   2d 36 33 38 36 30 32 36   35 37                     -6386026 57

### Equal: True

# 1,260,012,255


## Newtonsoft


0000   31 32 36 30 30 31 32 32   35 35                     12600122 55

## Cameronism.Json


0000   31 32 36 30 30 31 32 32   35 35                     12600122 55

### Equal: True

# 41,687,309


## Newtonsoft


0000   34 31 36 38 37 33 30 39                             41687309

## Cameronism.Json


0000   34 31 36 38 37 33 30 39                             41687309

### Equal: True

# 2,056,599,300


## Newtonsoft


0000   32 30 35 36 35 39 39 33   30 30                     20565993 00

## Cameronism.Json


0000   32 30 35 36 35 39 39 33   30 30                     20565993 00

### Equal: True

# 1,526,216,573


## Newtonsoft


0000   31 35 32 36 32 31 36 35   37 33                     15262165 73

## Cameronism.Json


0000   31 35 32 36 32 31 36 35   37 33                     15262165 73

### Equal: True

# 221,497,576


## Newtonsoft


0000   32 32 31 34 39 37 35 37   36                        22149757 6

## Cameronism.Json


0000   32 32 31 34 39 37 35 37   36                        22149757 6

### Equal: True

# -715,646,439


## Newtonsoft


0000   2d 37 31 35 36 34 36 34   33 39                     -7156464 39

## Cameronism.Json


0000   2d 37 31 35 36 34 36 34   33 39                     -7156464 39

### Equal: True

# 319,006,785


## Newtonsoft


0000   33 31 39 30 30 36 37 38   35                        31900678 5

## Cameronism.Json


0000   33 31 39 30 30 36 37 38   35                        31900678 5

### Equal: True

# 463,127,246


## Newtonsoft


0000   34 36 33 31 32 37 32 34   36                        46312724 6

## Cameronism.Json


0000   34 36 33 31 32 37 32 34   36                        46312724 6

### Equal: True

# -1,101,314,178


## Newtonsoft


0000   2d 31 31 30 31 33 31 34   31 37 38                  -1101314 178

## Cameronism.Json


0000   2d 31 31 30 31 33 31 34   31 37 38                  -1101314 178

### Equal: True

# -1,645,451,447


## Newtonsoft


0000   2d 31 36 34 35 34 35 31   34 34 37                  -1645451 447

## Cameronism.Json


0000   2d 31 36 34 35 34 35 31   34 34 37                  -1645451 447

### Equal: True

# -1,535,342,242


## Newtonsoft


0000   2d 31 35 33 35 33 34 32   32 34 32                  -1535342 242

## Cameronism.Json


0000   2d 31 35 33 35 33 34 32   32 34 32                  -1535342 242

### Equal: True

# -1,185,539,853


## Newtonsoft


0000   2d 31 31 38 35 35 33 39   38 35 33                  -1185539 853

## Cameronism.Json


0000   2d 31 31 38 35 35 33 39   38 35 33                  -1185539 853

### Equal: True

# 1,397,651,785


## Newtonsoft


0000   31 33 39 37 36 35 31 37   38 35                     13976517 85

## Cameronism.Json


0000   31 33 39 37 36 35 31 37   38 35                     13976517 85

### Equal: True

# 741,756,989


## Newtonsoft


0000   37 34 31 37 35 36 39 38   39                        74175698 9

## Cameronism.Json


0000   37 34 31 37 35 36 39 38   39                        74175698 9

### Equal: True

# -58,288,927


## Newtonsoft


0000   2d 35 38 32 38 38 39 32   37                        -5828892 7

## Cameronism.Json


0000   2d 35 38 32 38 38 39 32   37                        -5828892 7

### Equal: True

# -570,036,068


## Newtonsoft


0000   2d 35 37 30 30 33 36 30   36 38                     -5700360 68

## Cameronism.Json


0000   2d 35 37 30 30 33 36 30   36 38                     -5700360 68

### Equal: True

# -464,122,123


## Newtonsoft


0000   2d 34 36 34 31 32 32 31   32 33                     -4641221 23

## Cameronism.Json


0000   2d 34 36 34 31 32 32 31   32 33                     -4641221 23

### Equal: True

# 906,697,616


## Newtonsoft


0000   39 30 36 36 39 37 36 31   36                        90669761 6

## Cameronism.Json


0000   39 30 36 36 39 37 36 31   36                        90669761 6

### Equal: True

# 2,133,492,051


## Newtonsoft


0000   32 31 33 33 34 39 32 30   35 31                     21334920 51

## Cameronism.Json


0000   32 31 33 33 34 39 32 30   35 31                     21334920 51

### Equal: True

# -227,836,029


## Newtonsoft


0000   2d 32 32 37 38 33 36 30   32 39                     -2278360 29

## Cameronism.Json


0000   2d 32 32 37 38 33 36 30   32 39                     -2278360 29

### Equal: True

# -695,439,084


## Newtonsoft


0000   2d 36 39 35 34 33 39 30   38 34                     -6954390 84

## Cameronism.Json


0000   2d 36 39 35 34 33 39 30   38 34                     -6954390 84

### Equal: True

# -1,773,451,955


## Newtonsoft


0000   2d 31 37 37 33 34 35 31   39 35 35                  -1773451 955

## Cameronism.Json


0000   2d 31 37 37 33 34 35 31   39 35 35                  -1773451 955

### Equal: True

# -90,374,920


## Newtonsoft


0000   2d 39 30 33 37 34 39 32   30                        -9037492 0

## Cameronism.Json


0000   2d 39 30 33 37 34 39 32   30                        -9037492 0

### Equal: True

# -1,923,919,230


## Newtonsoft


0000   2d 31 39 32 33 39 31 39   32 33 30                  -1923919 230

## Cameronism.Json


0000   2d 31 39 32 33 39 31 39   32 33 30                  -1923919 230

### Equal: True

# 1,989,041,592


## Newtonsoft


0000   31 39 38 39 30 34 31 35   39 32                     19890415 92

## Cameronism.Json


0000   31 39 38 39 30 34 31 35   39 32                     19890415 92

### Equal: True

# -600,107,650


## Newtonsoft


0000   2d 36 30 30 31 30 37 36   35 30                     -6001076 50

## Cameronism.Json


0000   2d 36 30 30 31 30 37 36   35 30                     -6001076 50

### Equal: True

# -1,362,526,738


## Newtonsoft


0000   2d 31 33 36 32 35 32 36   37 33 38                  -1362526 738

## Cameronism.Json


0000   2d 31 33 36 32 35 32 36   37 33 38                  -1362526 738

### Equal: True

# -412,980,294


## Newtonsoft


0000   2d 34 31 32 39 38 30 32   39 34                     -4129802 94

## Cameronism.Json


0000   2d 34 31 32 39 38 30 32   39 34                     -4129802 94

### Equal: True

# 393,086,441


## Newtonsoft


0000   33 39 33 30 38 36 34 34   31                        39308644 1

## Cameronism.Json


0000   33 39 33 30 38 36 34 34   31                        39308644 1

### Equal: True

# -495,743,017


## Newtonsoft


0000   2d 34 39 35 37 34 33 30   31 37                     -4957430 17

## Cameronism.Json


0000   2d 34 39 35 37 34 33 30   31 37                     -4957430 17

### Equal: True

# -2,120,482,800


## Newtonsoft


0000   2d 32 31 32 30 34 38 32   38 30 30                  -2120482 800

## Cameronism.Json


0000   2d 32 31 32 30 34 38 32   38 30 30                  -2120482 800

### Equal: True

# -290,382,548


## Newtonsoft


0000   2d 32 39 30 33 38 32 35   34 38                     -2903825 48

## Cameronism.Json


0000   2d 32 39 30 33 38 32 35   34 38                     -2903825 48

### Equal: True

# 400,951,888


## Newtonsoft


0000   34 30 30 39 35 31 38 38   38                        40095188 8

## Cameronism.Json


0000   34 30 30 39 35 31 38 38   38                        40095188 8

### Equal: True

# 1,202,562,356


## Newtonsoft


0000   31 32 30 32 35 36 32 33   35 36                     12025623 56

## Cameronism.Json


0000   31 32 30 32 35 36 32 33   35 36                     12025623 56

### Equal: True

# -1,530,038,283


## Newtonsoft


0000   2d 31 35 33 30 30 33 38   32 38 33                  -1530038 283

## Cameronism.Json


0000   2d 31 35 33 30 30 33 38   32 38 33                  -1530038 283

### Equal: True

# 1,284,577,055


## Newtonsoft


0000   31 32 38 34 35 37 37 30   35 35                     12845770 55

## Cameronism.Json


0000   31 32 38 34 35 37 37 30   35 35                     12845770 55

### Equal: True

# 1,891,776,700


## Newtonsoft


0000   31 38 39 31 37 37 36 37   30 30                     18917767 00

## Cameronism.Json


0000   31 38 39 31 37 37 36 37   30 30                     18917767 00

### Equal: True

# 747,762,899


## Newtonsoft


0000   37 34 37 37 36 32 38 39   39                        74776289 9

## Cameronism.Json


0000   37 34 37 37 36 32 38 39   39                        74776289 9

### Equal: True

# 995,674,029


## Newtonsoft


0000   39 39 35 36 37 34 30 32   39                        99567402 9

## Cameronism.Json


0000   39 39 35 36 37 34 30 32   39                        99567402 9

### Equal: True

# 2,035,265,777


## Newtonsoft


0000   32 30 33 35 32 36 35 37   37 37                     20352657 77

## Cameronism.Json


0000   32 30 33 35 32 36 35 37   37 37                     20352657 77

### Equal: True

# -275,570,076


## Newtonsoft


0000   2d 32 37 35 35 37 30 30   37 36                     -2755700 76

## Cameronism.Json


0000   2d 32 37 35 35 37 30 30   37 36                     -2755700 76

### Equal: True

# 6,105,667


## Newtonsoft


0000   36 31 30 35 36 36 37                                6105667

## Cameronism.Json


0000   36 31 30 35 36 36 37                                6105667

### Equal: True

# 2,019,279,618


## Newtonsoft


0000   32 30 31 39 32 37 39 36   31 38                     20192796 18

## Cameronism.Json


0000   32 30 31 39 32 37 39 36   31 38                     20192796 18

### Equal: True

# -867,593,137


## Newtonsoft


0000   2d 38 36 37 35 39 33 31   33 37                     -8675931 37

## Cameronism.Json


0000   2d 38 36 37 35 39 33 31   33 37                     -8675931 37

### Equal: True

# 859,056,773


## Newtonsoft


0000   38 35 39 30 35 36 37 37   33                        85905677 3

## Cameronism.Json


0000   38 35 39 30 35 36 37 37   33                        85905677 3

### Equal: True

# 1,955,686,805


## Newtonsoft


0000   31 39 35 35 36 38 36 38   30 35                     19556868 05

## Cameronism.Json


0000   31 39 35 35 36 38 36 38   30 35                     19556868 05

### Equal: True

# -1,912,430,863


## Newtonsoft


0000   2d 31 39 31 32 34 33 30   38 36 33                  -1912430 863

## Cameronism.Json


0000   2d 31 39 31 32 34 33 30   38 36 33                  -1912430 863

### Equal: True

# 717,006,362


## Newtonsoft


0000   37 31 37 30 30 36 33 36   32                        71700636 2

## Cameronism.Json


0000   37 31 37 30 30 36 33 36   32                        71700636 2

### Equal: True

# -1,322,702,786


## Newtonsoft


0000   2d 31 33 32 32 37 30 32   37 38 36                  -1322702 786

## Cameronism.Json


0000   2d 31 33 32 32 37 30 32   37 38 36                  -1322702 786

### Equal: True

# -1,765,949,866


## Newtonsoft


0000   2d 31 37 36 35 39 34 39   38 36 36                  -1765949 866

## Cameronism.Json


0000   2d 31 37 36 35 39 34 39   38 36 36                  -1765949 866

### Equal: True

# 602,388,286


## Newtonsoft


0000   36 30 32 33 38 38 32 38   36                        60238828 6

## Cameronism.Json


0000   36 30 32 33 38 38 32 38   36                        60238828 6

### Equal: True

# 1,128,704,643


## Newtonsoft


0000   31 31 32 38 37 30 34 36   34 33                     11287046 43

## Cameronism.Json


0000   31 31 32 38 37 30 34 36   34 33                     11287046 43

### Equal: True

# -530,665,577


## Newtonsoft


0000   2d 35 33 30 36 36 35 35   37 37                     -5306655 77

## Cameronism.Json


0000   2d 35 33 30 36 36 35 35   37 37                     -5306655 77

### Equal: True

# 1,426,824,281


## Newtonsoft


0000   31 34 32 36 38 32 34 32   38 31                     14268242 81

## Cameronism.Json


0000   31 34 32 36 38 32 34 32   38 31                     14268242 81

### Equal: True

# -595,121,422


## Newtonsoft


0000   2d 35 39 35 31 32 31 34   32 32                     -5951214 22

## Cameronism.Json


0000   2d 35 39 35 31 32 31 34   32 32                     -5951214 22

### Equal: True

# -1,790,179,539


## Newtonsoft


0000   2d 31 37 39 30 31 37 39   35 33 39                  -1790179 539

## Cameronism.Json


0000   2d 31 37 39 30 31 37 39   35 33 39                  -1790179 539

### Equal: True

# 175,748,129


## Newtonsoft


0000   31 37 35 37 34 38 31 32   39                        17574812 9

## Cameronism.Json


0000   31 37 35 37 34 38 31 32   39                        17574812 9

### Equal: True

# -1,729,023,574


## Newtonsoft


0000   2d 31 37 32 39 30 32 33   35 37 34                  -1729023 574

## Cameronism.Json


0000   2d 31 37 32 39 30 32 33   35 37 34                  -1729023 574

### Equal: True

# -1,672,447,294


## Newtonsoft


0000   2d 31 36 37 32 34 34 37   32 39 34                  -1672447 294

## Cameronism.Json


0000   2d 31 36 37 32 34 34 37   32 39 34                  -1672447 294

### Equal: True

# 2,025,281,631


## Newtonsoft


0000   32 30 32 35 32 38 31 36   33 31                     20252816 31

## Cameronism.Json


0000   32 30 32 35 32 38 31 36   33 31                     20252816 31

### Equal: True

# -1,912,900,727


## Newtonsoft


0000   2d 31 39 31 32 39 30 30   37 32 37                  -1912900 727

## Cameronism.Json


0000   2d 31 39 31 32 39 30 30   37 32 37                  -1912900 727

### Equal: True

# -335,396,595


## Newtonsoft


0000   2d 33 33 35 33 39 36 35   39 35                     -3353965 95

## Cameronism.Json


0000   2d 33 33 35 33 39 36 35   39 35                     -3353965 95

### Equal: True

# -453,634,489


## Newtonsoft


0000   2d 34 35 33 36 33 34 34   38 39                     -4536344 89

## Cameronism.Json


0000   2d 34 35 33 36 33 34 34   38 39                     -4536344 89

### Equal: True

# 1,075,676,732


## Newtonsoft


0000   31 30 37 35 36 37 36 37   33 32                     10756767 32

## Cameronism.Json


0000   31 30 37 35 36 37 36 37   33 32                     10756767 32

### Equal: True

# -238,439,570


## Newtonsoft


0000   2d 32 33 38 34 33 39 35   37 30                     -2384395 70

## Cameronism.Json


0000   2d 32 33 38 34 33 39 35   37 30                     -2384395 70

### Equal: True

# 747,037,772


## Newtonsoft


0000   37 34 37 30 33 37 37 37   32                        74703777 2

## Cameronism.Json


0000   37 34 37 30 33 37 37 37   32                        74703777 2

### Equal: True

# -1,547,655,530


## Newtonsoft


0000   2d 31 35 34 37 36 35 35   35 33 30                  -1547655 530

## Cameronism.Json


0000   2d 31 35 34 37 36 35 35   35 33 30                  -1547655 530

### Equal: True

# -1,137,796,504


## Newtonsoft


0000   2d 31 31 33 37 37 39 36   35 30 34                  -1137796 504

## Cameronism.Json


0000   2d 31 31 33 37 37 39 36   35 30 34                  -1137796 504

### Equal: True

# -1,249,276,717


## Newtonsoft


0000   2d 31 32 34 39 32 37 36   37 31 37                  -1249276 717

## Cameronism.Json


0000   2d 31 32 34 39 32 37 36   37 31 37                  -1249276 717

### Equal: True

# 2,007,348,012


## Newtonsoft


0000   32 30 30 37 33 34 38 30   31 32                     20073480 12

## Cameronism.Json


0000   32 30 30 37 33 34 38 30   31 32                     20073480 12

### Equal: True

# -119,578,097


## Newtonsoft


0000   2d 31 31 39 35 37 38 30   39 37                     -1195780 97

## Cameronism.Json


0000   2d 31 31 39 35 37 38 30   39 37                     -1195780 97

### Equal: True

# -673,600,030


## Newtonsoft


0000   2d 36 37 33 36 30 30 30   33 30                     -6736000 30

## Cameronism.Json


0000   2d 36 37 33 36 30 30 30   33 30                     -6736000 30

### Equal: True

# -625,631,809


## Newtonsoft


0000   2d 36 32 35 36 33 31 38   30 39                     -6256318 09

## Cameronism.Json


0000   2d 36 32 35 36 33 31 38   30 39                     -6256318 09

### Equal: True

# -1,894,213,663


## Newtonsoft


0000   2d 31 38 39 34 32 31 33   36 36 33                  -1894213 663

## Cameronism.Json


0000   2d 31 38 39 34 32 31 33   36 36 33                  -1894213 663

### Equal: True

# -789,186,105


## Newtonsoft


0000   2d 37 38 39 31 38 36 31   30 35                     -7891861 05

## Cameronism.Json


0000   2d 37 38 39 31 38 36 31   30 35                     -7891861 05

### Equal: True

# 1,639,406,123


## Newtonsoft


0000   31 36 33 39 34 30 36 31   32 33                     16394061 23

## Cameronism.Json


0000   31 36 33 39 34 30 36 31   32 33                     16394061 23

### Equal: True

# 2,146,060,010


## Newtonsoft


0000   32 31 34 36 30 36 30 30   31 30                     21460600 10

## Cameronism.Json


0000   32 31 34 36 30 36 30 30   31 30                     21460600 10

### Equal: True

# -1,839,431,276


## Newtonsoft


0000   2d 31 38 33 39 34 33 31   32 37 36                  -1839431 276

## Cameronism.Json


0000   2d 31 38 33 39 34 33 31   32 37 36                  -1839431 276

### Equal: True

# 394,069,267


## Newtonsoft


0000   33 39 34 30 36 39 32 36   37                        39406926 7

## Cameronism.Json


0000   33 39 34 30 36 39 32 36   37                        39406926 7

### Equal: True

# -1,273,569,462


## Newtonsoft


0000   2d 31 32 37 33 35 36 39   34 36 32                  -1273569 462

## Cameronism.Json


0000   2d 31 32 37 33 35 36 39   34 36 32                  -1273569 462

### Equal: True

# -831,290,617


## Newtonsoft


0000   2d 38 33 31 32 39 30 36   31 37                     -8312906 17

## Cameronism.Json


0000   2d 38 33 31 32 39 30 36   31 37                     -8312906 17

### Equal: True

# 0


## Newtonsoft


0000   30                                                  0

## Cameronism.Json


0000   30                                                  0

### Equal: True

# -1


## Newtonsoft


0000   2d 31                                               -1

## Cameronism.Json


0000   2d 31                                               -1

### Equal: True

# 1


## Newtonsoft


0000   31                                                  1

## Cameronism.Json


0000   31                                                  1

### Equal: True

# 12


## Newtonsoft


0000   31 32                                               12

## Cameronism.Json


0000   31 32                                               12

### Equal: True

# 123


## Newtonsoft


0000   31 32 33                                            123

## Cameronism.Json


0000   31 32 33                                            123

### Equal: True

# 1,234


## Newtonsoft


0000   31 32 33 34                                         1234

## Cameronism.Json


0000   31 32 33 34                                         1234

### Equal: True

# 12,345


## Newtonsoft


0000   31 32 33 34 35                                      12345

## Cameronism.Json


0000   31 32 33 34 35                                      12345

### Equal: True

# 123,456


## Newtonsoft


0000   31 32 33 34 35 36                                   123456

## Cameronism.Json


0000   31 32 33 34 35 36                                   123456

### Equal: True

# 1,234,567


## Newtonsoft


0000   31 32 33 34 35 36 37                                1234567

## Cameronism.Json


0000   31 32 33 34 35 36 37                                1234567

### Equal: True

# 12,345,678


## Newtonsoft


0000   31 32 33 34 35 36 37 38                             12345678

## Cameronism.Json


0000   31 32 33 34 35 36 37 38                             12345678

### Equal: True

# 123,456,789


## Newtonsoft


0000   31 32 33 34 35 36 37 38   39                        12345678 9

## Cameronism.Json


0000   31 32 33 34 35 36 37 38   39                        12345678 9

### Equal: True

# 1,234,567,890


## Newtonsoft


0000   31 32 33 34 35 36 37 38   39 30                     12345678 90

## Cameronism.Json


0000   31 32 33 34 35 36 37 38   39 30                     12345678 90

### Equal: True

# -2,147,483,648


## Newtonsoft


0000   2d 32 31 34 37 34 38 33   36 34 38                  -2147483 648

## Cameronism.Json


0000   2d 32 31 34 37 34 38 33   36 34 38                  -2147483 648

### Equal: True

# 2,147,483,647


## Newtonsoft


0000   32 31 34 37 34 38 33 36   34 37                     21474836 47

## Cameronism.Json


0000   32 31 34 37 34 38 33 36   34 37                     21474836 47

### Equal: True

# -2,147,483,647


## Newtonsoft


0000   2d 32 31 34 37 34 38 33   36 34 37                  -2147483 647

## Cameronism.Json


0000   2d 32 31 34 37 34 38 33   36 34 37                  -2147483 647

### Equal: True

# 2,147,483,646


## Newtonsoft


0000   32 31 34 37 34 38 33 36   34 36                     21474836 46

## Cameronism.Json


0000   32 31 34 37 34 38 33 36   34 36                     21474836 46

### Equal: True