

# 0


## Newtonsoft


0000   30 2e 30                                            0.0

## UnsafeJson


0000   30 2e 30                                            0.0

### Equal: True

# NaN


## Newtonsoft


0000   22 4e 61 4e 22                                      "NaN"

## UnsafeJson


0000   22 4e 61 4e 22                                      "NaN"

### Equal: True

# Infinity


## Newtonsoft


0000   22 49 6e 66 69 6e 69 74   79 22                     "Infinit y"

## UnsafeJson


0000   22 49 6e 66 69 6e 69 74   79 22                     "Infinit y"

### Equal: True

# -Infinity


## Newtonsoft


0000   22 2d 49 6e 66 69 6e 69   74 79 22                  "-Infini ty"

## UnsafeJson


0000   22 2d 49 6e 66 69 6e 69   74 79 22                  "-Infini ty"

### Equal: True

# 1


## Newtonsoft


0000   31 2e 30                                            1.0

## UnsafeJson


0000   31 2e 30                                            1.0

### Equal: True

# 12


## Newtonsoft


0000   31 32 2e 30                                         12.0

## UnsafeJson


0000   31 32 2e 30                                         12.0

### Equal: True

# 123


## Newtonsoft


0000   31 32 33 2e 30                                      123.0

## UnsafeJson


0000   31 32 33 2e 30                                      123.0

### Equal: True

# 1234


## Newtonsoft


0000   31 32 33 34 2e 30                                   1234.0

## UnsafeJson


0000   31 32 33 34 2e 30                                   1234.0

### Equal: True

# 12345


## Newtonsoft


0000   31 32 33 34 35 2e 30                                12345.0

## UnsafeJson


0000   31 32 33 34 35 2e 30                                12345.0

### Equal: True

# 123456


## Newtonsoft


0000   31 32 33 34 35 36 2e 30                             123456.0

## UnsafeJson


0000   31 32 33 34 35 36 2e 30                             123456.0

### Equal: True

# 1234567


## Newtonsoft


0000   31 32 33 34 35 36 37 2e   30                        1234567. 0

## UnsafeJson


0000   31 32 33 34 35 36 37 2e   30                        1234567. 0

### Equal: True

# 1.234568E+07


## Newtonsoft


0000   31 32 33 34 35 36 37 38   2e 30                     12345678 .0

## UnsafeJson


0000   31 32 33 34 35 36 37 38   2e 30                     12345678 .0

### Equal: True

# 1.234568E+08


## Newtonsoft


0000   31 32 33 34 35 36 37 39   32 2e 30                  12345679 2.0

## UnsafeJson


0000   31 32 33 34 35 36 37 39   32 2e 30                  12345679 2.0

### Equal: True

# 1.234568E+09


## Newtonsoft


0000   31 2e 32 33 34 35 36 38   45 2b 30 39               1.234568 E+09

## UnsafeJson


0000   31 2e 32 33 34 35 36 38   45 2b 30 39               1.234568 E+09

### Equal: True

# -1


## Newtonsoft


0000   2d 31 2e 30                                         -1.0

## UnsafeJson


0000   2d 31 2e 30                                         -1.0

### Equal: True

# -2.147484E+09


## Newtonsoft


0000   2d 32 2e 31 34 37 34 38   33 36 35 45 2b 30 39      -2.14748 365E+09

## UnsafeJson


0000   2d 32 2e 31 34 37 34 38   33 36 35 45 2b 30 39      -2.14748 365E+09

### Equal: True

# 2.147484E+09


## Newtonsoft


0000   32 2e 31 34 37 34 38 33   36 35 45 2b 30 39         2.147483 65E+09

## UnsafeJson


0000   32 2e 31 34 37 34 38 33   36 35 45 2b 30 39         2.147483 65E+09

### Equal: True

# -2.147484E+09


## Newtonsoft


0000   2d 32 2e 31 34 37 34 38   33 36 35 45 2b 30 39      -2.14748 365E+09

## UnsafeJson


0000   2d 32 2e 31 34 37 34 38   33 36 35 45 2b 30 39      -2.14748 365E+09

### Equal: True

# 2.147484E+09


## Newtonsoft


0000   32 2e 31 34 37 34 38 33   36 35 45 2b 30 39         2.147483 65E+09

## UnsafeJson


0000   32 2e 31 34 37 34 38 33   36 35 45 2b 30 39         2.147483 65E+09

### Equal: True

# -3.006459E-25


## Newtonsoft


0000   2d 33 2e 30 30 36 34 35   38 38 36 45 2d 32 35      -3.00645 886E-25

## UnsafeJson


0000   2d 33 2e 30 30 36 34 35   38 38 36 45 2d 32 35      -3.00645 886E-25

### Equal: True

# 0.006256661


## Newtonsoft


0000   30 2e 30 30 36 32 35 36   36 36 31 33 38            0.006256 66138

## UnsafeJson


0000   30 2e 30 30 36 32 35 36   36 36 31 33 38            0.006256 66138

### Equal: True

# 8.715046E+13


## Newtonsoft


0000   38 2e 37 31 35 30 34 36   34 39 45 2b 31 33         8.715046 49E+13

## UnsafeJson


0000   38 2e 37 31 35 30 34 36   34 39 45 2b 31 33         8.715046 49E+13

### Equal: True

# 0.001462398


## Newtonsoft


0000   30 2e 30 30 31 34 36 32   33 39 38 31               0.001462 3981

## UnsafeJson


0000   30 2e 30 30 31 34 36 32   33 39 38 31               0.001462 3981

### Equal: True

# 1.784307E-16


## Newtonsoft


0000   31 2e 37 38 34 33 30 36   35 33 45 2d 31 36         1.784306 53E-16

## UnsafeJson


0000   31 2e 37 38 34 33 30 36   35 33 45 2d 31 36         1.784306 53E-16

### Equal: True

# -5.795772E+07


## Newtonsoft


0000   2d 35 37 39 35 37 37 31   36 2e 30                  -5795771 6.0

## UnsafeJson


0000   2d 35 37 39 35 37 37 31   36 2e 30                  -5795771 6.0

### Equal: True

# 6.94423E-27


## Newtonsoft


0000   36 2e 39 34 34 32 33 45   2d 32 37                  6.94423E -27

## UnsafeJson


0000   36 2e 39 34 34 32 33 45   2d 32 37                  6.94423E -27

### Equal: True

# 5.263176E-06


## Newtonsoft


0000   35 2e 32 36 33 31 37 36   32 36 45 2d 30 36         5.263176 26E-06

## UnsafeJson


0000   35 2e 32 36 33 31 37 36   32 36 45 2d 30 36         5.263176 26E-06

### Equal: True

# 3.251723E-32


## Newtonsoft


0000   33 2e 32 35 31 37 32 32   37 31 45 2d 33 32         3.251722 71E-32

## UnsafeJson


0000   33 2e 32 35 31 37 32 32   37 31 45 2d 33 32         3.251722 71E-32

### Equal: True

# -3.821869E+16


## Newtonsoft


0000   2d 33 2e 38 32 31 38 36   39 33 35 45 2b 31 36      -3.82186 935E+16

## UnsafeJson


0000   2d 33 2e 38 32 31 38 36   39 33 35 45 2b 31 36      -3.82186 935E+16

### Equal: True

# -2.712833E+17


## Newtonsoft


0000   2d 32 2e 37 31 32 38 33   33 45 2b 31 37            -2.71283 3E+17

## UnsafeJson


0000   2d 32 2e 37 31 32 38 33   33 45 2b 31 37            -2.71283 3E+17

### Equal: True

# 1.060155E+28


## Newtonsoft


0000   31 2e 30 36 30 31 35 34   38 37 45 2b 32 38         1.060154 87E+28

## UnsafeJson


0000   31 2e 30 36 30 31 35 34   38 37 45 2b 32 38         1.060154 87E+28

### Equal: True

# -2.291868E+30


## Newtonsoft


0000   2d 32 2e 32 39 31 38 36   38 31 32 45 2b 33 30      -2.29186 812E+30

## UnsafeJson


0000   2d 32 2e 32 39 31 38 36   38 31 32 45 2b 33 30      -2.29186 812E+30

### Equal: True

# 6.002799E-15


## Newtonsoft


0000   36 2e 30 30 32 37 39 39   32 35 45 2d 31 35         6.002799 25E-15

## UnsafeJson


0000   36 2e 30 30 32 37 39 39   32 35 45 2d 31 35         6.002799 25E-15

### Equal: True

# 2.275857E-18


## Newtonsoft


0000   32 2e 32 37 35 38 35 37   31 37 45 2d 31 38         2.275857 17E-18

## UnsafeJson


0000   32 2e 32 37 35 38 35 37   31 37 45 2d 31 38         2.275857 17E-18

### Equal: True

# -1.520148E+38


## Newtonsoft


0000   2d 31 2e 35 32 30 31 34   38 32 34 45 2b 33 38      -1.52014 824E+38

## UnsafeJson


0000   2d 31 2e 35 32 30 31 34   38 32 34 45 2b 33 38      -1.52014 824E+38

### Equal: True

# 5.600245E-23


## Newtonsoft


0000   35 2e 36 30 30 32 34 35   45 2d 32 33               5.600245 E-23

## UnsafeJson


0000   35 2e 36 30 30 32 34 35   45 2d 32 33               5.600245 E-23

### Equal: True

# -1.495484E-14


## Newtonsoft


0000   2d 31 2e 34 39 35 34 38   34 32 37 45 2d 31 34      -1.49548 427E-14

## UnsafeJson


0000   2d 31 2e 34 39 35 34 38   34 32 37 45 2d 31 34      -1.49548 427E-14

### Equal: True

# 4.546163E+21


## Newtonsoft


0000   34 2e 35 34 36 31 36 33   45 2b 32 31               4.546163 E+21

## UnsafeJson


0000   34 2e 35 34 36 31 36 33   45 2b 32 31               4.546163 E+21

### Equal: True

# 1.386536E+25


## Newtonsoft


0000   31 2e 33 38 36 35 33 35   35 37 45 2b 32 35         1.386535 57E+25

## UnsafeJson


0000   31 2e 33 38 36 35 33 35   35 37 45 2b 32 35         1.386535 57E+25

### Equal: True

# -4.197476E+26


## Newtonsoft


0000   2d 34 2e 31 39 37 34 37   36 45 2b 32 36            -4.19747 6E+26

## UnsafeJson


0000   2d 34 2e 31 39 37 34 37   36 45 2b 32 36            -4.19747 6E+26

### Equal: True

# -2.043277E-33


## Newtonsoft


0000   2d 32 2e 30 34 33 32 37   37 31 36 45 2d 33 33      -2.04327 716E-33

## UnsafeJson


0000   2d 32 2e 30 34 33 32 37   37 31 36 45 2d 33 33      -2.04327 716E-33

### Equal: True

# -13376.25


## Newtonsoft


0000   2d 31 33 33 37 36 2e 32   34 37 31                  -13376.2 471

## UnsafeJson


0000   2d 31 33 33 37 36 2e 32   34 37 31                  -13376.2 471

### Equal: True

# -5.701716E+32


## Newtonsoft


0000   2d 35 2e 37 30 31 37 31   36 32 33 45 2b 33 32      -5.70171 623E+32

## UnsafeJson


0000   2d 35 2e 37 30 31 37 31   36 32 33 45 2b 33 32      -5.70171 623E+32

### Equal: True

# 7.585278E-12


## Newtonsoft


0000   37 2e 35 38 35 32 37 38   45 2d 31 32               7.585278 E-12

## UnsafeJson


0000   37 2e 35 38 35 32 37 38   45 2d 31 32               7.585278 E-12

### Equal: True

# -1.089347E-07


## Newtonsoft


0000   2d 31 2e 30 38 39 33 34   37 31 34 45 2d 30 37      -1.08934 714E-07

## UnsafeJson


0000   2d 31 2e 30 38 39 33 34   37 31 34 45 2d 30 37      -1.08934 714E-07

### Equal: True

# -1.606763E-22


## Newtonsoft


0000   2d 31 2e 36 30 36 37 36   32 36 32 45 2d 32 32      -1.60676 262E-22

## UnsafeJson


0000   2d 31 2e 36 30 36 37 36   32 36 32 45 2d 32 32      -1.60676 262E-22

### Equal: True

# 6.125459E-05


## Newtonsoft


0000   36 2e 31 32 35 34 35 39   45 2d 30 35               6.125459 E-05

## UnsafeJson


0000   36 2e 31 32 35 34 35 39   45 2d 30 35               6.125459 E-05

### Equal: True

# 9.266315E+19


## Newtonsoft


0000   39 2e 32 36 36 33 31 35   34 34 45 2b 31 39         9.266315 44E+19

## UnsafeJson


0000   39 2e 32 36 36 33 31 35   34 34 45 2b 31 39         9.266315 44E+19

### Equal: True

# 6.558279E-25


## Newtonsoft


0000   36 2e 35 35 38 32 37 39   34 35 45 2d 32 35         6.558279 45E-25

## UnsafeJson


0000   36 2e 35 35 38 32 37 39   34 35 45 2d 32 35         6.558279 45E-25

### Equal: True

# -1.857154E-36


## Newtonsoft


0000   2d 31 2e 38 35 37 31 35   34 34 34 45 2d 33 36      -1.85715 444E-36

## UnsafeJson


0000   2d 31 2e 38 35 37 31 35   34 34 34 45 2d 33 36      -1.85715 444E-36

### Equal: True

# -2256921


## Newtonsoft


0000   2d 32 32 35 36 39 32 30   2e 35                     -2256920 .5

## UnsafeJson


0000   2d 32 32 35 36 39 32 30   2e 35                     -2256920 .5

### Equal: True

# 7.91647E-07


## Newtonsoft


0000   37 2e 39 31 36 34 37 45   2d 30 37                  7.91647E -07

## UnsafeJson


0000   37 2e 39 31 36 34 37 45   2d 30 37                  7.91647E -07

### Equal: True

# -1.477006E-27


## Newtonsoft


0000   2d 31 2e 34 37 37 30 30   36 45 2d 32 37            -1.47700 6E-27

## UnsafeJson


0000   2d 31 2e 34 37 37 30 30   36 45 2d 32 37            -1.47700 6E-27

### Equal: True

# 4.277664E+31


## Newtonsoft


0000   34 2e 32 37 37 36 36 33   36 45 2b 33 31            4.277663 6E+31

## UnsafeJson


0000   34 2e 32 37 37 36 36 33   36 45 2b 33 31            4.277663 6E+31

### Equal: True

# -2.791945E-34


## Newtonsoft


0000   2d 32 2e 37 39 31 39 34   35 45 2d 33 34            -2.79194 5E-34

## UnsafeJson


0000   2d 32 2e 37 39 31 39 34   35 45 2d 33 34            -2.79194 5E-34

### Equal: True

# -4.153276E+19


## Newtonsoft


0000   2d 34 2e 31 35 33 32 37   36 45 2b 31 39            -4.15327 6E+19

## UnsafeJson


0000   2d 34 2e 31 35 33 32 37   36 45 2b 31 39            -4.15327 6E+19

### Equal: True

# 9.471421E-26


## Newtonsoft


0000   39 2e 34 37 31 34 32 31   34 38 45 2d 32 36         9.471421 48E-26

## UnsafeJson


0000   39 2e 34 37 31 34 32 31   34 38 45 2d 32 36         9.471421 48E-26

### Equal: True

# -2.194228E-38


## Newtonsoft


0000   2d 32 2e 31 39 34 32 32   38 31 45 2d 33 38         -2.19422 81E-38

## UnsafeJson


0000   2d 32 2e 31 39 34 32 32   38 31 45 2d 33 38         -2.19422 81E-38

### Equal: True

# 1.816202E-16


## Newtonsoft


0000   31 2e 38 31 36 32 30 32   45 2d 31 36               1.816202 E-16

## UnsafeJson


0000   31 2e 38 31 36 32 30 32   45 2d 31 36               1.816202 E-16

### Equal: True

# 5.765727E+08


## Newtonsoft


0000   35 37 36 35 37 32 37 33   36 2e 30                  57657273 6.0

## UnsafeJson


0000   35 37 36 35 37 32 37 33   36 2e 30                  57657273 6.0

### Equal: True

# -1.345011E-12


## Newtonsoft


0000   2d 31 2e 33 34 35 30 31   30 39 31 45 2d 31 32      -1.34501 091E-12

## UnsafeJson


0000   2d 31 2e 33 34 35 30 31   30 39 31 45 2d 31 32      -1.34501 091E-12

### Equal: True

# 2.746088E-28


## Newtonsoft


0000   32 2e 37 34 36 30 38 38   31 37 45 2d 32 38         2.746088 17E-28

## UnsafeJson


0000   32 2e 37 34 36 30 38 38   31 37 45 2d 32 38         2.746088 17E-28

### Equal: True

# -1.126578E-09


## Newtonsoft


0000   2d 31 2e 31 32 36 35 37   38 31 36 45 2d 30 39      -1.12657 816E-09

## UnsafeJson


0000   2d 31 2e 31 32 36 35 37   38 31 36 45 2d 30 39      -1.12657 816E-09

### Equal: True

# 538964.3


## Newtonsoft


0000   35 33 38 39 36 34 2e 32   35                        538964.2 5

## UnsafeJson


0000   35 33 38 39 36 34 2e 32   35                        538964.2 5

### Equal: True

# 2.116655E-28


## Newtonsoft


0000   32 2e 31 31 36 36 35 34   35 35 45 2d 32 38         2.116654 55E-28

## UnsafeJson


0000   32 2e 31 31 36 36 35 34   35 35 45 2d 32 38         2.116654 55E-28

### Equal: True

# -1.088138E-31


## Newtonsoft


0000   2d 31 2e 30 38 38 31 33   38 45 2d 33 31            -1.08813 8E-31

## UnsafeJson


0000   2d 31 2e 30 38 38 31 33   38 45 2d 33 31            -1.08813 8E-31

### Equal: True

# 1.008786E+08


## Newtonsoft


0000   31 30 30 38 37 38 35 35   32 2e 30                  10087855 2.0

## UnsafeJson


0000   31 30 30 38 37 38 35 35   32 2e 30                  10087855 2.0

### Equal: True

# 9.02204E-36


## Newtonsoft


0000   39 2e 30 32 32 30 34 45   2d 33 36                  9.02204E -36

## UnsafeJson


0000   39 2e 30 32 32 30 34 45   2d 33 36                  9.02204E -36

### Equal: True

# 2.155267E-07


## Newtonsoft


0000   32 2e 31 35 35 32 36 36   35 34 45 2d 30 37         2.155266 54E-07

## UnsafeJson


0000   32 2e 31 35 35 32 36 36   35 34 45 2d 30 37         2.155266 54E-07

### Equal: True

# 2.092062E-06


## Newtonsoft


0000   32 2e 30 39 32 30 36 32   45 2d 30 36               2.092062 E-06

## UnsafeJson


0000   32 2e 30 39 32 30 36 32   45 2d 30 36               2.092062 E-06

### Equal: True

# 4.371389E+10


## Newtonsoft


0000   34 2e 33 37 31 33 38 39   32 34 45 2b 31 30         4.371389 24E+10

## UnsafeJson


0000   34 2e 33 37 31 33 38 39   32 34 45 2b 31 30         4.371389 24E+10

### Equal: True

# 0.01148947


## Newtonsoft


0000   30 2e 30 31 31 34 38 39   34 37                     0.011489 47

## UnsafeJson


0000   30 2e 30 31 31 34 38 39   34 37                     0.011489 47

### Equal: True

# 1.887633E-31


## Newtonsoft


0000   31 2e 38 38 37 36 33 33   32 38 45 2d 33 31         1.887633 28E-31

## UnsafeJson


0000   31 2e 38 38 37 36 33 33   32 38 45 2d 33 31         1.887633 28E-31

### Equal: True

# -1.060529E+20


## Newtonsoft


0000   2d 31 2e 30 36 30 35 32   38 38 34 45 2b 32 30      -1.06052 884E+20

## UnsafeJson


0000   2d 31 2e 30 36 30 35 32   38 38 34 45 2b 32 30      -1.06052 884E+20

### Equal: True

# 8.715892E+25


## Newtonsoft


0000   38 2e 37 31 35 38 39 32   45 2b 32 35               8.715892 E+25

## UnsafeJson


0000   38 2e 37 31 35 38 39 32   45 2b 32 35               8.715892 E+25

### Equal: True

# 7.332622E-28


## Newtonsoft


0000   37 2e 33 33 32 36 32 32   34 35 45 2d 32 38         7.332622 45E-28

## UnsafeJson


0000   37 2e 33 33 32 36 32 32   34 35 45 2d 32 38         7.332622 45E-28

### Equal: True

# -7.546186E+14


## Newtonsoft


0000   2d 37 2e 35 34 36 31 38   36 34 45 2b 31 34         -7.54618 64E+14

## UnsafeJson


0000   2d 37 2e 35 34 36 31 38   36 34 45 2b 31 34         -7.54618 64E+14

### Equal: True

# 7858071


## Newtonsoft


0000   37 38 35 38 30 37 30 2e   35                        7858070. 5

## UnsafeJson


0000   37 38 35 38 30 37 30 2e   35                        7858070. 5

### Equal: True

# -0.186829


## Newtonsoft


0000   2d 30 2e 31 38 36 38 32   39 30 33 31               -0.18682 9031

## UnsafeJson


0000   2d 30 2e 31 38 36 38 32   39 30 33 31               -0.18682 9031

### Equal: True

# -2.06867E+17


## Newtonsoft


0000   2d 32 2e 30 36 38 36 37   30 31 34 45 2b 31 37      -2.06867 014E+17

## UnsafeJson


0000   2d 32 2e 30 36 38 36 37   30 31 34 45 2b 31 37      -2.06867 014E+17

### Equal: True

# -1.595894E-18


## Newtonsoft


0000   2d 31 2e 35 39 35 38 39   34 45 2d 31 38            -1.59589 4E-18

## UnsafeJson


0000   2d 31 2e 35 39 35 38 39   34 45 2d 31 38            -1.59589 4E-18

### Equal: True

# -2.854169E-32


## Newtonsoft


0000   2d 32 2e 38 35 34 31 36   39 45 2d 33 32            -2.85416 9E-32

## UnsafeJson


0000   2d 32 2e 38 35 34 31 36   39 45 2d 33 32            -2.85416 9E-32

### Equal: True

# 2.748093E-14


## Newtonsoft


0000   32 2e 37 34 38 30 39 32   36 39 45 2d 31 34         2.748092 69E-14

## UnsafeJson


0000   32 2e 37 34 38 30 39 32   36 39 45 2d 31 34         2.748092 69E-14

### Equal: True

# 5.759693E+29


## Newtonsoft


0000   35 2e 37 35 39 36 39 33   32 32 45 2b 32 39         5.759693 22E+29

## UnsafeJson


0000   35 2e 37 35 39 36 39 33   32 32 45 2b 32 39         5.759693 22E+29

### Equal: True

# -5.814384


## Newtonsoft


0000   2d 35 2e 38 31 34 33 38   34                        -5.81438 4

## UnsafeJson


0000   2d 35 2e 38 31 34 33 38   34                        -5.81438 4

### Equal: True

# -1.131155E-28


## Newtonsoft


0000   2d 31 2e 31 33 31 31 35   34 38 37 45 2d 32 38      -1.13115 487E-28

## UnsafeJson


0000   2d 31 2e 31 33 31 31 35   34 38 37 45 2d 32 38      -1.13115 487E-28

### Equal: True

# -4.06861E-19


## Newtonsoft


0000   2d 34 2e 30 36 38 36 30   39 38 35 45 2d 31 39      -4.06860 985E-19

## UnsafeJson


0000   2d 34 2e 30 36 38 36 30   39 38 35 45 2d 31 39      -4.06860 985E-19

### Equal: True

# -7.162124E-38


## Newtonsoft


0000   2d 37 2e 31 36 32 31 32   34 34 35 45 2d 33 38      -7.16212 445E-38

## UnsafeJson


0000   2d 37 2e 31 36 32 31 32   34 34 35 45 2d 33 38      -7.16212 445E-38

### Equal: True

# -781119.6


## Newtonsoft


0000   2d 37 38 31 31 31 39 2e   36                        -781119. 6

## UnsafeJson


0000   2d 37 38 31 31 31 39 2e   36                        -781119. 6

### Equal: True

# 2.475983E+22


## Newtonsoft


0000   32 2e 34 37 35 39 38 33   45 2b 32 32               2.475983 E+22

## UnsafeJson


0000   32 2e 34 37 35 39 38 33   45 2b 32 32               2.475983 E+22

### Equal: True

# -2.270726E-15


## Newtonsoft


0000   2d 32 2e 32 37 30 37 32   36 45 2d 31 35            -2.27072 6E-15

## UnsafeJson


0000   2d 32 2e 32 37 30 37 32   36 45 2d 31 35            -2.27072 6E-15

### Equal: True

# 3.190364E+35


## Newtonsoft


0000   33 2e 31 39 30 33 36 34   32 45 2b 33 35            3.190364 2E+35

## UnsafeJson


0000   33 2e 31 39 30 33 36 34   32 45 2b 33 35            3.190364 2E+35

### Equal: True

# 2.549084E-30


## Newtonsoft


0000   32 2e 35 34 39 30 38 34   45 2d 33 30               2.549084 E-30

## UnsafeJson


0000   32 2e 35 34 39 30 38 34   45 2d 33 30               2.549084 E-30

### Equal: True

# -412600


## Newtonsoft


0000   2d 34 31 32 36 30 30 2e   30 33 31                  -412600. 031

## UnsafeJson


0000   2d 34 31 32 36 30 30 2e   30 33 31                  -412600. 031

### Equal: True

# 1.06526


## Newtonsoft


0000   31 2e 30 36 35 32 36 30   34 31                     1.065260 41

## UnsafeJson


0000   31 2e 30 36 35 32 36 30   34 31                     1.065260 41

### Equal: True

# -0.006422431


## Newtonsoft


0000   2d 30 2e 30 30 36 34 32   32 34 33 30 37 34         -0.00642 243074

## UnsafeJson


0000   2d 30 2e 30 30 36 34 32   32 34 33 30 37 34         -0.00642 243074

### Equal: True

# 5.911067E-19


## Newtonsoft


0000   35 2e 39 31 31 30 36 37   33 45 2d 31 39            5.911067 3E-19

## UnsafeJson


0000   35 2e 39 31 31 30 36 37   33 45 2d 31 39            5.911067 3E-19

### Equal: True

# -2.776919E-14


## Newtonsoft


0000   2d 32 2e 37 37 36 39 31   38 37 34 45 2d 31 34      -2.77691 874E-14

## UnsafeJson


0000   2d 32 2e 37 37 36 39 31   38 37 34 45 2d 31 34      -2.77691 874E-14

### Equal: True

# 1.515932E+31


## Newtonsoft


0000   31 2e 35 31 35 39 33 32   45 2b 33 31               1.515932 E+31

## UnsafeJson


0000   31 2e 35 31 35 39 33 32   45 2b 33 31               1.515932 E+31

### Equal: True

# 4.002981E+11


## Newtonsoft


0000   34 2e 30 30 32 39 38 30   38 32 45 2b 31 31         4.002980 82E+11

## UnsafeJson


0000   34 2e 30 30 32 39 38 30   38 32 45 2b 31 31         4.002980 82E+11

### Equal: True

# -5.605179E+25


## Newtonsoft


0000   2d 35 2e 36 30 35 31 37   39 45 2b 32 35            -5.60517 9E+25

## UnsafeJson


0000   2d 35 2e 36 30 35 31 37   39 45 2b 32 35            -5.60517 9E+25

### Equal: True

# -1.878629E-37


## Newtonsoft


0000   2d 31 2e 38 37 38 36 32   38 39 33 45 2d 33 37      -1.87862 893E-37

## UnsafeJson


0000   2d 31 2e 38 37 38 36 32   38 39 33 45 2d 33 37      -1.87862 893E-37

### Equal: True

# 1.765705E-22


## Newtonsoft


0000   31 2e 37 36 35 37 30 34   37 31 45 2d 32 32         1.765704 71E-22

## UnsafeJson


0000   31 2e 37 36 35 37 30 34   37 31 45 2d 32 32         1.765704 71E-22

### Equal: True

# 5.004558E-31


## Newtonsoft


0000   35 2e 30 30 34 35 35 38   45 2d 33 31               5.004558 E-31

## UnsafeJson


0000   35 2e 30 30 34 35 35 38   45 2d 33 31               5.004558 E-31

### Equal: True

# 5.243613E+20


## Newtonsoft


0000   35 2e 32 34 33 36 31 33   45 2b 32 30               5.243613 E+20

## UnsafeJson


0000   35 2e 32 34 33 36 31 33   45 2b 32 30               5.243613 E+20

### Equal: True

# 154958.4


## Newtonsoft


0000   31 35 34 39 35 38 2e 33   35 39                     154958.3 59

## UnsafeJson


0000   31 35 34 39 35 38 2e 33   35 39                     154958.3 59

### Equal: True

# -2.942495E-13


## Newtonsoft


0000   2d 32 2e 39 34 32 34 39   35 34 32 45 2d 31 33      -2.94249 542E-13

## UnsafeJson


0000   2d 32 2e 39 34 32 34 39   35 34 32 45 2d 31 33      -2.94249 542E-13

### Equal: True

# 2.085133E-31


## Newtonsoft


0000   32 2e 30 38 35 31 33 33   45 2d 33 31               2.085133 E-31

## UnsafeJson


0000   32 2e 30 38 35 31 33 33   45 2d 33 31               2.085133 E-31

### Equal: True

# -1.785376E+07


## Newtonsoft


0000   2d 31 37 38 35 33 37 35   38 2e 30                  -1785375 8.0

## UnsafeJson


0000   2d 31 37 38 35 33 37 35   38 2e 30                  -1785375 8.0

### Equal: True

# 7.193776E-30


## Newtonsoft


0000   37 2e 31 39 33 37 37 36   34 31 45 2d 33 30         7.193776 41E-30

## UnsafeJson


0000   37 2e 31 39 33 37 37 36   34 31 45 2d 33 30         7.193776 41E-30

### Equal: True

# -3.533385E+27


## Newtonsoft


0000   2d 33 2e 35 33 33 33 38   35 45 2b 32 37            -3.53338 5E+27

## UnsafeJson


0000   2d 33 2e 35 33 33 33 38   35 45 2b 32 37            -3.53338 5E+27

### Equal: True

# 9.814843E-39


## Newtonsoft


0000   39 2e 38 31 34 38 34 33   45 2d 33 39               9.814843 E-39

## UnsafeJson


0000   39 2e 38 31 34 38 34 33   45 2d 33 39               9.814843 E-39

### Equal: True

# -5.847506E+15


## Newtonsoft


0000   2d 35 2e 38 34 37 35 30   35 36 33 45 2b 31 35      -5.84750 563E+15

## UnsafeJson


0000   2d 35 2e 38 34 37 35 30   35 36 33 45 2b 31 35      -5.84750 563E+15

### Equal: True

# 1.718736E+21


## Newtonsoft


0000   31 2e 37 31 38 37 33 36   33 31 45 2b 32 31         1.718736 31E+21

## UnsafeJson


0000   31 2e 37 31 38 37 33 36   33 31 45 2b 32 31         1.718736 31E+21

### Equal: True

# 1.774325E-36


## Newtonsoft


0000   31 2e 37 37 34 33 32 34   35 36 45 2d 33 36         1.774324 56E-36

## UnsafeJson


0000   31 2e 37 37 34 33 32 34   35 36 45 2d 33 36         1.774324 56E-36

### Equal: True

# -4.116281E-26


## Newtonsoft


0000   2d 34 2e 31 31 36 32 38   30 38 33 45 2d 32 36      -4.11628 083E-26

## UnsafeJson


0000   2d 34 2e 31 31 36 32 38   30 38 33 45 2d 32 36      -4.11628 083E-26

### Equal: True

# 1.890457E-34


## Newtonsoft


0000   31 2e 38 39 30 34 35 37   33 34 45 2d 33 34         1.890457 34E-34

## UnsafeJson


0000   31 2e 38 39 30 34 35 37   33 34 45 2d 33 34         1.890457 34E-34

### Equal: True

# -3.118818E+22


## Newtonsoft


0000   2d 33 2e 31 31 38 38 31   38 31 38 45 2b 32 32      -3.11881 818E+22

## UnsafeJson


0000   2d 33 2e 31 31 38 38 31   38 31 38 45 2b 32 32      -3.11881 818E+22

### Equal: True

# -2.838914E+26


## Newtonsoft


0000   2d 32 2e 38 33 38 39 31   33 37 45 2b 32 36         -2.83891 37E+26

## UnsafeJson


0000   2d 32 2e 38 33 38 39 31   33 37 45 2b 32 36         -2.83891 37E+26

### Equal: True

# -8.022979E+31


## Newtonsoft


0000   2d 38 2e 30 32 32 39 37   39 45 2b 33 31            -8.02297 9E+31

## UnsafeJson


0000   2d 38 2e 30 32 32 39 37   39 45 2b 33 31            -8.02297 9E+31

### Equal: True

# 1.159721E-35


## Newtonsoft


0000   31 2e 31 35 39 37 32 31   32 35 45 2d 33 35         1.159721 25E-35

## UnsafeJson


0000   31 2e 31 35 39 37 32 31   32 35 45 2d 33 35         1.159721 25E-35

### Equal: True

# 17495.34


## Newtonsoft


0000   31 37 34 39 35 2e 33 34                             17495.34

## UnsafeJson


0000   31 37 34 39 35 2e 33 34                             17495.34

### Equal: True

# 60709.48


## Newtonsoft


0000   36 30 37 30 39 2e 34 38                             60709.48

## UnsafeJson


0000   36 30 37 30 39 2e 34 38                             60709.48

### Equal: True

# 6.913146E-18


## Newtonsoft


0000   36 2e 39 31 33 31 34 36   32 35 45 2d 31 38         6.913146 25E-18

## UnsafeJson


0000   36 2e 39 31 33 31 34 36   32 35 45 2d 31 38         6.913146 25E-18

### Equal: True

# -3.741457E-37


## Newtonsoft


0000   2d 33 2e 37 34 31 34 35   37 45 2d 33 37            -3.74145 7E-37

## UnsafeJson


0000   2d 33 2e 37 34 31 34 35   37 45 2d 33 37            -3.74145 7E-37

### Equal: True

# -7.223068E+17


## Newtonsoft


0000   2d 37 2e 32 32 33 30 36   38 45 2b 31 37            -7.22306 8E+17

## UnsafeJson


0000   2d 37 2e 32 32 33 30 36   38 45 2b 31 37            -7.22306 8E+17

### Equal: True

# -2.378426E-10


## Newtonsoft


0000   2d 32 2e 33 37 38 34 32   35 37 39 45 2d 31 30      -2.37842 579E-10

## UnsafeJson


0000   2d 32 2e 33 37 38 34 32   35 37 39 45 2d 31 30      -2.37842 579E-10

### Equal: True

# 1.851547E-07


## Newtonsoft


0000   31 2e 38 35 31 35 34 36   37 36 45 2d 30 37         1.851546 76E-07

## UnsafeJson


0000   31 2e 38 35 31 35 34 36   37 36 45 2d 30 37         1.851546 76E-07

### Equal: True

# 1.21576E+26


## Newtonsoft


0000   31 2e 32 31 35 37 36 30   32 35 45 2b 32 36         1.215760 25E+26

## UnsafeJson


0000   31 2e 32 31 35 37 36 30   32 35 45 2b 32 36         1.215760 25E+26

### Equal: True

# 7.195967


## Newtonsoft


0000   37 2e 31 39 35 39 36 37                             7.195967

## UnsafeJson


0000   37 2e 31 39 35 39 36 37                             7.195967

### Equal: True

# -0.0002655144


## Newtonsoft


0000   2d 30 2e 30 30 30 32 36   35 35 31 34 34 34 39      -0.00026 5514449

## UnsafeJson


0000   2d 30 2e 30 30 30 32 36   35 35 31 34 34 34 39      -0.00026 5514449

### Equal: True

# 2401018


## Newtonsoft


0000   32 34 30 31 30 31 38 2e   32 35                     2401018. 25

## UnsafeJson


0000   32 34 30 31 30 31 38 2e   32 35                     2401018. 25

### Equal: True

# 3.616032E+35


## Newtonsoft


0000   33 2e 36 31 36 30 33 32   45 2b 33 35               3.616032 E+35

## UnsafeJson


0000   33 2e 36 31 36 30 33 32   45 2b 33 35               3.616032 E+35

### Equal: True

# -5.101069E+15


## Newtonsoft


0000   2d 35 2e 31 30 31 30 36   39 33 31 45 2b 31 35      -5.10106 931E+15

## UnsafeJson


0000   2d 35 2e 31 30 31 30 36   39 33 31 45 2b 31 35      -5.10106 931E+15

### Equal: True

# -1.620925E+27


## Newtonsoft


0000   2d 31 2e 36 32 30 39 32   34 35 35 45 2b 32 37      -1.62092 455E+27

## UnsafeJson


0000   2d 31 2e 36 32 30 39 32   34 35 35 45 2b 32 37      -1.62092 455E+27

### Equal: True

# -3.081545E-12


## Newtonsoft


0000   2d 33 2e 30 38 31 35 34   34 35 37 45 2d 31 32      -3.08154 457E-12

## UnsafeJson


0000   2d 33 2e 30 38 31 35 34   34 35 37 45 2d 31 32      -3.08154 457E-12

### Equal: True

# -1.544119E-09


## Newtonsoft


0000   2d 31 2e 35 34 34 31 31   39 33 39 45 2d 30 39      -1.54411 939E-09

## UnsafeJson


0000   2d 31 2e 35 34 34 31 31   39 33 39 45 2d 30 39      -1.54411 939E-09

### Equal: True

# 3.252194E-22


## Newtonsoft


0000   33 2e 32 35 32 31 39 33   38 31 45 2d 32 32         3.252193 81E-22

## UnsafeJson


0000   33 2e 32 35 32 31 39 33   38 31 45 2d 32 32         3.252193 81E-22

### Equal: True

# 3.542392E-10


## Newtonsoft


0000   33 2e 35 34 32 33 39 31   36 36 45 2d 31 30         3.542391 66E-10

## UnsafeJson


0000   33 2e 35 34 32 33 39 31   36 36 45 2d 31 30         3.542391 66E-10

### Equal: True

# -5.24857E+11


## Newtonsoft


0000   2d 35 2e 32 34 38 35 37   30 34 39 45 2b 31 31      -5.24857 049E+11

## UnsafeJson


0000   2d 35 2e 32 34 38 35 37   30 34 39 45 2b 31 31      -5.24857 049E+11

### Equal: True

# -1.521127E-15


## Newtonsoft


0000   2d 31 2e 35 32 31 31 32   37 30 37 45 2d 31 35      -1.52112 707E-15

## UnsafeJson


0000   2d 31 2e 35 32 31 31 32   37 30 37 45 2d 31 35      -1.52112 707E-15

### Equal: True

# 2.794794E+33


## Newtonsoft


0000   32 2e 37 39 34 37 39 34   31 37 45 2b 33 33         2.794794 17E+33

## UnsafeJson


0000   32 2e 37 39 34 37 39 34   31 37 45 2b 33 33         2.794794 17E+33

### Equal: True

# -1839.486


## Newtonsoft


0000   2d 31 38 33 39 2e 34 38   36 33 33                  -1839.48 633

## UnsafeJson


0000   2d 31 38 33 39 2e 34 38   36 33 33                  -1839.48 633

### Equal: True

# -1.758787E+23


## Newtonsoft


0000   2d 31 2e 37 35 38 37 38   37 45 2b 32 33            -1.75878 7E+23

## UnsafeJson


0000   2d 31 2e 37 35 38 37 38   37 45 2b 32 33            -1.75878 7E+23

### Equal: True

# -1.585245E-09


## Newtonsoft


0000   2d 31 2e 35 38 35 32 34   35 32 37 45 2d 30 39      -1.58524 527E-09

## UnsafeJson


0000   2d 31 2e 35 38 35 32 34   35 32 37 45 2d 30 39      -1.58524 527E-09

### Equal: True

# 0.1322087


## Newtonsoft


0000   30 2e 31 33 32 32 30 38   36 39                     0.132208 69

## UnsafeJson


0000   30 2e 31 33 32 32 30 38   36 39                     0.132208 69

### Equal: True

# 1.851451E+27


## Newtonsoft


0000   31 2e 38 35 31 34 35 31   34 35 45 2b 32 37         1.851451 45E+27

## UnsafeJson


0000   31 2e 38 35 31 34 35 31   34 35 45 2b 32 37         1.851451 45E+27

### Equal: True