

# 0


## Newtonsoft


0000   30                                                  0

## UnsafeJson


0000   30                                                  0

### Equal: True

# 1


## Newtonsoft


0000   31                                                  1

## UnsafeJson


0000   31                                                  1

### Equal: True

# 12


## Newtonsoft


0000   31 32                                               12

## UnsafeJson


0000   31 32                                               12

### Equal: True

# 123


## Newtonsoft


0000   31 32 33                                            123

## UnsafeJson


0000   31 32 33                                            123

### Equal: True

# 1,234


## Newtonsoft


0000   31 32 33 34                                         1234

## UnsafeJson


0000   31 32 33 34                                         1234

### Equal: True

# 12,345


## Newtonsoft


0000   31 32 33 34 35                                      12345

## UnsafeJson


0000   31 32 33 34 35                                      12345

### Equal: True

# 123,456


## Newtonsoft


0000   31 32 33 34 35 36                                   123456

## UnsafeJson


0000   31 32 33 34 35 36                                   123456

### Equal: True

# 1,234,567


## Newtonsoft


0000   31 32 33 34 35 36 37                                1234567

## UnsafeJson


0000   31 32 33 34 35 36 37                                1234567

### Equal: True

# 12,345,678


## Newtonsoft


0000   31 32 33 34 35 36 37 38                             12345678

## UnsafeJson


0000   31 32 33 34 35 36 37 38                             12345678

### Equal: True

# 123,456,789


## Newtonsoft


0000   31 32 33 34 35 36 37 38   39                        12345678 9

## UnsafeJson


0000   31 32 33 34 35 36 37 38   39                        12345678 9

### Equal: True

# 1,234,567,890


## Newtonsoft


0000   31 32 33 34 35 36 37 38   39 30                     12345678 90

## UnsafeJson


0000   31 32 33 34 35 36 37 38   39 30                     12345678 90

### Equal: True

# 4,294,967,295


## Newtonsoft


0000   34 32 39 34 39 36 37 32   39 35                     42949672 95

## UnsafeJson


0000   34 32 39 34 39 36 37 32   39 35                     42949672 95

### Equal: True

# 2,147,483,648


## Newtonsoft


0000   32 31 34 37 34 38 33 36   34 38                     21474836 48

## UnsafeJson


0000   32 31 34 37 34 38 33 36   34 38                     21474836 48

### Equal: True

# 2,147,483,647


## Newtonsoft


0000   32 31 34 37 34 38 33 36   34 37                     21474836 47

## UnsafeJson


0000   32 31 34 37 34 38 33 36   34 37                     21474836 47

### Equal: True

# 2,147,483,649


## Newtonsoft


0000   32 31 34 37 34 38 33 36   34 39                     21474836 49

## UnsafeJson


0000   32 31 34 37 34 38 33 36   34 39                     21474836 49

### Equal: True

# 2,147,483,646


## Newtonsoft


0000   32 31 34 37 34 38 33 36   34 36                     21474836 46

## UnsafeJson


0000   32 31 34 37 34 38 33 36   34 36                     21474836 46

### Equal: True

# 1,434,747,709


## Newtonsoft


0000   31 34 33 34 37 34 37 37   30 39                     14347477 09

## UnsafeJson


0000   31 34 33 34 37 34 37 37   30 39                     14347477 09

### Equal: True

# 4,025,418,820


## Newtonsoft


0000   34 30 32 35 34 31 38 38   32 30                     40254188 20

## UnsafeJson


0000   34 30 32 35 34 31 38 38   32 30                     40254188 20

### Equal: True

# 3,933,257,552


## Newtonsoft


0000   33 39 33 33 32 35 37 35   35 32                     39332575 52

## UnsafeJson


0000   33 39 33 33 32 35 37 35   35 32                     39332575 52

### Equal: True

# 1,555,655,116


## Newtonsoft


0000   31 35 35 35 36 35 35 31   31 36                     15556551 16

## UnsafeJson


0000   31 35 35 35 36 35 35 31   31 36                     15556551 16

### Equal: True

# 3,922,054,245


## Newtonsoft


0000   33 39 32 32 30 35 34 32   34 35                     39220542 45

## UnsafeJson


0000   33 39 32 32 30 35 34 32   34 35                     39220542 45

### Equal: True

# 3,791,192,416


## Newtonsoft


0000   33 37 39 31 31 39 32 34   31 36                     37911924 16

## UnsafeJson


0000   33 37 39 31 31 39 32 34   31 36                     37911924 16

### Equal: True

# 1,085,775,343


## Newtonsoft


0000   31 30 38 35 37 37 35 33   34 33                     10857753 43

## UnsafeJson


0000   31 30 38 35 37 37 35 33   34 33                     10857753 43

### Equal: True

# 3,476,841,279


## Newtonsoft


0000   33 34 37 36 38 34 31 32   37 39                     34768412 79

## UnsafeJson


0000   33 34 37 36 38 34 31 32   37 39                     34768412 79

### Equal: True

# 1,111,217,774


## Newtonsoft


0000   31 31 31 31 32 31 37 37   37 34                     11112177 74

## UnsafeJson


0000   31 31 31 31 32 31 37 37   37 34                     11112177 74

### Equal: True

# 1,748,346,700


## Newtonsoft


0000   31 37 34 38 33 34 36 37   30 30                     17483467 00

## UnsafeJson


0000   31 37 34 38 33 34 36 37   30 30                     17483467 00

### Equal: True

# 853,561,428


## Newtonsoft


0000   38 35 33 35 36 31 34 32   38                        85356142 8

## UnsafeJson


0000   38 35 33 35 36 31 34 32   38                        85356142 8

### Equal: True

# 4,101,451,937


## Newtonsoft


0000   34 31 30 31 34 35 31 39   33 37                     41014519 37

## UnsafeJson


0000   34 31 30 31 34 35 31 39   33 37                     41014519 37

### Equal: True

# 1,752,737,389


## Newtonsoft


0000   31 37 35 32 37 33 37 33   38 39                     17527373 89

## UnsafeJson


0000   31 37 35 32 37 33 37 33   38 39                     17527373 89

### Equal: True

# 4,200,162,037


## Newtonsoft


0000   34 32 30 30 31 36 32 30   33 37                     42001620 37

## UnsafeJson


0000   34 32 30 30 31 36 32 30   33 37                     42001620 37

### Equal: True

# 3,977,652,391


## Newtonsoft


0000   33 39 37 37 36 35 32 33   39 31                     39776523 91

## UnsafeJson


0000   33 39 37 37 36 35 32 33   39 31                     39776523 91

### Equal: True

# 2,807,642,190


## Newtonsoft


0000   32 38 30 37 36 34 32 31   39 30                     28076421 90

## UnsafeJson


0000   32 38 30 37 36 34 32 31   39 30                     28076421 90

### Equal: True

# 3,894,722,607


## Newtonsoft


0000   33 38 39 34 37 32 32 36   30 37                     38947226 07

## UnsafeJson


0000   33 38 39 34 37 32 32 36   30 37                     38947226 07

### Equal: True

# 661,853,735


## Newtonsoft


0000   36 36 31 38 35 33 37 33   35                        66185373 5

## UnsafeJson


0000   36 36 31 38 35 33 37 33   35                        66185373 5

### Equal: True

# 1,763,223,986


## Newtonsoft


0000   31 37 36 33 32 32 33 39   38 36                     17632239 86

## UnsafeJson


0000   31 37 36 33 32 32 33 39   38 36                     17632239 86

### Equal: True

# 1,150,454,278


## Newtonsoft


0000   31 31 35 30 34 35 34 32   37 38                     11504542 78

## UnsafeJson


0000   31 31 35 30 34 35 34 32   37 38                     11504542 78

### Equal: True

# 2,687,878,736


## Newtonsoft


0000   32 36 38 37 38 37 38 37   33 36                     26878787 36

## UnsafeJson


0000   32 36 38 37 38 37 38 37   33 36                     26878787 36

### Equal: True

# 3,974,736,526


## Newtonsoft


0000   33 39 37 34 37 33 36 35   32 36                     39747365 26

## UnsafeJson


0000   33 39 37 34 37 33 36 35   32 36                     39747365 26

### Equal: True

# 109,541,012


## Newtonsoft


0000   31 30 39 35 34 31 30 31   32                        10954101 2

## UnsafeJson


0000   31 30 39 35 34 31 30 31   32                        10954101 2

### Equal: True

# 2,949,662,453


## Newtonsoft


0000   32 39 34 39 36 36 32 34   35 33                     29496624 53

## UnsafeJson


0000   32 39 34 39 36 36 32 34   35 33                     29496624 53

### Equal: True

# 536,786,790


## Newtonsoft


0000   35 33 36 37 38 36 37 39   30                        53678679 0

## UnsafeJson


0000   35 33 36 37 38 36 37 39   30                        53678679 0

### Equal: True

# 621,925,606


## Newtonsoft


0000   36 32 31 39 32 35 36 30   36                        62192560 6

## UnsafeJson


0000   36 32 31 39 32 35 36 30   36                        62192560 6

### Equal: True

# 3,986,488,817


## Newtonsoft


0000   33 39 38 36 34 38 38 38   31 37                     39864888 17

## UnsafeJson


0000   33 39 38 36 34 38 38 38   31 37                     39864888 17

### Equal: True

# 1,298,281,175


## Newtonsoft


0000   31 32 39 38 32 38 31 31   37 35                     12982811 75

## UnsafeJson


0000   31 32 39 38 32 38 31 31   37 35                     12982811 75

### Equal: True

# 109,080,761


## Newtonsoft


0000   31 30 39 30 38 30 37 36   31                        10908076 1

## UnsafeJson


0000   31 30 39 30 38 30 37 36   31                        10908076 1

### Equal: True

# 2,777,593,303


## Newtonsoft


0000   32 37 37 37 35 39 33 33   30 33                     27775933 03

## UnsafeJson


0000   32 37 37 37 35 39 33 33   30 33                     27775933 03

### Equal: True

# 469,108,218


## Newtonsoft


0000   34 36 39 31 30 38 32 31   38                        46910821 8

## UnsafeJson


0000   34 36 39 31 30 38 32 31   38                        46910821 8

### Equal: True

# 3,510,788,890


## Newtonsoft


0000   33 35 31 30 37 38 38 38   39 30                     35107888 90

## UnsafeJson


0000   33 35 31 30 37 38 38 38   39 30                     35107888 90

### Equal: True

# 147,448,021


## Newtonsoft


0000   31 34 37 34 34 38 30 32   31                        14744802 1

## UnsafeJson


0000   31 34 37 34 34 38 30 32   31                        14744802 1

### Equal: True

# 4,142,618,487


## Newtonsoft


0000   34 31 34 32 36 31 38 34   38 37                     41426184 87

## UnsafeJson


0000   34 31 34 32 36 31 38 34   38 37                     41426184 87

### Equal: True

# 25,841,796


## Newtonsoft


0000   32 35 38 34 31 37 39 36                             25841796

## UnsafeJson


0000   32 35 38 34 31 37 39 36                             25841796

### Equal: True

# 3,351,836,536


## Newtonsoft


0000   33 33 35 31 38 33 36 35   33 36                     33518365 36

## UnsafeJson


0000   33 33 35 31 38 33 36 35   33 36                     33518365 36

### Equal: True

# 3,222,091,343


## Newtonsoft


0000   33 32 32 32 30 39 31 33   34 33                     32220913 43

## UnsafeJson


0000   33 32 32 32 30 39 31 33   34 33                     32220913 43

### Equal: True

# 1,779,915,893


## Newtonsoft


0000   31 37 37 39 39 31 35 38   39 33                     17799158 93

## UnsafeJson


0000   31 37 37 39 39 31 35 38   39 33                     17799158 93

### Equal: True

# 6,601,382


## Newtonsoft


0000   36 36 30 31 33 38 32                                6601382

## UnsafeJson


0000   36 36 30 31 33 38 32                                6601382

### Equal: True

# 1,404,761,654


## Newtonsoft


0000   31 34 30 34 37 36 31 36   35 34                     14047616 54

## UnsafeJson


0000   31 34 30 34 37 36 31 36   35 34                     14047616 54

### Equal: True

# 2,333,210,493


## Newtonsoft


0000   32 33 33 33 32 31 30 34   39 33                     23332104 93

## UnsafeJson


0000   32 33 33 33 32 31 30 34   39 33                     23332104 93

### Equal: True

# 990,406,060


## Newtonsoft


0000   39 39 30 34 30 36 30 36   30                        99040606 0

## UnsafeJson


0000   39 39 30 34 30 36 30 36   30                        99040606 0

### Equal: True

# 1,324,151,474


## Newtonsoft


0000   31 33 32 34 31 35 31 34   37 34                     13241514 74

## UnsafeJson


0000   31 33 32 34 31 35 31 34   37 34                     13241514 74

### Equal: True

# 800,511,528


## Newtonsoft


0000   38 30 30 35 31 31 35 32   38                        80051152 8

## UnsafeJson


0000   38 30 30 35 31 31 35 32   38                        80051152 8

### Equal: True

# 3,356,622,849


## Newtonsoft


0000   33 33 35 36 36 32 32 38   34 39                     33566228 49

## UnsafeJson


0000   33 33 35 36 36 32 32 38   34 39                     33566228 49

### Equal: True

# 3,151,720,877


## Newtonsoft


0000   33 31 35 31 37 32 30 38   37 37                     31517208 77

## UnsafeJson


0000   33 31 35 31 37 32 30 38   37 37                     31517208 77

### Equal: True

# 3,656,364,639


## Newtonsoft


0000   33 36 35 36 33 36 34 36   33 39                     36563646 39

## UnsafeJson


0000   33 36 35 36 33 36 34 36   33 39                     36563646 39

### Equal: True

# 1,260,012,255


## Newtonsoft


0000   31 32 36 30 30 31 32 32   35 35                     12600122 55

## UnsafeJson


0000   31 32 36 30 30 31 32 32   35 35                     12600122 55

### Equal: True

# 41,687,309


## Newtonsoft


0000   34 31 36 38 37 33 30 39                             41687309

## UnsafeJson


0000   34 31 36 38 37 33 30 39                             41687309

### Equal: True

# 2,056,599,300


## Newtonsoft


0000   32 30 35 36 35 39 39 33   30 30                     20565993 00

## UnsafeJson


0000   32 30 35 36 35 39 39 33   30 30                     20565993 00

### Equal: True

# 1,526,216,573


## Newtonsoft


0000   31 35 32 36 32 31 36 35   37 33                     15262165 73

## UnsafeJson


0000   31 35 32 36 32 31 36 35   37 33                     15262165 73

### Equal: True

# 221,497,576


## Newtonsoft


0000   32 32 31 34 39 37 35 37   36                        22149757 6

## UnsafeJson


0000   32 32 31 34 39 37 35 37   36                        22149757 6

### Equal: True

# 3,579,320,857


## Newtonsoft


0000   33 35 37 39 33 32 30 38   35 37                     35793208 57

## UnsafeJson


0000   33 35 37 39 33 32 30 38   35 37                     35793208 57

### Equal: True

# 319,006,785


## Newtonsoft


0000   33 31 39 30 30 36 37 38   35                        31900678 5

## UnsafeJson


0000   33 31 39 30 30 36 37 38   35                        31900678 5

### Equal: True

# 463,127,246


## Newtonsoft


0000   34 36 33 31 32 37 32 34   36                        46312724 6

## UnsafeJson


0000   34 36 33 31 32 37 32 34   36                        46312724 6

### Equal: True

# 3,193,653,118


## Newtonsoft


0000   33 31 39 33 36 35 33 31   31 38                     31936531 18

## UnsafeJson


0000   33 31 39 33 36 35 33 31   31 38                     31936531 18

### Equal: True

# 2,649,515,849


## Newtonsoft


0000   32 36 34 39 35 31 35 38   34 39                     26495158 49

## UnsafeJson


0000   32 36 34 39 35 31 35 38   34 39                     26495158 49

### Equal: True

# 2,759,625,054


## Newtonsoft


0000   32 37 35 39 36 32 35 30   35 34                     27596250 54

## UnsafeJson


0000   32 37 35 39 36 32 35 30   35 34                     27596250 54

### Equal: True

# 3,109,427,443


## Newtonsoft


0000   33 31 30 39 34 32 37 34   34 33                     31094274 43

## UnsafeJson


0000   33 31 30 39 34 32 37 34   34 33                     31094274 43

### Equal: True

# 1,397,651,785


## Newtonsoft


0000   31 33 39 37 36 35 31 37   38 35                     13976517 85

## UnsafeJson


0000   31 33 39 37 36 35 31 37   38 35                     13976517 85

### Equal: True

# 741,756,989


## Newtonsoft


0000   37 34 31 37 35 36 39 38   39                        74175698 9

## UnsafeJson


0000   37 34 31 37 35 36 39 38   39                        74175698 9

### Equal: True

# 4,236,678,369


## Newtonsoft


0000   34 32 33 36 36 37 38 33   36 39                     42366783 69

## UnsafeJson


0000   34 32 33 36 36 37 38 33   36 39                     42366783 69

### Equal: True

# 3,724,931,228


## Newtonsoft


0000   33 37 32 34 39 33 31 32   32 38                     37249312 28

## UnsafeJson


0000   33 37 32 34 39 33 31 32   32 38                     37249312 28

### Equal: True

# 3,830,845,173


## Newtonsoft


0000   33 38 33 30 38 34 35 31   37 33                     38308451 73

## UnsafeJson


0000   33 38 33 30 38 34 35 31   37 33                     38308451 73

### Equal: True

# 906,697,616


## Newtonsoft


0000   39 30 36 36 39 37 36 31   36                        90669761 6

## UnsafeJson


0000   39 30 36 36 39 37 36 31   36                        90669761 6

### Equal: True

# 2,133,492,051


## Newtonsoft


0000   32 31 33 33 34 39 32 30   35 31                     21334920 51

## UnsafeJson


0000   32 31 33 33 34 39 32 30   35 31                     21334920 51

### Equal: True

# 4,067,131,267


## Newtonsoft


0000   34 30 36 37 31 33 31 32   36 37                     40671312 67

## UnsafeJson


0000   34 30 36 37 31 33 31 32   36 37                     40671312 67

### Equal: True

# 3,599,528,212


## Newtonsoft


0000   33 35 39 39 35 32 38 32   31 32                     35995282 12

## UnsafeJson


0000   33 35 39 39 35 32 38 32   31 32                     35995282 12

### Equal: True

# 2,521,515,341


## Newtonsoft


0000   32 35 32 31 35 31 35 33   34 31                     25215153 41

## UnsafeJson


0000   32 35 32 31 35 31 35 33   34 31                     25215153 41

### Equal: True

# 4,204,592,376


## Newtonsoft


0000   34 32 30 34 35 39 32 33   37 36                     42045923 76

## UnsafeJson


0000   34 32 30 34 35 39 32 33   37 36                     42045923 76

### Equal: True

# 2,371,048,066


## Newtonsoft


0000   32 33 37 31 30 34 38 30   36 36                     23710480 66

## UnsafeJson


0000   32 33 37 31 30 34 38 30   36 36                     23710480 66

### Equal: True

# 1,989,041,592


## Newtonsoft


0000   31 39 38 39 30 34 31 35   39 32                     19890415 92

## UnsafeJson


0000   31 39 38 39 30 34 31 35   39 32                     19890415 92

### Equal: True

# 3,694,859,646


## Newtonsoft


0000   33 36 39 34 38 35 39 36   34 36                     36948596 46

## UnsafeJson


0000   33 36 39 34 38 35 39 36   34 36                     36948596 46

### Equal: True

# 2,932,440,558


## Newtonsoft


0000   32 39 33 32 34 34 30 35   35 38                     29324405 58

## UnsafeJson


0000   32 39 33 32 34 34 30 35   35 38                     29324405 58

### Equal: True

# 3,881,987,002


## Newtonsoft


0000   33 38 38 31 39 38 37 30   30 32                     38819870 02

## UnsafeJson


0000   33 38 38 31 39 38 37 30   30 32                     38819870 02

### Equal: True

# 393,086,441


## Newtonsoft


0000   33 39 33 30 38 36 34 34   31                        39308644 1

## UnsafeJson


0000   33 39 33 30 38 36 34 34   31                        39308644 1

### Equal: True

# 3,799,224,279


## Newtonsoft


0000   33 37 39 39 32 32 34 32   37 39                     37992242 79

## UnsafeJson


0000   33 37 39 39 32 32 34 32   37 39                     37992242 79

### Equal: True

# 2,174,484,496


## Newtonsoft


0000   32 31 37 34 34 38 34 34   39 36                     21744844 96

## UnsafeJson


0000   32 31 37 34 34 38 34 34   39 36                     21744844 96

### Equal: True

# 4,004,584,748


## Newtonsoft


0000   34 30 30 34 35 38 34 37   34 38                     40045847 48

## UnsafeJson


0000   34 30 30 34 35 38 34 37   34 38                     40045847 48

### Equal: True

# 400,951,888


## Newtonsoft


0000   34 30 30 39 35 31 38 38   38                        40095188 8

## UnsafeJson


0000   34 30 30 39 35 31 38 38   38                        40095188 8

### Equal: True

# 1,202,562,356


## Newtonsoft


0000   31 32 30 32 35 36 32 33   35 36                     12025623 56

## UnsafeJson


0000   31 32 30 32 35 36 32 33   35 36                     12025623 56

### Equal: True

# 2,764,929,013


## Newtonsoft


0000   32 37 36 34 39 32 39 30   31 33                     27649290 13

## UnsafeJson


0000   32 37 36 34 39 32 39 30   31 33                     27649290 13

### Equal: True

# 1,284,577,055


## Newtonsoft


0000   31 32 38 34 35 37 37 30   35 35                     12845770 55

## UnsafeJson


0000   31 32 38 34 35 37 37 30   35 35                     12845770 55

### Equal: True

# 1,891,776,700


## Newtonsoft


0000   31 38 39 31 37 37 36 37   30 30                     18917767 00

## UnsafeJson


0000   31 38 39 31 37 37 36 37   30 30                     18917767 00

### Equal: True

# 747,762,899


## Newtonsoft


0000   37 34 37 37 36 32 38 39   39                        74776289 9

## UnsafeJson


0000   37 34 37 37 36 32 38 39   39                        74776289 9

### Equal: True

# 995,674,029


## Newtonsoft


0000   39 39 35 36 37 34 30 32   39                        99567402 9

## UnsafeJson


0000   39 39 35 36 37 34 30 32   39                        99567402 9

### Equal: True

# 2,035,265,777


## Newtonsoft


0000   32 30 33 35 32 36 35 37   37 37                     20352657 77

## UnsafeJson


0000   32 30 33 35 32 36 35 37   37 37                     20352657 77

### Equal: True

# 4,019,397,220


## Newtonsoft


0000   34 30 31 39 33 39 37 32   32 30                     40193972 20

## UnsafeJson


0000   34 30 31 39 33 39 37 32   32 30                     40193972 20

### Equal: True

# 6,105,667


## Newtonsoft


0000   36 31 30 35 36 36 37                                6105667

## UnsafeJson


0000   36 31 30 35 36 36 37                                6105667

### Equal: True

# 2,019,279,618


## Newtonsoft


0000   32 30 31 39 32 37 39 36   31 38                     20192796 18

## UnsafeJson


0000   32 30 31 39 32 37 39 36   31 38                     20192796 18

### Equal: True

# 3,427,374,159


## Newtonsoft


0000   33 34 32 37 33 37 34 31   35 39                     34273741 59

## UnsafeJson


0000   33 34 32 37 33 37 34 31   35 39                     34273741 59

### Equal: True

# 859,056,773


## Newtonsoft


0000   38 35 39 30 35 36 37 37   33                        85905677 3

## UnsafeJson


0000   38 35 39 30 35 36 37 37   33                        85905677 3

### Equal: True

# 1,955,686,805


## Newtonsoft


0000   31 39 35 35 36 38 36 38   30 35                     19556868 05

## UnsafeJson


0000   31 39 35 35 36 38 36 38   30 35                     19556868 05

### Equal: True

# 2,382,536,433


## Newtonsoft


0000   32 33 38 32 35 33 36 34   33 33                     23825364 33

## UnsafeJson


0000   32 33 38 32 35 33 36 34   33 33                     23825364 33

### Equal: True

# 717,006,362


## Newtonsoft


0000   37 31 37 30 30 36 33 36   32                        71700636 2

## UnsafeJson


0000   37 31 37 30 30 36 33 36   32                        71700636 2

### Equal: True

# 2,972,264,510


## Newtonsoft


0000   32 39 37 32 32 36 34 35   31 30                     29722645 10

## UnsafeJson


0000   32 39 37 32 32 36 34 35   31 30                     29722645 10

### Equal: True

# 2,529,017,430


## Newtonsoft


0000   32 35 32 39 30 31 37 34   33 30                     25290174 30

## UnsafeJson


0000   32 35 32 39 30 31 37 34   33 30                     25290174 30

### Equal: True

# 602,388,286


## Newtonsoft


0000   36 30 32 33 38 38 32 38   36                        60238828 6

## UnsafeJson


0000   36 30 32 33 38 38 32 38   36                        60238828 6

### Equal: True

# 1,128,704,643


## Newtonsoft


0000   31 31 32 38 37 30 34 36   34 33                     11287046 43

## UnsafeJson


0000   31 31 32 38 37 30 34 36   34 33                     11287046 43

### Equal: True

# 3,764,301,719


## Newtonsoft


0000   33 37 36 34 33 30 31 37   31 39                     37643017 19

## UnsafeJson


0000   33 37 36 34 33 30 31 37   31 39                     37643017 19

### Equal: True

# 1,426,824,281


## Newtonsoft


0000   31 34 32 36 38 32 34 32   38 31                     14268242 81

## UnsafeJson


0000   31 34 32 36 38 32 34 32   38 31                     14268242 81

### Equal: True

# 3,699,845,874


## Newtonsoft


0000   33 36 39 39 38 34 35 38   37 34                     36998458 74

## UnsafeJson


0000   33 36 39 39 38 34 35 38   37 34                     36998458 74

### Equal: True

# 2,504,787,757


## Newtonsoft


0000   32 35 30 34 37 38 37 37   35 37                     25047877 57

## UnsafeJson


0000   32 35 30 34 37 38 37 37   35 37                     25047877 57

### Equal: True

# 175,748,129


## Newtonsoft


0000   31 37 35 37 34 38 31 32   39                        17574812 9

## UnsafeJson


0000   31 37 35 37 34 38 31 32   39                        17574812 9

### Equal: True

# 2,565,943,722


## Newtonsoft


0000   32 35 36 35 39 34 33 37   32 32                     25659437 22

## UnsafeJson


0000   32 35 36 35 39 34 33 37   32 32                     25659437 22

### Equal: True

# 2,622,520,002


## Newtonsoft


0000   32 36 32 32 35 32 30 30   30 32                     26225200 02

## UnsafeJson


0000   32 36 32 32 35 32 30 30   30 32                     26225200 02

### Equal: True

# 2,025,281,631


## Newtonsoft


0000   32 30 32 35 32 38 31 36   33 31                     20252816 31

## UnsafeJson


0000   32 30 32 35 32 38 31 36   33 31                     20252816 31

### Equal: True

# 2,382,066,569


## Newtonsoft


0000   32 33 38 32 30 36 36 35   36 39                     23820665 69

## UnsafeJson


0000   32 33 38 32 30 36 36 35   36 39                     23820665 69

### Equal: True

# 3,959,570,701


## Newtonsoft


0000   33 39 35 39 35 37 30 37   30 31                     39595707 01

## UnsafeJson


0000   33 39 35 39 35 37 30 37   30 31                     39595707 01

### Equal: True

# 3,841,332,807


## Newtonsoft


0000   33 38 34 31 33 33 32 38   30 37                     38413328 07

## UnsafeJson


0000   33 38 34 31 33 33 32 38   30 37                     38413328 07

### Equal: True

# 1,075,676,732


## Newtonsoft


0000   31 30 37 35 36 37 36 37   33 32                     10756767 32

## UnsafeJson


0000   31 30 37 35 36 37 36 37   33 32                     10756767 32

### Equal: True

# 4,056,527,726


## Newtonsoft


0000   34 30 35 36 35 32 37 37   32 36                     40565277 26

## UnsafeJson


0000   34 30 35 36 35 32 37 37   32 36                     40565277 26

### Equal: True

# 747,037,772


## Newtonsoft


0000   37 34 37 30 33 37 37 37   32                        74703777 2

## UnsafeJson


0000   37 34 37 30 33 37 37 37   32                        74703777 2

### Equal: True

# 2,747,311,766


## Newtonsoft


0000   32 37 34 37 33 31 31 37   36 36                     27473117 66

## UnsafeJson


0000   32 37 34 37 33 31 31 37   36 36                     27473117 66

### Equal: True

# 3,157,170,792


## Newtonsoft


0000   33 31 35 37 31 37 30 37   39 32                     31571707 92

## UnsafeJson


0000   33 31 35 37 31 37 30 37   39 32                     31571707 92

### Equal: True

# 3,045,690,579


## Newtonsoft


0000   33 30 34 35 36 39 30 35   37 39                     30456905 79

## UnsafeJson


0000   33 30 34 35 36 39 30 35   37 39                     30456905 79

### Equal: True

# 2,007,348,012


## Newtonsoft


0000   32 30 30 37 33 34 38 30   31 32                     20073480 12

## UnsafeJson


0000   32 30 30 37 33 34 38 30   31 32                     20073480 12

### Equal: True

# 4,175,389,199


## Newtonsoft


0000   34 31 37 35 33 38 39 31   39 39                     41753891 99

## UnsafeJson


0000   34 31 37 35 33 38 39 31   39 39                     41753891 99

### Equal: True

# 3,621,367,266


## Newtonsoft


0000   33 36 32 31 33 36 37 32   36 36                     36213672 66

## UnsafeJson


0000   33 36 32 31 33 36 37 32   36 36                     36213672 66

### Equal: True

# 3,669,335,487


## Newtonsoft


0000   33 36 36 39 33 33 35 34   38 37                     36693354 87

## UnsafeJson


0000   33 36 36 39 33 33 35 34   38 37                     36693354 87

### Equal: True

# 2,400,753,633


## Newtonsoft


0000   32 34 30 30 37 35 33 36   33 33                     24007536 33

## UnsafeJson


0000   32 34 30 30 37 35 33 36   33 33                     24007536 33

### Equal: True

# 3,505,781,191


## Newtonsoft


0000   33 35 30 35 37 38 31 31   39 31                     35057811 91

## UnsafeJson


0000   33 35 30 35 37 38 31 31   39 31                     35057811 91

### Equal: True

# 1,639,406,123


## Newtonsoft


0000   31 36 33 39 34 30 36 31   32 33                     16394061 23

## UnsafeJson


0000   31 36 33 39 34 30 36 31   32 33                     16394061 23

### Equal: True

# 2,146,060,010


## Newtonsoft


0000   32 31 34 36 30 36 30 30   31 30                     21460600 10

## UnsafeJson


0000   32 31 34 36 30 36 30 30   31 30                     21460600 10

### Equal: True

# 2,455,536,020


## Newtonsoft


0000   32 34 35 35 35 33 36 30   32 30                     24555360 20

## UnsafeJson


0000   32 34 35 35 35 33 36 30   32 30                     24555360 20

### Equal: True

# 394,069,267


## Newtonsoft


0000   33 39 34 30 36 39 32 36   37                        39406926 7

## UnsafeJson


0000   33 39 34 30 36 39 32 36   37                        39406926 7

### Equal: True

# 3,021,397,834


## Newtonsoft


0000   33 30 32 31 33 39 37 38   33 34                     30213978 34

## UnsafeJson


0000   33 30 32 31 33 39 37 38   33 34                     30213978 34

### Equal: True

# 3,463,676,679


## Newtonsoft


0000   33 34 36 33 36 37 36 36   37 39                     34636766 79

## UnsafeJson


0000   33 34 36 33 36 37 36 36   37 39                     34636766 79

### Equal: True