

# System.Nullable<System.Int32>


## Newtonsoft 0


0000   31                                                  1

## UnsafeJson 0


0000   31                                                  1

### Equal: True

## Newtonsoft 1


0000   32 31 34 37 34 38 33 36   34 37                     21474836 47

## UnsafeJson 1


0000   32 31 34 37 34 38 33 36   34 37                     21474836 47

### Equal: True

## Newtonsoft 2


0000   6e 75 6c 6c                                         null

## UnsafeJson 2


0000   6e 75 6c 6c                                         null

### Equal: True

# System.Nullable<System.Guid>


## Newtonsoft 0


0000   22 30 30 30 30 30 30 30   30 2d 30 30 30 30 2d 30   "0000000 0-0000-0
0010   30 30 30 2d 30 30 30 30   2d 30 30 30 30 30 30 30   000-0000 -0000000
0020   30 30 30 30 30 22                                   00000"

## UnsafeJson 0


0000   22 30 30 30 30 30 30 30   30 2d 30 30 30 30 2d 30   "0000000 0-0000-0
0010   30 30 30 2d 30 30 30 30   2d 30 30 30 30 30 30 30   000-0000 -0000000
0020   30 30 30 30 30 22                                   00000"

### Equal: True

## Newtonsoft 1


0000   22 34 31 64 30 39 31 62   61 2d 64 36 62 62 2d 34   "41d091b a-d6bb-4
0010   37 39 35 2d 39 36 39 61   2d 32 38 64 31 35 30 39   795-969a -28d1509
0020   64 65 36 62 36 22                                   de6b6"

## UnsafeJson 1


0000   22 34 31 64 30 39 31 62   61 2d 64 36 62 62 2d 34   "41d091b a-d6bb-4
0010   37 39 35 2d 39 36 39 61   2d 32 38 64 31 35 30 39   795-969a -28d1509
0020   64 65 36 62 36 22                                   de6b6"

### Equal: True

## Newtonsoft 2


0000   6e 75 6c 6c                                         null

## UnsafeJson 2


0000   6e 75 6c 6c                                         null

### Equal: True

# System.Nullable<System.DayOfWeek>


## Newtonsoft 0


0000   31                                                  1

## UnsafeJson 0


0000   31                                                  1

### Equal: True

## Newtonsoft 1


0000   35                                                  5

## UnsafeJson 1


0000   35                                                  5

### Equal: True

## Newtonsoft 2


0000   6e 75 6c 6c                                         null

## UnsafeJson 2


0000   6e 75 6c 6c                                         null

### Equal: True

# <>f__AnonymousType0


## Newtonsoft 0


0000   7b 7d                                               {}

## UnsafeJson 0


0000   7b 7d                                               {}

### Equal: True

## Newtonsoft 1


0000   6e 75 6c 6c                                         null

## UnsafeJson 1


0000   6e 75 6c 6c                                         null

### Equal: True

# Tests.CompositesTest+B<System.Int32>


## Newtonsoft 0


0000   7b 22 69 22 3a 31 7d                                {"i":1}

## UnsafeJson 0


0000   7b 22 69 22 3a 31 7d                                {"i":1}

### Equal: True

## Newtonsoft 1


0000   6e 75 6c 6c                                         null

## UnsafeJson 1


0000   6e 75 6c 6c                                         null

### Equal: True

# Tests.CompositesTest+B<System.Int32, System.Int32>


## Newtonsoft 0


0000   7b 22 69 22 3a 31 2c 22   6a 22 3a 32 7d            {"i":1," j":2}

## UnsafeJson 0


0000   7b 22 69 22 3a 31 2c 22   6a 22 3a 32 7d            {"i":1," j":2}

### Equal: True

## Newtonsoft 1


0000   6e 75 6c 6c                                         null

## UnsafeJson 1


0000   6e 75 6c 6c                                         null

### Equal: True

# Tests.CompositesTest+B<System.Nullable<System.Int32>, System.Int32>


## Newtonsoft 0


0000   7b 22 69 22 3a 31 2c 22   6a 22 3a 32 7d            {"i":1," j":2}

## UnsafeJson 0


0000   7b 22 69 22 3a 31 2c 22   6a 22 3a 32 7d            {"i":1," j":2}

### Equal: True

## Newtonsoft 1


0000   7b 22 69 22 3a 6e 75 6c   6c 2c 22 6a 22 3a 32 7d   {"i":nul l,"j":2}

## UnsafeJson 1


0000   7b 22 69 22 3a 6e 75 6c   6c 2c 22 6a 22 3a 32 7d   {"i":nul l,"j":2}

### Equal: True

# Tests.CompositesTest+B<System.Int32, System.Nullable<System.Int32>>


## Newtonsoft 0


0000   7b 22 69 22 3a 32 2c 22   6a 22 3a 31 7d            {"i":2," j":1}

## UnsafeJson 0


0000   7b 22 69 22 3a 32 2c 22   6a 22 3a 31 7d            {"i":2," j":1}

### Equal: True

## Newtonsoft 1


0000   7b 22 69 22 3a 32 2c 22   6a 22 3a 6e 75 6c 6c 7d   {"i":2," j":null}

## UnsafeJson 1


0000   7b 22 69 22 3a 32 2c 22   6a 22 3a 6e 75 6c 6c 7d   {"i":2," j":null}

### Equal: True

# Tests.CompositesTest+B<System.Int32, System.Nullable<System.Int32>>


## Newtonsoft 0


0000   7b 22 69 22 3a 32 2c 22   6a 22 3a 31 7d            {"i":2," j":1}

## UnsafeJson 0


0000   7b 22 69 22 3a 32 2c 22   6a 22 3a 31 7d            {"i":2," j":1}

### Equal: True

## Newtonsoft 1


0000   7b 22 69 22 3a 32 2c 22   6a 22 3a 6e 75 6c 6c 7d   {"i":2," j":null}

## UnsafeJson 1


0000   7b 22 69 22 3a 32 2c 22   6a 22 3a 6e 75 6c 6c 7d   {"i":2," j":null}

### Equal: True

# System.Collections.Generic.KeyValuePair<System.String, System.Guid>


## Newtonsoft 0


0000   7b 22 4b 65 79 22 3a 6e   75 6c 6c 2c 22 56 61 6c   {"Key":n ull,"Val
0010   75 65 22 3a 22 30 30 30   30 30 30 30 30 2d 30 30   ue":"000 00000-00
0020   30 30 2d 30 30 30 30 2d   30 30 30 30 2d 30 30 30   00-0000- 0000-000
0030   30 30 30 30 30 30 30 30   30 22 7d                  00000000 0"}

## UnsafeJson 0


0000   7b 22 4b 65 79 22 3a 6e   75 6c 6c 2c 22 56 61 6c   {"Key":n ull,"Val
0010   75 65 22 3a 22 30 30 30   30 30 30 30 30 2d 30 30   ue":"000 00000-00
0020   30 30 2d 30 30 30 30 2d   30 30 30 30 2d 30 30 30   00-0000- 0000-000
0030   30 30 30 30 30 30 30 30   30 22 7d                  00000000 0"}

### Equal: True

# System.Nullable<System.Collections.Generic.KeyValuePair<System.String, System.Guid>>


## Newtonsoft 0


0000   7b 22 4b 65 79 22 3a 6e   75 6c 6c 2c 22 56 61 6c   {"Key":n ull,"Val
0010   75 65 22 3a 22 30 30 30   30 30 30 30 30 2d 30 30   ue":"000 00000-00
0020   30 30 2d 30 30 30 30 2d   30 30 30 30 2d 30 30 30   00-0000- 0000-000
0030   30 30 30 30 30 30 30 30   30 22 7d                  00000000 0"}

## UnsafeJson 0


0000   7b 22 4b 65 79 22 3a 6e   75 6c 6c 2c 22 56 61 6c   {"Key":n ull,"Val
0010   75 65 22 3a 22 30 30 30   30 30 30 30 30 2d 30 30   ue":"000 00000-00
0020   30 30 2d 30 30 30 30 2d   30 30 30 30 2d 30 30 30   00-0000- 0000-000
0030   30 30 30 30 30 30 30 30   30 22 7d                  00000000 0"}

### Equal: True

## Newtonsoft 1


0000   6e 75 6c 6c                                         null

## UnsafeJson 1


0000   6e 75 6c 6c                                         null

### Equal: True

# Tests.CompositesTest+B<Tests.CompositesTest+B<System.Int32, System.Int32>, System.Nullable<System.Int32>>


## Newtonsoft 0


0000   7b 22 69 22 3a 7b 22 69   22 3a 33 2c 22 6a 22 3a   {"i":{"i ":3,"j":
0010   34 7d 2c 22 6a 22 3a 31   7d                        4},"j":1 }

## UnsafeJson 0


0000   7b 22 69 22 3a 7b 22 69   22 3a 33 2c 22 6a 22 3a   {"i":{"i ":3,"j":
0010   34 7d 2c 22 6a 22 3a 31   7d                        4},"j":1 }

### Equal: True

## Newtonsoft 1


0000   7b 22 69 22 3a 7b 22 69   22 3a 33 2c 22 6a 22 3a   {"i":{"i ":3,"j":
0010   34 7d 2c 22 6a 22 3a 6e   75 6c 6c 7d               4},"j":n ull}

## UnsafeJson 1


0000   7b 22 69 22 3a 7b 22 69   22 3a 33 2c 22 6a 22 3a   {"i":{"i ":3,"j":
0010   34 7d 2c 22 6a 22 3a 6e   75 6c 6c 7d               4},"j":n ull}

### Equal: True

## Newtonsoft 2


0000   7b 22 69 22 3a 6e 75 6c   6c 2c 22 6a 22 3a 6e 75   {"i":nul l,"j":nu
0010   6c 6c 7d                                            ll}

## UnsafeJson 2


0000   7b 22 69 22 3a 6e 75 6c   6c 2c 22 6a 22 3a 6e 75   {"i":nul l,"j":nu
0010   6c 6c 7d                                            ll}

### Equal: True

# Tests.CompositesTest+B<System.Nullable<System.Int32>, Tests.CompositesTest+B<System.Int32, System.Int32>>


## Newtonsoft 0


0000   7b 22 69 22 3a 31 2c 22   6a 22 3a 7b 22 69 22 3a   {"i":1," j":{"i":
0010   33 2c 22 6a 22 3a 34 7d   7d                        3,"j":4} }

## UnsafeJson 0


0000   7b 22 69 22 3a 31 2c 22   6a 22 3a 7b 22 69 22 3a   {"i":1," j":{"i":
0010   33 2c 22 6a 22 3a 34 7d   7d                        3,"j":4} }

### Equal: True

## Newtonsoft 1


0000   7b 22 69 22 3a 6e 75 6c   6c 2c 22 6a 22 3a 7b 22   {"i":nul l,"j":{"
0010   69 22 3a 33 2c 22 6a 22   3a 34 7d 7d               i":3,"j" :4}}

## UnsafeJson 1


0000   7b 22 69 22 3a 6e 75 6c   6c 2c 22 6a 22 3a 7b 22   {"i":nul l,"j":{"
0010   69 22 3a 33 2c 22 6a 22   3a 34 7d 7d               i":3,"j" :4}}

### Equal: True

## Newtonsoft 2


0000   7b 22 69 22 3a 6e 75 6c   6c 2c 22 6a 22 3a 6e 75   {"i":nul l,"j":nu
0010   6c 6c 7d                                            ll}

## UnsafeJson 2


0000   7b 22 69 22 3a 6e 75 6c   6c 2c 22 6a 22 3a 6e 75   {"i":nul l,"j":nu
0010   6c 6c 7d                                            ll}

### Equal: True

# System.Int32[]


## Newtonsoft 0


0000   5b 5d                                               []

## UnsafeJson 0


0000   5b 5d                                               []

### Equal: True

## Newtonsoft 1


0000   5b 31 5d                                            [1]

## UnsafeJson 1


0000   5b 31 5d                                            [1]

### Equal: True

## Newtonsoft 2


0000   5b 31 2c 32 5d                                      [1,2]

## UnsafeJson 2


0000   5b 31 2c 32 5d                                      [1,2]

### Equal: True

## Newtonsoft 3


0000   5b 31 2c 32 2c 33 5d                                [1,2,3]

## UnsafeJson 3


0000   5b 31 2c 32 2c 33 5d                                [1,2,3]

### Equal: True

## Newtonsoft 4


0000   6e 75 6c 6c                                         null

## UnsafeJson 4


0000   6e 75 6c 6c                                         null

### Equal: True

# System.Nullable<System.Int32>[]


## Newtonsoft 0


0000   5b 31 5d                                            [1]

## UnsafeJson 0


0000   5b 31 5d                                            [1]

### Equal: True

## Newtonsoft 1


0000   5b 6e 75 6c 6c 5d                                   [null]

## UnsafeJson 1


0000   5b 6e 75 6c 6c 5d                                   [null]

### Equal: True

# System.Int32[][]


## Newtonsoft 0


0000   5b 5b 31 5d 2c 6e 75 6c   6c 2c 5b 31 2c 32 2c 33   [[1],nul l,[1,2,3
0010   5d 5d                                               ]]

## UnsafeJson 0


0000   5b 5b 31 5d 2c 6e 75 6c   6c 2c 5b 31 2c 32 2c 33   [[1],nul l,[1,2,3
0010   5d 5d                                               ]]

### Equal: True

## Newtonsoft 1


0000   6e 75 6c 6c                                         null

## UnsafeJson 1


0000   6e 75 6c 6c                                         null

### Equal: True

# System.Int32[][][]


## Newtonsoft 0


0000   5b 5b 5b 31 5d 2c 6e 75   6c 6c 2c 5b 5d 5d 2c 6e   [[[1],nu ll,[]],n
0010   75 6c 6c 2c 5b 5b 31 2c   32 2c 33 5d 5d 2c 6e 75   ull,[[1, 2,3]],nu
0020   6c 6c 5d                                            ll]

## UnsafeJson 0


0000   5b 5b 5b 31 5d 2c 6e 75   6c 6c 2c 5b 5d 5d 2c 6e   [[[1],nu ll,[]],n
0010   75 6c 6c 2c 5b 5b 31 2c   32 2c 33 5d 5d 2c 6e 75   ull,[[1, 2,3]],nu
0020   6c 6c 5d                                            ll]

### Equal: True

## Newtonsoft 1


0000   6e 75 6c 6c                                         null

## UnsafeJson 1


0000   6e 75 6c 6c                                         null

### Equal: True

# Tests.B<System.Nullable<System.Int32>>[]


## Newtonsoft 0


0000   5b 7b 22 69 22 3a 31 7d   2c 7b 22 69 22 3a 6e 75   [{"i":1} ,{"i":nu
0010   6c 6c 7d 5d                                         ll}]

## UnsafeJson 0


0000   5b 7b 22 69 22 3a 31 7d   2c 7b 22 69 22 3a 6e 75   [{"i":1} ,{"i":nu
0010   6c 6c 7d 5d                                         ll}]

### Equal: True

## Newtonsoft 1


0000   6e 75 6c 6c                                         null

## UnsafeJson 1


0000   6e 75 6c 6c                                         null

### Equal: True

# System.Net.IPAddress


## Newtonsoft 0


0000   22 30 2e 30 2e 30 2e 30   22                        "0.0.0.0 "

## UnsafeJson 0


0000   22 30 2e 30 2e 30 2e 30   22                        "0.0.0.0 "

### Equal: True

## Newtonsoft 1


0000   22 3a 3a 22                                         "::"

## UnsafeJson 1


0000   22 3a 3a 22                                         "::"

### Equal: True

## Newtonsoft 2


0000   22 31 2e 32 2e 33 2e 34   22                        "1.2.3.4 "

## UnsafeJson 2


0000   22 31 2e 32 2e 33 2e 34   22                        "1.2.3.4 "

### Equal: True

## Newtonsoft 3


0000   22 31 3a 32 3a 3a 33 3a   34 22                     "1:2::3: 4"

## UnsafeJson 3


0000   22 31 3a 32 3a 3a 33 3a   34 22                     "1:2::3: 4"

### Equal: True

## Newtonsoft 4


0000   22 31 31 61 61 3a 32 32   62 62 3a 3a 33 33 63 63   "11aa:22 bb::33cc
0010   3a 34 34 64 64 22                                   :44dd"

## UnsafeJson 4


0000   22 31 31 61 61 3a 32 32   62 62 3a 3a 33 33 63 63   "11aa:22 bb::33cc
0010   3a 34 34 64 64 22                                   :44dd"

### Equal: True

## Newtonsoft 5


0000   6e 75 6c 6c                                         null

## UnsafeJson 5


0000   6e 75 6c 6c                                         null

### Equal: True

# <>f__AnonymousType1<System.Net.IPAddress>


## Newtonsoft 0


0000   7b 22 61 22 3a 22 30 2e   30 2e 30 2e 30 22 7d      {"a":"0. 0.0.0"}

## UnsafeJson 0


0000   7b 22 61 22 3a 22 30 2e   30 2e 30 2e 30 22 7d      {"a":"0. 0.0.0"}

### Equal: True

## Newtonsoft 1


0000   7b 22 61 22 3a 22 3a 3a   22 7d                     {"a":":: "}

## UnsafeJson 1


0000   7b 22 61 22 3a 22 3a 3a   22 7d                     {"a":":: "}

### Equal: True

## Newtonsoft 2


0000   7b 22 61 22 3a 22 31 2e   32 2e 33 2e 34 22 7d      {"a":"1. 2.3.4"}

## UnsafeJson 2


0000   7b 22 61 22 3a 22 31 2e   32 2e 33 2e 34 22 7d      {"a":"1. 2.3.4"}

### Equal: True

## Newtonsoft 3


0000   7b 22 61 22 3a 22 31 3a   32 3a 3a 33 3a 34 22 7d   {"a":"1: 2::3:4"}

## UnsafeJson 3


0000   7b 22 61 22 3a 22 31 3a   32 3a 3a 33 3a 34 22 7d   {"a":"1: 2::3:4"}

### Equal: True

## Newtonsoft 4


0000   7b 22 61 22 3a 22 31 31   61 61 3a 32 32 62 62 3a   {"a":"11 aa:22bb:
0010   3a 33 33 63 63 3a 34 34   64 64 22 7d               :33cc:44 dd"}

## UnsafeJson 4


0000   7b 22 61 22 3a 22 31 31   61 61 3a 32 32 62 62 3a   {"a":"11 aa:22bb:
0010   3a 33 33 63 63 3a 34 34   64 64 22 7d               :33cc:44 dd"}

### Equal: True

## Newtonsoft 5


0000   7b 22 61 22 3a 6e 75 6c   6c 7d                     {"a":nul l}

## UnsafeJson 5


0000   7b 22 61 22 3a 6e 75 6c   6c 7d                     {"a":nul l}

### Equal: True