

# System.Nullable<System.Int32>


## Newtonsoft 0


0000   31                                                  1

## UnsafeJson 0


0000   31                                                  1

### Equal: True

## Newtonsoft 1


0000   32 31 34 37 34 38 33 36   34 37                     21474836 47

## UnsafeJson 1


0000   32 31 34 37 34 38 33 36   34 37                     21474836 47

### Equal: True

## Newtonsoft 2


0000   6e 75 6c 6c                                         null

## UnsafeJson 2


0000   6e 75 6c 6c                                         null

### Equal: True

# System.Nullable<System.Guid>


## Newtonsoft 0


0000   22 30 30 30 30 30 30 30   30 2d 30 30 30 30 2d 30   "0000000 0-0000-0
0010   30 30 30 2d 30 30 30 30   2d 30 30 30 30 30 30 30   000-0000 -0000000
0020   30 30 30 30 30 22                                   00000"

## UnsafeJson 0


0000   22 30 30 30 30 30 30 30   30 2d 30 30 30 30 2d 30   "0000000 0-0000-0
0010   30 30 30 2d 30 30 30 30   2d 30 30 30 30 30 30 30   000-0000 -0000000
0020   30 30 30 30 30 22                                   00000"

### Equal: True

## Newtonsoft 1


0000   22 34 31 64 30 39 31 62   61 2d 64 36 62 62 2d 34   "41d091b a-d6bb-4
0010   37 39 35 2d 39 36 39 61   2d 32 38 64 31 35 30 39   795-969a -28d1509
0020   64 65 36 62 36 22                                   de6b6"

## UnsafeJson 1


0000   22 34 31 64 30 39 31 62   61 2d 64 36 62 62 2d 34   "41d091b a-d6bb-4
0010   37 39 35 2d 39 36 39 61   2d 32 38 64 31 35 30 39   795-969a -28d1509
0020   64 65 36 62 36 22                                   de6b6"

### Equal: True

## Newtonsoft 2


0000   6e 75 6c 6c                                         null

## UnsafeJson 2


0000   6e 75 6c 6c                                         null

### Equal: True

# System.Nullable<System.DayOfWeek>


## Newtonsoft 0


0000   31                                                  1

## UnsafeJson 0


0000   31                                                  1

### Equal: True

## Newtonsoft 1


0000   35                                                  5

## UnsafeJson 1


0000   35                                                  5

### Equal: True

## Newtonsoft 2


0000   6e 75 6c 6c                                         null

## UnsafeJson 2


0000   6e 75 6c 6c                                         null

### Equal: True

# <>f__AnonymousType0


## Newtonsoft 0


0000   7b 7d                                               {}

## UnsafeJson 0


0000   7b 7d                                               {}

### Equal: True

## Newtonsoft 1


0000   6e 75 6c 6c                                         null

## UnsafeJson 1


0000   6e 75 6c 6c                                         null

### Equal: True

# Tests.B<System.Int32>


## Newtonsoft 0


0000   7b 22 69 22 3a 31 7d                                {"i":1}

## UnsafeJson 0


0000   7b 22 69 22 3a 31 7d                                {"i":1}

### Equal: True

## Newtonsoft 1


0000   6e 75 6c 6c                                         null

## UnsafeJson 1


0000   6e 75 6c 6c                                         null

### Equal: True

# Tests.B<System.Int32, System.Int32>


## Newtonsoft 0


0000   7b 22 69 22 3a 31 2c 22   6a 22 3a 32 7d            {"i":1," j":2}

## UnsafeJson 0


0000   7b 22 69 22 3a 31 2c 22   6a 22 3a 32 7d            {"i":1," j":2}

### Equal: True

## Newtonsoft 1


0000   6e 75 6c 6c                                         null

## UnsafeJson 1


0000   6e 75 6c 6c                                         null

### Equal: True

# Tests.B<System.Nullable<System.Int32>, System.Int32>


## Newtonsoft 0


0000   7b 22 69 22 3a 31 2c 22   6a 22 3a 32 7d            {"i":1," j":2}

## UnsafeJson 0


0000   7b 22 69 22 3a 31 2c 22   6a 22 3a 32 7d            {"i":1," j":2}

### Equal: True

## Newtonsoft 1


0000   7b 22 69 22 3a 6e 75 6c   6c 2c 22 6a 22 3a 32 7d   {"i":nul l,"j":2}

## UnsafeJson 1


0000   7b 22 69 22 3a 6e 75 6c   6c 2c 22 6a 22 3a 32 7d   {"i":nul l,"j":2}

### Equal: True

# Tests.B<System.Int32, System.Nullable<System.Int32>>


## Newtonsoft 0


0000   7b 22 69 22 3a 32 2c 22   6a 22 3a 31 7d            {"i":2," j":1}

## UnsafeJson 0


0000   7b 22 69 22 3a 32 2c 22   6a 22 3a 31 7d            {"i":2," j":1}

### Equal: True

## Newtonsoft 1


0000   7b 22 69 22 3a 32 2c 22   6a 22 3a 6e 75 6c 6c 7d   {"i":2," j":null}

## UnsafeJson 1


0000   7b 22 69 22 3a 32 2c 22   6a 22 3a 6e 75 6c 6c 7d   {"i":2," j":null}

### Equal: True

# Tests.B<System.Int32, System.Nullable<System.Int32>>


## Newtonsoft 0


0000   7b 22 69 22 3a 32 2c 22   6a 22 3a 31 7d            {"i":2," j":1}

## UnsafeJson 0


0000   7b 22 69 22 3a 32 2c 22   6a 22 3a 31 7d            {"i":2," j":1}

### Equal: True

## Newtonsoft 1


0000   7b 22 69 22 3a 32 2c 22   6a 22 3a 6e 75 6c 6c 7d   {"i":2," j":null}

## UnsafeJson 1


0000   7b 22 69 22 3a 32 2c 22   6a 22 3a 6e 75 6c 6c 7d   {"i":2," j":null}

### Equal: True

# System.Collections.Generic.KeyValuePair<System.String, System.Guid>


## Newtonsoft 0


0000   7b 22 4b 65 79 22 3a 6e   75 6c 6c 2c 22 56 61 6c   {"Key":n ull,"Val
0010   75 65 22 3a 22 30 30 30   30 30 30 30 30 2d 30 30   ue":"000 00000-00
0020   30 30 2d 30 30 30 30 2d   30 30 30 30 2d 30 30 30   00-0000- 0000-000
0030   30 30 30 30 30 30 30 30   30 22 7d                  00000000 0"}

## UnsafeJson 0


0000   7b 22 4b 65 79 22 3a 6e   75 6c 6c 2c 22 56 61 6c   {"Key":n ull,"Val
0010   75 65 22 3a 22 30 30 30   30 30 30 30 30 2d 30 30   ue":"000 00000-00
0020   30 30 2d 30 30 30 30 2d   30 30 30 30 2d 30 30 30   00-0000- 0000-000
0030   30 30 30 30 30 30 30 30   30 22 7d                  00000000 0"}

### Equal: True

# System.Nullable<System.Collections.Generic.KeyValuePair<System.String, System.Guid>>


## Newtonsoft 0


0000   7b 22 4b 65 79 22 3a 6e   75 6c 6c 2c 22 56 61 6c   {"Key":n ull,"Val
0010   75 65 22 3a 22 30 30 30   30 30 30 30 30 2d 30 30   ue":"000 00000-00
0020   30 30 2d 30 30 30 30 2d   30 30 30 30 2d 30 30 30   00-0000- 0000-000
0030   30 30 30 30 30 30 30 30   30 22 7d                  00000000 0"}

## UnsafeJson 0


0000   7b 22 4b 65 79 22 3a 6e   75 6c 6c 2c 22 56 61 6c   {"Key":n ull,"Val
0010   75 65 22 3a 22 30 30 30   30 30 30 30 30 2d 30 30   ue":"000 00000-00
0020   30 30 2d 30 30 30 30 2d   30 30 30 30 2d 30 30 30   00-0000- 0000-000
0030   30 30 30 30 30 30 30 30   30 22 7d                  00000000 0"}

### Equal: True

## Newtonsoft 1


0000   6e 75 6c 6c                                         null

## UnsafeJson 1


0000   6e 75 6c 6c                                         null

### Equal: True

# Tests.B<Tests.B<System.Int32, System.Int32>, System.Nullable<System.Int32>>


## Newtonsoft 0


0000   7b 22 69 22 3a 7b 22 69   22 3a 33 2c 22 6a 22 3a   {"i":{"i ":3,"j":
0010   34 7d 2c 22 6a 22 3a 31   7d                        4},"j":1 }

## UnsafeJson 0


0000   7b 22 69 22 3a 7b 22 69   22 3a 33 2c 22 6a 22 3a   {"i":{"i ":3,"j":
0010   34 7d 2c 22 6a 22 3a 31   7d                        4},"j":1 }

### Equal: True

## Newtonsoft 1


0000   7b 22 69 22 3a 7b 22 69   22 3a 33 2c 22 6a 22 3a   {"i":{"i ":3,"j":
0010   34 7d 2c 22 6a 22 3a 6e   75 6c 6c 7d               4},"j":n ull}

## UnsafeJson 1


0000   7b 22 69 22 3a 7b 22 69   22 3a 33 2c 22 6a 22 3a   {"i":{"i ":3,"j":
0010   34 7d 2c 22 6a 22 3a 6e   75 6c 6c 7d               4},"j":n ull}

### Equal: True

## Newtonsoft 2


0000   7b 22 69 22 3a 6e 75 6c   6c 2c 22 6a 22 3a 6e 75   {"i":nul l,"j":nu
0010   6c 6c 7d                                            ll}

## UnsafeJson 2


0000   7b 22 69 22 3a 6e 75 6c   6c 2c 22 6a 22 3a 6e 75   {"i":nul l,"j":nu
0010   6c 6c 7d                                            ll}

### Equal: True

# Tests.B<System.Nullable<System.Int32>, Tests.B<System.Int32, System.Int32>>


## Newtonsoft 0


0000   7b 22 69 22 3a 31 2c 22   6a 22 3a 7b 22 69 22 3a   {"i":1," j":{"i":
0010   33 2c 22 6a 22 3a 34 7d   7d                        3,"j":4} }

## UnsafeJson 0


0000   7b 22 69 22 3a 31 2c 22   6a 22 3a 7b 22 69 22 3a   {"i":1," j":{"i":
0010   33 2c 22 6a 22 3a 34 7d   7d                        3,"j":4} }

### Equal: True

## Newtonsoft 1


0000   7b 22 69 22 3a 6e 75 6c   6c 2c 22 6a 22 3a 7b 22   {"i":nul l,"j":{"
0010   69 22 3a 33 2c 22 6a 22   3a 34 7d 7d               i":3,"j" :4}}

## UnsafeJson 1


0000   7b 22 69 22 3a 6e 75 6c   6c 2c 22 6a 22 3a 7b 22   {"i":nul l,"j":{"
0010   69 22 3a 33 2c 22 6a 22   3a 34 7d 7d               i":3,"j" :4}}

### Equal: True

## Newtonsoft 2


0000   7b 22 69 22 3a 6e 75 6c   6c 2c 22 6a 22 3a 6e 75   {"i":nul l,"j":nu
0010   6c 6c 7d                                            ll}

## UnsafeJson 2


0000   7b 22 69 22 3a 6e 75 6c   6c 2c 22 6a 22 3a 6e 75   {"i":nul l,"j":nu
0010   6c 6c 7d                                            ll}

### Equal: True