

# utf8

zero bytes dumped

## Newtonsoft


0000   22 22                                               ""

## UnsafeJson


0000   22 22                                               ""

### Equal: True

# null

## Newtonsoft


0000   6e 75 6c 6c                                         null

## UnsafeJson


0000   6e 75 6c 6c                                         null

### Equal: True

# utf8


0000   00 01 02 03 04 05 06 07   08 09 0a 0b 0c 0d 0e 0f   ........ ........
0010   10 11 12 13 14 15 16 17   18 19 1a 1b 1c 1d 1e 1f   ........ ........
0020   20 21 22 23 24 25 26 27   28 29 2a 2b 2c 2d 2e 2f    !"#$%&' ()*+,-./
0030   30 31 32 33 34 35 36 37   38 39 3a 3b 3c 3d 3e 3f   01234567 89:;<=>?
0040   40 41 42 43 44 45 46 47   48 49 4a 4b 4c 4d 4e 4f   @ABCDEFG HIJKLMNO
0050   50 51 52 53 54 55 56 57   58 59 5a 5b 5c 5d 5e 5f   PQRSTUVW XYZ[\]^_
0060   60 61 62 63 64 65 66 67   68 69 6a 6b 6c 6d 6e 6f   `abcdefg hijklmno
0070   70 71 72 73 74 75 76 77   78 79 7a 7b 7c 7d 7e 7f   pqrstuvw xyz{|}~.
0080   c2 80 c2 81 c2 82 c2 83   c2 84 c2 85 c2 86 c2 87   ........ ........
0090   c2 88 c2 89 c2 8a c2 8b   c2 8c c2 8d c2 8e c2 8f   ........ ........
00a0   c2 90 c2 91 c2 92 c2 93   c2 94 c2 95 c2 96 c2 97   ........ ........
00b0   c2 98 c2 99 c2 9a c2 9b   c2 9c c2 9d c2 9e c2 9f   ........ ........
00c0   c2 a0 c2 a1 c2 a2 c2 a3   c2 a4 c2 a5 c2 a6 c2 a7   ........ ........
00d0   c2 a8 c2 a9 c2 aa c2 ab   c2 ac c2 ad c2 ae c2 af   ........ ........
00e0   c2 b0 c2 b1 c2 b2 c2 b3   c2 b4 c2 b5 c2 b6 c2 b7   ........ ........
00f0   c2 b8 c2 b9 c2 ba c2 bb   c2 bc c2 bd c2 be c2 bf   ........ ........
0100   c3 80 c3 81 c3 82 c3 83   c3 84 c3 85 c3 86 c3 87   ........ ........
0110   c3 88 c3 89 c3 8a c3 8b   c3 8c c3 8d c3 8e c3 8f   ........ ........
0120   c3 90 c3 91 c3 92 c3 93   c3 94 c3 95 c3 96 c3 97   ........ ........
0130   c3 98 c3 99 c3 9a c3 9b   c3 9c c3 9d c3 9e c3 9f   ........ ........
0140   c3 a0 c3 a1 c3 a2 c3 a3   c3 a4 c3 a5 c3 a6 c3 a7   ........ ........
0150   c3 a8 c3 a9 c3 aa c3 ab   c3 ac c3 ad c3 ae c3 af   ........ ........
0160   c3 b0 c3 b1 c3 b2 c3 b3   c3 b4 c3 b5 c3 b6 c3 b7   ........ ........
0170   c3 b8 c3 b9 c3 ba c3 bb   c3 bc c3 bd c3 be c3 bf   ........ ........

## Newtonsoft


0000   22 5c 75 30 30 30 30 5c   75 30 30 30 31 5c 75 30   "\u0000\ u0001\u0
0010   30 30 32 5c 75 30 30 30   33 5c 75 30 30 30 34 5c   002\u000 3\u0004\
0020   75 30 30 30 35 5c 75 30   30 30 36 5c 75 30 30 30   u0005\u0 006\u000
0030   37 5c 62 5c 74 5c 6e 5c   75 30 30 30 62 5c 66 5c   7\b\t\n\ u000b\f\
0040   72 5c 75 30 30 30 65 5c   75 30 30 30 66 5c 75 30   r\u000e\ u000f\u0
0050   30 31 30 5c 75 30 30 31   31 5c 75 30 30 31 32 5c   010\u001 1\u0012\
0060   75 30 30 31 33 5c 75 30   30 31 34 5c 75 30 30 31   u0013\u0 014\u001
0070   35 5c 75 30 30 31 36 5c   75 30 30 31 37 5c 75 30   5\u0016\ u0017\u0
0080   30 31 38 5c 75 30 30 31   39 5c 75 30 30 31 61 5c   018\u001 9\u001a\
0090   75 30 30 31 62 5c 75 30   30 31 63 5c 75 30 30 31   u001b\u0 01c\u001
00a0   64 5c 75 30 30 31 65 5c   75 30 30 31 66 20 21 5c   d\u001e\ u001f !\
00b0   22 23 24 25 26 27 28 29   2a 2b 2c 2d 2e 2f 30 31   "#$%&'() *+,-./01
00c0   32 33 34 35 36 37 38 39   3a 3b 3c 3d 3e 3f 40 41   23456789 :;<=>?@A
00d0   42 43 44 45 46 47 48 49   4a 4b 4c 4d 4e 4f 50 51   BCDEFGHI JKLMNOPQ
00e0   52 53 54 55 56 57 58 59   5a 5b 5c 5c 5d 5e 5f 60   RSTUVWXY Z[\\]^_`
00f0   61 62 63 64 65 66 67 68   69 6a 6b 6c 6d 6e 6f 70   abcdefgh ijklmnop
0100   71 72 73 74 75 76 77 78   79 7a 7b 7c 7d 7e 7f c2   qrstuvwx yz{|}~..
0110   80 c2 81 c2 82 c2 83 c2   84 5c 75 30 30 38 35 c2   ........ .\u0085.
0120   86 c2 87 c2 88 c2 89 c2   8a c2 8b c2 8c c2 8d c2   ........ ........
0130   8e c2 8f c2 90 c2 91 c2   92 c2 93 c2 94 c2 95 c2   ........ ........
0140   96 c2 97 c2 98 c2 99 c2   9a c2 9b c2 9c c2 9d c2   ........ ........
0150   9e c2 9f c2 a0 c2 a1 c2   a2 c2 a3 c2 a4 c2 a5 c2   ........ ........
0160   a6 c2 a7 c2 a8 c2 a9 c2   aa c2 ab c2 ac c2 ad c2   ........ ........
0170   ae c2 af c2 b0 c2 b1 c2   b2 c2 b3 c2 b4 c2 b5 c2   ........ ........
0180   b6 c2 b7 c2 b8 c2 b9 c2   ba c2 bb c2 bc c2 bd c2   ........ ........
0190   be c2 bf c3 80 c3 81 c3   82 c3 83 c3 84 c3 85 c3   ........ ........
01a0   86 c3 87 c3 88 c3 89 c3   8a c3 8b c3 8c c3 8d c3   ........ ........
01b0   8e c3 8f c3 90 c3 91 c3   92 c3 93 c3 94 c3 95 c3   ........ ........
01c0   96 c3 97 c3 98 c3 99 c3   9a c3 9b c3 9c c3 9d c3   ........ ........
01d0   9e c3 9f c3 a0 c3 a1 c3   a2 c3 a3 c3 a4 c3 a5 c3   ........ ........
01e0   a6 c3 a7 c3 a8 c3 a9 c3   aa c3 ab c3 ac c3 ad c3   ........ ........
01f0   ae c3 af c3 b0 c3 b1 c3   b2 c3 b3 c3 b4 c3 b5 c3   ........ ........
0200   b6 c3 b7 c3 b8 c3 b9 c3   ba c3 bb c3 bc c3 bd c3   ........ ........
0210   be c3 bf 22                                         ..."

## UnsafeJson


0000   22 5c 75 30 30 30 30 5c   75 30 30 30 31 5c 75 30   "\u0000\ u0001\u0
0010   30 30 32 5c 75 30 30 30   33 5c 75 30 30 30 34 5c   002\u000 3\u0004\
0020   75 30 30 30 35 5c 75 30   30 30 36 5c 75 30 30 30   u0005\u0 006\u000
0030   37 5c 62 5c 74 5c 6e 5c   75 30 30 30 62 5c 66 5c   7\b\t\n\ u000b\f\
0040   72 5c 75 30 30 30 65 5c   75 30 30 30 66 5c 75 30   r\u000e\ u000f\u0
0050   30 31 30 5c 75 30 30 31   31 5c 75 30 30 31 32 5c   010\u001 1\u0012\
0060   75 30 30 31 33 5c 75 30   30 31 34 5c 75 30 30 31   u0013\u0 014\u001
0070   35 5c 75 30 30 31 36 5c   75 30 30 31 37 5c 75 30   5\u0016\ u0017\u0
0080   30 31 38 5c 75 30 30 31   39 5c 75 30 30 31 61 5c   018\u001 9\u001a\
0090   75 30 30 31 62 5c 75 30   30 31 63 5c 75 30 30 31   u001b\u0 01c\u001
00a0   64 5c 75 30 30 31 65 5c   75 30 30 31 66 20 21 5c   d\u001e\ u001f !\
00b0   22 23 24 25 26 27 28 29   2a 2b 2c 2d 2e 2f 30 31   "#$%&'() *+,-./01
00c0   32 33 34 35 36 37 38 39   3a 3b 3c 3d 3e 3f 40 41   23456789 :;<=>?@A
00d0   42 43 44 45 46 47 48 49   4a 4b 4c 4d 4e 4f 50 51   BCDEFGHI JKLMNOPQ
00e0   52 53 54 55 56 57 58 59   5a 5b 5c 5c 5d 5e 5f 60   RSTUVWXY Z[\\]^_`
00f0   61 62 63 64 65 66 67 68   69 6a 6b 6c 6d 6e 6f 70   abcdefgh ijklmnop
0100   71 72 73 74 75 76 77 78   79 7a 7b 7c 7d 7e 7f c2   qrstuvwx yz{|}~..
0110   80 c2 81 c2 82 c2 83 c2   84 5c 75 30 30 38 35 c2   ........ .\u0085.
0120   86 c2 87 c2 88 c2 89 c2   8a c2 8b c2 8c c2 8d c2   ........ ........
0130   8e c2 8f c2 90 c2 91 c2   92 c2 93 c2 94 c2 95 c2   ........ ........
0140   96 c2 97 c2 98 c2 99 c2   9a c2 9b c2 9c c2 9d c2   ........ ........
0150   9e c2 9f c2 a0 c2 a1 c2   a2 c2 a3 c2 a4 c2 a5 c2   ........ ........
0160   a6 c2 a7 c2 a8 c2 a9 c2   aa c2 ab c2 ac c2 ad c2   ........ ........
0170   ae c2 af c2 b0 c2 b1 c2   b2 c2 b3 c2 b4 c2 b5 c2   ........ ........
0180   b6 c2 b7 c2 b8 c2 b9 c2   ba c2 bb c2 bc c2 bd c2   ........ ........
0190   be c2 bf c3 80 c3 81 c3   82 c3 83 c3 84 c3 85 c3   ........ ........
01a0   86 c3 87 c3 88 c3 89 c3   8a c3 8b c3 8c c3 8d c3   ........ ........
01b0   8e c3 8f c3 90 c3 91 c3   92 c3 93 c3 94 c3 95 c3   ........ ........
01c0   96 c3 97 c3 98 c3 99 c3   9a c3 9b c3 9c c3 9d c3   ........ ........
01d0   9e c3 9f c3 a0 c3 a1 c3   a2 c3 a3 c3 a4 c3 a5 c3   ........ ........
01e0   a6 c3 a7 c3 a8 c3 a9 c3   aa c3 ab c3 ac c3 ad c3   ........ ........
01f0   ae c3 af c3 b0 c3 b1 c3   b2 c3 b3 c3 b4 c3 b5 c3   ........ ........
0200   b6 c3 b7 c3 b8 c3 b9 c3   ba c3 bb c3 bc c3 bd c3   ........ ........
0210   be c3 bf 22                                         ..."

### Equal: True

# utf8


0000   c4 80 c4 81 c4 82 c4 83   c4 84 c4 85 c4 86 c4 87   ........ ........
0010   c4 88 c4 89 c4 8a c4 8b   c4 8c c4 8d c4 8e c4 8f   ........ ........
0020   c4 90 c4 91 c4 92 c4 93   c4 94 c4 95 c4 96 c4 97   ........ ........
0030   c4 98 c4 99 c4 9a c4 9b   c4 9c c4 9d c4 9e c4 9f   ........ ........
0040   c4 a0 c4 a1 c4 a2 c4 a3   c4 a4 c4 a5 c4 a6 c4 a7   ........ ........
0050   c4 a8 c4 a9 c4 aa c4 ab   c4 ac c4 ad c4 ae c4 af   ........ ........
0060   c4 b0 c4 b1 c4 b2 c4 b3   c4 b4 c4 b5 c4 b6 c4 b7   ........ ........
0070   c4 b8 c4 b9 c4 ba c4 bb   c4 bc c4 bd c4 be c4 bf   ........ ........
0080   c5 80 c5 81 c5 82 c5 83   c5 84 c5 85 c5 86 c5 87   ........ ........
0090   c5 88 c5 89 c5 8a c5 8b   c5 8c c5 8d c5 8e c5 8f   ........ ........
00a0   c5 90 c5 91 c5 92 c5 93   c5 94 c5 95 c5 96 c5 97   ........ ........
00b0   c5 98 c5 99 c5 9a c5 9b   c5 9c c5 9d c5 9e c5 9f   ........ ........
00c0   c5 a0 c5 a1 c5 a2 c5 a3   c5 a4 c5 a5 c5 a6 c5 a7   ........ ........
00d0   c5 a8 c5 a9 c5 aa c5 ab   c5 ac c5 ad c5 ae c5 af   ........ ........
00e0   c5 b0 c5 b1 c5 b2 c5 b3   c5 b4 c5 b5 c5 b6 c5 b7   ........ ........
00f0   c5 b8 c5 b9 c5 ba c5 bb   c5 bc c5 bd c5 be c5 bf   ........ ........
0100   c6 80 c6 81 c6 82 c6 83   c6 84 c6 85 c6 86 c6 87   ........ ........
0110   c6 88 c6 89 c6 8a c6 8b   c6 8c c6 8d c6 8e c6 8f   ........ ........
0120   c6 90 c6 91 c6 92 c6 93   c6 94 c6 95 c6 96 c6 97   ........ ........
0130   c6 98 c6 99 c6 9a c6 9b   c6 9c c6 9d c6 9e c6 9f   ........ ........
0140   c6 a0 c6 a1 c6 a2 c6 a3   c6 a4 c6 a5 c6 a6 c6 a7   ........ ........
0150   c6 a8 c6 a9 c6 aa c6 ab   c6 ac c6 ad c6 ae c6 af   ........ ........
0160   c6 b0 c6 b1 c6 b2 c6 b3   c6 b4 c6 b5 c6 b6 c6 b7   ........ ........
0170   c6 b8 c6 b9 c6 ba c6 bb   c6 bc c6 bd c6 be c6 bf   ........ ........
0180   c7 80 c7 81 c7 82 c7 83   c7 84 c7 85 c7 86 c7 87   ........ ........
0190   c7 88 c7 89 c7 8a c7 8b   c7 8c c7 8d c7 8e c7 8f   ........ ........
01a0   c7 90 c7 91 c7 92 c7 93   c7 94 c7 95 c7 96 c7 97   ........ ........
01b0   c7 98 c7 99 c7 9a c7 9b   c7 9c c7 9d c7 9e c7 9f   ........ ........
01c0   c7 a0 c7 a1 c7 a2 c7 a3   c7 a4 c7 a5 c7 a6 c7 a7   ........ ........
01d0   c7 a8 c7 a9 c7 aa c7 ab   c7 ac c7 ad c7 ae c7 af   ........ ........
01e0   c7 b0 c7 b1 c7 b2 c7 b3   c7 b4 c7 b5 c7 b6 c7 b7   ........ ........
01f0   c7 b8 c7 b9 c7 ba c7 bb   c7 bc c7 bd c7 be c7 bf   ........ ........

## Newtonsoft


0000   22 c4 80 c4 81 c4 82 c4   83 c4 84 c4 85 c4 86 c4   "....... ........
0010   87 c4 88 c4 89 c4 8a c4   8b c4 8c c4 8d c4 8e c4   ........ ........
0020   8f c4 90 c4 91 c4 92 c4   93 c4 94 c4 95 c4 96 c4   ........ ........
0030   97 c4 98 c4 99 c4 9a c4   9b c4 9c c4 9d c4 9e c4   ........ ........
0040   9f c4 a0 c4 a1 c4 a2 c4   a3 c4 a4 c4 a5 c4 a6 c4   ........ ........
0050   a7 c4 a8 c4 a9 c4 aa c4   ab c4 ac c4 ad c4 ae c4   ........ ........
0060   af c4 b0 c4 b1 c4 b2 c4   b3 c4 b4 c4 b5 c4 b6 c4   ........ ........
0070   b7 c4 b8 c4 b9 c4 ba c4   bb c4 bc c4 bd c4 be c4   ........ ........
0080   bf c5 80 c5 81 c5 82 c5   83 c5 84 c5 85 c5 86 c5   ........ ........
0090   87 c5 88 c5 89 c5 8a c5   8b c5 8c c5 8d c5 8e c5   ........ ........
00a0   8f c5 90 c5 91 c5 92 c5   93 c5 94 c5 95 c5 96 c5   ........ ........
00b0   97 c5 98 c5 99 c5 9a c5   9b c5 9c c5 9d c5 9e c5   ........ ........
00c0   9f c5 a0 c5 a1 c5 a2 c5   a3 c5 a4 c5 a5 c5 a6 c5   ........ ........
00d0   a7 c5 a8 c5 a9 c5 aa c5   ab c5 ac c5 ad c5 ae c5   ........ ........
00e0   af c5 b0 c5 b1 c5 b2 c5   b3 c5 b4 c5 b5 c5 b6 c5   ........ ........
00f0   b7 c5 b8 c5 b9 c5 ba c5   bb c5 bc c5 bd c5 be c5   ........ ........
0100   bf c6 80 c6 81 c6 82 c6   83 c6 84 c6 85 c6 86 c6   ........ ........
0110   87 c6 88 c6 89 c6 8a c6   8b c6 8c c6 8d c6 8e c6   ........ ........
0120   8f c6 90 c6 91 c6 92 c6   93 c6 94 c6 95 c6 96 c6   ........ ........
0130   97 c6 98 c6 99 c6 9a c6   9b c6 9c c6 9d c6 9e c6   ........ ........
0140   9f c6 a0 c6 a1 c6 a2 c6   a3 c6 a4 c6 a5 c6 a6 c6   ........ ........
0150   a7 c6 a8 c6 a9 c6 aa c6   ab c6 ac c6 ad c6 ae c6   ........ ........
0160   af c6 b0 c6 b1 c6 b2 c6   b3 c6 b4 c6 b5 c6 b6 c6   ........ ........
0170   b7 c6 b8 c6 b9 c6 ba c6   bb c6 bc c6 bd c6 be c6   ........ ........
0180   bf c7 80 c7 81 c7 82 c7   83 c7 84 c7 85 c7 86 c7   ........ ........
0190   87 c7 88 c7 89 c7 8a c7   8b c7 8c c7 8d c7 8e c7   ........ ........
01a0   8f c7 90 c7 91 c7 92 c7   93 c7 94 c7 95 c7 96 c7   ........ ........
01b0   97 c7 98 c7 99 c7 9a c7   9b c7 9c c7 9d c7 9e c7   ........ ........
01c0   9f c7 a0 c7 a1 c7 a2 c7   a3 c7 a4 c7 a5 c7 a6 c7   ........ ........
01d0   a7 c7 a8 c7 a9 c7 aa c7   ab c7 ac c7 ad c7 ae c7   ........ ........
01e0   af c7 b0 c7 b1 c7 b2 c7   b3 c7 b4 c7 b5 c7 b6 c7   ........ ........
01f0   b7 c7 b8 c7 b9 c7 ba c7   bb c7 bc c7 bd c7 be c7   ........ ........
0200   bf 22                                               ."

## UnsafeJson


0000   22 c4 80 c4 81 c4 82 c4   83 c4 84 c4 85 c4 86 c4   "....... ........
0010   87 c4 88 c4 89 c4 8a c4   8b c4 8c c4 8d c4 8e c4   ........ ........
0020   8f c4 90 c4 91 c4 92 c4   93 c4 94 c4 95 c4 96 c4   ........ ........
0030   97 c4 98 c4 99 c4 9a c4   9b c4 9c c4 9d c4 9e c4   ........ ........
0040   9f c4 a0 c4 a1 c4 a2 c4   a3 c4 a4 c4 a5 c4 a6 c4   ........ ........
0050   a7 c4 a8 c4 a9 c4 aa c4   ab c4 ac c4 ad c4 ae c4   ........ ........
0060   af c4 b0 c4 b1 c4 b2 c4   b3 c4 b4 c4 b5 c4 b6 c4   ........ ........
0070   b7 c4 b8 c4 b9 c4 ba c4   bb c4 bc c4 bd c4 be c4   ........ ........
0080   bf c5 80 c5 81 c5 82 c5   83 c5 84 c5 85 c5 86 c5   ........ ........
0090   87 c5 88 c5 89 c5 8a c5   8b c5 8c c5 8d c5 8e c5   ........ ........
00a0   8f c5 90 c5 91 c5 92 c5   93 c5 94 c5 95 c5 96 c5   ........ ........
00b0   97 c5 98 c5 99 c5 9a c5   9b c5 9c c5 9d c5 9e c5   ........ ........
00c0   9f c5 a0 c5 a1 c5 a2 c5   a3 c5 a4 c5 a5 c5 a6 c5   ........ ........
00d0   a7 c5 a8 c5 a9 c5 aa c5   ab c5 ac c5 ad c5 ae c5   ........ ........
00e0   af c5 b0 c5 b1 c5 b2 c5   b3 c5 b4 c5 b5 c5 b6 c5   ........ ........
00f0   b7 c5 b8 c5 b9 c5 ba c5   bb c5 bc c5 bd c5 be c5   ........ ........
0100   bf c6 80 c6 81 c6 82 c6   83 c6 84 c6 85 c6 86 c6   ........ ........
0110   87 c6 88 c6 89 c6 8a c6   8b c6 8c c6 8d c6 8e c6   ........ ........
0120   8f c6 90 c6 91 c6 92 c6   93 c6 94 c6 95 c6 96 c6   ........ ........
0130   97 c6 98 c6 99 c6 9a c6   9b c6 9c c6 9d c6 9e c6   ........ ........
0140   9f c6 a0 c6 a1 c6 a2 c6   a3 c6 a4 c6 a5 c6 a6 c6   ........ ........
0150   a7 c6 a8 c6 a9 c6 aa c6   ab c6 ac c6 ad c6 ae c6   ........ ........
0160   af c6 b0 c6 b1 c6 b2 c6   b3 c6 b4 c6 b5 c6 b6 c6   ........ ........
0170   b7 c6 b8 c6 b9 c6 ba c6   bb c6 bc c6 bd c6 be c6   ........ ........
0180   bf c7 80 c7 81 c7 82 c7   83 c7 84 c7 85 c7 86 c7   ........ ........
0190   87 c7 88 c7 89 c7 8a c7   8b c7 8c c7 8d c7 8e c7   ........ ........
01a0   8f c7 90 c7 91 c7 92 c7   93 c7 94 c7 95 c7 96 c7   ........ ........
01b0   97 c7 98 c7 99 c7 9a c7   9b c7 9c c7 9d c7 9e c7   ........ ........
01c0   9f c7 a0 c7 a1 c7 a2 c7   a3 c7 a4 c7 a5 c7 a6 c7   ........ ........
01d0   a7 c7 a8 c7 a9 c7 aa c7   ab c7 ac c7 ad c7 ae c7   ........ ........
01e0   af c7 b0 c7 b1 c7 b2 c7   b3 c7 b4 c7 b5 c7 b6 c7   ........ ........
01f0   b7 c7 b8 c7 b9 c7 ba c7   bb c7 bc c7 bd c7 be c7   ........ ........
0200   bf 22                                               ."

### Equal: True

# utf8


0000   c8 80 c8 81 c8 82 c8 83   c8 84 c8 85 c8 86 c8 87   ........ ........
0010   c8 88 c8 89 c8 8a c8 8b   c8 8c c8 8d c8 8e c8 8f   ........ ........
0020   c8 90 c8 91 c8 92 c8 93   c8 94 c8 95 c8 96 c8 97   ........ ........
0030   c8 98 c8 99 c8 9a c8 9b   c8 9c c8 9d c8 9e c8 9f   ........ ........
0040   c8 a0 c8 a1 c8 a2 c8 a3   c8 a4 c8 a5 c8 a6 c8 a7   ........ ........
0050   c8 a8 c8 a9 c8 aa c8 ab   c8 ac c8 ad c8 ae c8 af   ........ ........
0060   c8 b0 c8 b1 c8 b2 c8 b3   c8 b4 c8 b5 c8 b6 c8 b7   ........ ........
0070   c8 b8 c8 b9 c8 ba c8 bb   c8 bc c8 bd c8 be c8 bf   ........ ........
0080   c9 80 c9 81 c9 82 c9 83   c9 84 c9 85 c9 86 c9 87   ........ ........
0090   c9 88 c9 89 c9 8a c9 8b   c9 8c c9 8d c9 8e c9 8f   ........ ........
00a0   c9 90 c9 91 c9 92 c9 93   c9 94 c9 95 c9 96 c9 97   ........ ........
00b0   c9 98 c9 99 c9 9a c9 9b   c9 9c c9 9d c9 9e c9 9f   ........ ........
00c0   c9 a0 c9 a1 c9 a2 c9 a3   c9 a4 c9 a5 c9 a6 c9 a7   ........ ........
00d0   c9 a8 c9 a9 c9 aa c9 ab   c9 ac c9 ad c9 ae c9 af   ........ ........
00e0   c9 b0 c9 b1 c9 b2 c9 b3   c9 b4 c9 b5 c9 b6 c9 b7   ........ ........
00f0   c9 b8 c9 b9 c9 ba c9 bb   c9 bc c9 bd c9 be c9 bf   ........ ........
0100   ca 80 ca 81 ca 82 ca 83   ca 84 ca 85 ca 86 ca 87   ........ ........
0110   ca 88 ca 89 ca 8a ca 8b   ca 8c ca 8d ca 8e ca 8f   ........ ........
0120   ca 90 ca 91 ca 92 ca 93   ca 94 ca 95 ca 96 ca 97   ........ ........
0130   ca 98 ca 99 ca 9a ca 9b   ca 9c ca 9d ca 9e ca 9f   ........ ........
0140   ca a0 ca a1 ca a2 ca a3   ca a4 ca a5 ca a6 ca a7   ........ ........
0150   ca a8 ca a9 ca aa ca ab   ca ac ca ad ca ae ca af   ........ ........
0160   ca b0 ca b1 ca b2 ca b3   ca b4 ca b5 ca b6 ca b7   ........ ........
0170   ca b8 ca b9 ca ba ca bb   ca bc ca bd ca be ca bf   ........ ........
0180   cb 80 cb 81 cb 82 cb 83   cb 84 cb 85 cb 86 cb 87   ........ ........
0190   cb 88 cb 89 cb 8a cb 8b   cb 8c cb 8d cb 8e cb 8f   ........ ........
01a0   cb 90 cb 91 cb 92 cb 93   cb 94 cb 95 cb 96 cb 97   ........ ........
01b0   cb 98 cb 99 cb 9a cb 9b   cb 9c cb 9d cb 9e cb 9f   ........ ........
01c0   cb a0 cb a1 cb a2 cb a3   cb a4 cb a5 cb a6 cb a7   ........ ........
01d0   cb a8 cb a9 cb aa cb ab   cb ac cb ad cb ae cb af   ........ ........
01e0   cb b0 cb b1 cb b2 cb b3   cb b4 cb b5 cb b6 cb b7   ........ ........
01f0   cb b8 cb b9 cb ba cb bb   cb bc cb bd cb be cb bf   ........ ........

## Newtonsoft


0000   22 c8 80 c8 81 c8 82 c8   83 c8 84 c8 85 c8 86 c8   "....... ........
0010   87 c8 88 c8 89 c8 8a c8   8b c8 8c c8 8d c8 8e c8   ........ ........
0020   8f c8 90 c8 91 c8 92 c8   93 c8 94 c8 95 c8 96 c8   ........ ........
0030   97 c8 98 c8 99 c8 9a c8   9b c8 9c c8 9d c8 9e c8   ........ ........
0040   9f c8 a0 c8 a1 c8 a2 c8   a3 c8 a4 c8 a5 c8 a6 c8   ........ ........
0050   a7 c8 a8 c8 a9 c8 aa c8   ab c8 ac c8 ad c8 ae c8   ........ ........
0060   af c8 b0 c8 b1 c8 b2 c8   b3 c8 b4 c8 b5 c8 b6 c8   ........ ........
0070   b7 c8 b8 c8 b9 c8 ba c8   bb c8 bc c8 bd c8 be c8   ........ ........
0080   bf c9 80 c9 81 c9 82 c9   83 c9 84 c9 85 c9 86 c9   ........ ........
0090   87 c9 88 c9 89 c9 8a c9   8b c9 8c c9 8d c9 8e c9   ........ ........
00a0   8f c9 90 c9 91 c9 92 c9   93 c9 94 c9 95 c9 96 c9   ........ ........
00b0   97 c9 98 c9 99 c9 9a c9   9b c9 9c c9 9d c9 9e c9   ........ ........
00c0   9f c9 a0 c9 a1 c9 a2 c9   a3 c9 a4 c9 a5 c9 a6 c9   ........ ........
00d0   a7 c9 a8 c9 a9 c9 aa c9   ab c9 ac c9 ad c9 ae c9   ........ ........
00e0   af c9 b0 c9 b1 c9 b2 c9   b3 c9 b4 c9 b5 c9 b6 c9   ........ ........
00f0   b7 c9 b8 c9 b9 c9 ba c9   bb c9 bc c9 bd c9 be c9   ........ ........
0100   bf ca 80 ca 81 ca 82 ca   83 ca 84 ca 85 ca 86 ca   ........ ........
0110   87 ca 88 ca 89 ca 8a ca   8b ca 8c ca 8d ca 8e ca   ........ ........
0120   8f ca 90 ca 91 ca 92 ca   93 ca 94 ca 95 ca 96 ca   ........ ........
0130   97 ca 98 ca 99 ca 9a ca   9b ca 9c ca 9d ca 9e ca   ........ ........
0140   9f ca a0 ca a1 ca a2 ca   a3 ca a4 ca a5 ca a6 ca   ........ ........
0150   a7 ca a8 ca a9 ca aa ca   ab ca ac ca ad ca ae ca   ........ ........
0160   af ca b0 ca b1 ca b2 ca   b3 ca b4 ca b5 ca b6 ca   ........ ........
0170   b7 ca b8 ca b9 ca ba ca   bb ca bc ca bd ca be ca   ........ ........
0180   bf cb 80 cb 81 cb 82 cb   83 cb 84 cb 85 cb 86 cb   ........ ........
0190   87 cb 88 cb 89 cb 8a cb   8b cb 8c cb 8d cb 8e cb   ........ ........
01a0   8f cb 90 cb 91 cb 92 cb   93 cb 94 cb 95 cb 96 cb   ........ ........
01b0   97 cb 98 cb 99 cb 9a cb   9b cb 9c cb 9d cb 9e cb   ........ ........
01c0   9f cb a0 cb a1 cb a2 cb   a3 cb a4 cb a5 cb a6 cb   ........ ........
01d0   a7 cb a8 cb a9 cb aa cb   ab cb ac cb ad cb ae cb   ........ ........
01e0   af cb b0 cb b1 cb b2 cb   b3 cb b4 cb b5 cb b6 cb   ........ ........
01f0   b7 cb b8 cb b9 cb ba cb   bb cb bc cb bd cb be cb   ........ ........
0200   bf 22                                               ."

## UnsafeJson


0000   22 c8 80 c8 81 c8 82 c8   83 c8 84 c8 85 c8 86 c8   "....... ........
0010   87 c8 88 c8 89 c8 8a c8   8b c8 8c c8 8d c8 8e c8   ........ ........
0020   8f c8 90 c8 91 c8 92 c8   93 c8 94 c8 95 c8 96 c8   ........ ........
0030   97 c8 98 c8 99 c8 9a c8   9b c8 9c c8 9d c8 9e c8   ........ ........
0040   9f c8 a0 c8 a1 c8 a2 c8   a3 c8 a4 c8 a5 c8 a6 c8   ........ ........
0050   a7 c8 a8 c8 a9 c8 aa c8   ab c8 ac c8 ad c8 ae c8   ........ ........
0060   af c8 b0 c8 b1 c8 b2 c8   b3 c8 b4 c8 b5 c8 b6 c8   ........ ........
0070   b7 c8 b8 c8 b9 c8 ba c8   bb c8 bc c8 bd c8 be c8   ........ ........
0080   bf c9 80 c9 81 c9 82 c9   83 c9 84 c9 85 c9 86 c9   ........ ........
0090   87 c9 88 c9 89 c9 8a c9   8b c9 8c c9 8d c9 8e c9   ........ ........
00a0   8f c9 90 c9 91 c9 92 c9   93 c9 94 c9 95 c9 96 c9   ........ ........
00b0   97 c9 98 c9 99 c9 9a c9   9b c9 9c c9 9d c9 9e c9   ........ ........
00c0   9f c9 a0 c9 a1 c9 a2 c9   a3 c9 a4 c9 a5 c9 a6 c9   ........ ........
00d0   a7 c9 a8 c9 a9 c9 aa c9   ab c9 ac c9 ad c9 ae c9   ........ ........
00e0   af c9 b0 c9 b1 c9 b2 c9   b3 c9 b4 c9 b5 c9 b6 c9   ........ ........
00f0   b7 c9 b8 c9 b9 c9 ba c9   bb c9 bc c9 bd c9 be c9   ........ ........
0100   bf ca 80 ca 81 ca 82 ca   83 ca 84 ca 85 ca 86 ca   ........ ........
0110   87 ca 88 ca 89 ca 8a ca   8b ca 8c ca 8d ca 8e ca   ........ ........
0120   8f ca 90 ca 91 ca 92 ca   93 ca 94 ca 95 ca 96 ca   ........ ........
0130   97 ca 98 ca 99 ca 9a ca   9b ca 9c ca 9d ca 9e ca   ........ ........
0140   9f ca a0 ca a1 ca a2 ca   a3 ca a4 ca a5 ca a6 ca   ........ ........
0150   a7 ca a8 ca a9 ca aa ca   ab ca ac ca ad ca ae ca   ........ ........
0160   af ca b0 ca b1 ca b2 ca   b3 ca b4 ca b5 ca b6 ca   ........ ........
0170   b7 ca b8 ca b9 ca ba ca   bb ca bc ca bd ca be ca   ........ ........
0180   bf cb 80 cb 81 cb 82 cb   83 cb 84 cb 85 cb 86 cb   ........ ........
0190   87 cb 88 cb 89 cb 8a cb   8b cb 8c cb 8d cb 8e cb   ........ ........
01a0   8f cb 90 cb 91 cb 92 cb   93 cb 94 cb 95 cb 96 cb   ........ ........
01b0   97 cb 98 cb 99 cb 9a cb   9b cb 9c cb 9d cb 9e cb   ........ ........
01c0   9f cb a0 cb a1 cb a2 cb   a3 cb a4 cb a5 cb a6 cb   ........ ........
01d0   a7 cb a8 cb a9 cb aa cb   ab cb ac cb ad cb ae cb   ........ ........
01e0   af cb b0 cb b1 cb b2 cb   b3 cb b4 cb b5 cb b6 cb   ........ ........
01f0   b7 cb b8 cb b9 cb ba cb   bb cb bc cb bd cb be cb   ........ ........
0200   bf 22                                               ."

### Equal: True

# utf8


0000   cc 80 cc 81 cc 82 cc 83   cc 84 cc 85 cc 86 cc 87   ........ ........
0010   cc 88 cc 89 cc 8a cc 8b   cc 8c cc 8d cc 8e cc 8f   ........ ........
0020   cc 90 cc 91 cc 92 cc 93   cc 94 cc 95 cc 96 cc 97   ........ ........
0030   cc 98 cc 99 cc 9a cc 9b   cc 9c cc 9d cc 9e cc 9f   ........ ........
0040   cc a0 cc a1 cc a2 cc a3   cc a4 cc a5 cc a6 cc a7   ........ ........
0050   cc a8 cc a9 cc aa cc ab   cc ac cc ad cc ae cc af   ........ ........
0060   cc b0 cc b1 cc b2 cc b3   cc b4 cc b5 cc b6 cc b7   ........ ........
0070   cc b8 cc b9 cc ba cc bb   cc bc cc bd cc be cc bf   ........ ........
0080   cd 80 cd 81 cd 82 cd 83   cd 84 cd 85 cd 86 cd 87   ........ ........
0090   cd 88 cd 89 cd 8a cd 8b   cd 8c cd 8d cd 8e cd 8f   ........ ........
00a0   cd 90 cd 91 cd 92 cd 93   cd 94 cd 95 cd 96 cd 97   ........ ........
00b0   cd 98 cd 99 cd 9a cd 9b   cd 9c cd 9d cd 9e cd 9f   ........ ........
00c0   cd a0 cd a1 cd a2 cd a3   cd a4 cd a5 cd a6 cd a7   ........ ........
00d0   cd a8 cd a9 cd aa cd ab   cd ac cd ad cd ae cd af   ........ ........
00e0   cd b0 cd b1 cd b2 cd b3   cd b4 cd b5 cd b6 cd b7   ........ ........
00f0   cd b8 cd b9 cd ba cd bb   cd bc cd bd cd be cd bf   ........ ........
0100   ce 80 ce 81 ce 82 ce 83   ce 84 ce 85 ce 86 ce 87   ........ ........
0110   ce 88 ce 89 ce 8a ce 8b   ce 8c ce 8d ce 8e ce 8f   ........ ........
0120   ce 90 ce 91 ce 92 ce 93   ce 94 ce 95 ce 96 ce 97   ........ ........
0130   ce 98 ce 99 ce 9a ce 9b   ce 9c ce 9d ce 9e ce 9f   ........ ........
0140   ce a0 ce a1 ce a2 ce a3   ce a4 ce a5 ce a6 ce a7   ........ ........
0150   ce a8 ce a9 ce aa ce ab   ce ac ce ad ce ae ce af   ........ ........
0160   ce b0 ce b1 ce b2 ce b3   ce b4 ce b5 ce b6 ce b7   ........ ........
0170   ce b8 ce b9 ce ba ce bb   ce bc ce bd ce be ce bf   ........ ........
0180   cf 80 cf 81 cf 82 cf 83   cf 84 cf 85 cf 86 cf 87   ........ ........
0190   cf 88 cf 89 cf 8a cf 8b   cf 8c cf 8d cf 8e cf 8f   ........ ........
01a0   cf 90 cf 91 cf 92 cf 93   cf 94 cf 95 cf 96 cf 97   ........ ........
01b0   cf 98 cf 99 cf 9a cf 9b   cf 9c cf 9d cf 9e cf 9f   ........ ........
01c0   cf a0 cf a1 cf a2 cf a3   cf a4 cf a5 cf a6 cf a7   ........ ........
01d0   cf a8 cf a9 cf aa cf ab   cf ac cf ad cf ae cf af   ........ ........
01e0   cf b0 cf b1 cf b2 cf b3   cf b4 cf b5 cf b6 cf b7   ........ ........
01f0   cf b8 cf b9 cf ba cf bb   cf bc cf bd cf be cf bf   ........ ........

## Newtonsoft


0000   22 cc 80 cc 81 cc 82 cc   83 cc 84 cc 85 cc 86 cc   "....... ........
0010   87 cc 88 cc 89 cc 8a cc   8b cc 8c cc 8d cc 8e cc   ........ ........
0020   8f cc 90 cc 91 cc 92 cc   93 cc 94 cc 95 cc 96 cc   ........ ........
0030   97 cc 98 cc 99 cc 9a cc   9b cc 9c cc 9d cc 9e cc   ........ ........
0040   9f cc a0 cc a1 cc a2 cc   a3 cc a4 cc a5 cc a6 cc   ........ ........
0050   a7 cc a8 cc a9 cc aa cc   ab cc ac cc ad cc ae cc   ........ ........
0060   af cc b0 cc b1 cc b2 cc   b3 cc b4 cc b5 cc b6 cc   ........ ........
0070   b7 cc b8 cc b9 cc ba cc   bb cc bc cc bd cc be cc   ........ ........
0080   bf cd 80 cd 81 cd 82 cd   83 cd 84 cd 85 cd 86 cd   ........ ........
0090   87 cd 88 cd 89 cd 8a cd   8b cd 8c cd 8d cd 8e cd   ........ ........
00a0   8f cd 90 cd 91 cd 92 cd   93 cd 94 cd 95 cd 96 cd   ........ ........
00b0   97 cd 98 cd 99 cd 9a cd   9b cd 9c cd 9d cd 9e cd   ........ ........
00c0   9f cd a0 cd a1 cd a2 cd   a3 cd a4 cd a5 cd a6 cd   ........ ........
00d0   a7 cd a8 cd a9 cd aa cd   ab cd ac cd ad cd ae cd   ........ ........
00e0   af cd b0 cd b1 cd b2 cd   b3 cd b4 cd b5 cd b6 cd   ........ ........
00f0   b7 cd b8 cd b9 cd ba cd   bb cd bc cd bd cd be cd   ........ ........
0100   bf ce 80 ce 81 ce 82 ce   83 ce 84 ce 85 ce 86 ce   ........ ........
0110   87 ce 88 ce 89 ce 8a ce   8b ce 8c ce 8d ce 8e ce   ........ ........
0120   8f ce 90 ce 91 ce 92 ce   93 ce 94 ce 95 ce 96 ce   ........ ........
0130   97 ce 98 ce 99 ce 9a ce   9b ce 9c ce 9d ce 9e ce   ........ ........
0140   9f ce a0 ce a1 ce a2 ce   a3 ce a4 ce a5 ce a6 ce   ........ ........
0150   a7 ce a8 ce a9 ce aa ce   ab ce ac ce ad ce ae ce   ........ ........
0160   af ce b0 ce b1 ce b2 ce   b3 ce b4 ce b5 ce b6 ce   ........ ........
0170   b7 ce b8 ce b9 ce ba ce   bb ce bc ce bd ce be ce   ........ ........
0180   bf cf 80 cf 81 cf 82 cf   83 cf 84 cf 85 cf 86 cf   ........ ........
0190   87 cf 88 cf 89 cf 8a cf   8b cf 8c cf 8d cf 8e cf   ........ ........
01a0   8f cf 90 cf 91 cf 92 cf   93 cf 94 cf 95 cf 96 cf   ........ ........
01b0   97 cf 98 cf 99 cf 9a cf   9b cf 9c cf 9d cf 9e cf   ........ ........
01c0   9f cf a0 cf a1 cf a2 cf   a3 cf a4 cf a5 cf a6 cf   ........ ........
01d0   a7 cf a8 cf a9 cf aa cf   ab cf ac cf ad cf ae cf   ........ ........
01e0   af cf b0 cf b1 cf b2 cf   b3 cf b4 cf b5 cf b6 cf   ........ ........
01f0   b7 cf b8 cf b9 cf ba cf   bb cf bc cf bd cf be cf   ........ ........
0200   bf 22                                               ."

## UnsafeJson


0000   22 cc 80 cc 81 cc 82 cc   83 cc 84 cc 85 cc 86 cc   "....... ........
0010   87 cc 88 cc 89 cc 8a cc   8b cc 8c cc 8d cc 8e cc   ........ ........
0020   8f cc 90 cc 91 cc 92 cc   93 cc 94 cc 95 cc 96 cc   ........ ........
0030   97 cc 98 cc 99 cc 9a cc   9b cc 9c cc 9d cc 9e cc   ........ ........
0040   9f cc a0 cc a1 cc a2 cc   a3 cc a4 cc a5 cc a6 cc   ........ ........
0050   a7 cc a8 cc a9 cc aa cc   ab cc ac cc ad cc ae cc   ........ ........
0060   af cc b0 cc b1 cc b2 cc   b3 cc b4 cc b5 cc b6 cc   ........ ........
0070   b7 cc b8 cc b9 cc ba cc   bb cc bc cc bd cc be cc   ........ ........
0080   bf cd 80 cd 81 cd 82 cd   83 cd 84 cd 85 cd 86 cd   ........ ........
0090   87 cd 88 cd 89 cd 8a cd   8b cd 8c cd 8d cd 8e cd   ........ ........
00a0   8f cd 90 cd 91 cd 92 cd   93 cd 94 cd 95 cd 96 cd   ........ ........
00b0   97 cd 98 cd 99 cd 9a cd   9b cd 9c cd 9d cd 9e cd   ........ ........
00c0   9f cd a0 cd a1 cd a2 cd   a3 cd a4 cd a5 cd a6 cd   ........ ........
00d0   a7 cd a8 cd a9 cd aa cd   ab cd ac cd ad cd ae cd   ........ ........
00e0   af cd b0 cd b1 cd b2 cd   b3 cd b4 cd b5 cd b6 cd   ........ ........
00f0   b7 cd b8 cd b9 cd ba cd   bb cd bc cd bd cd be cd   ........ ........
0100   bf ce 80 ce 81 ce 82 ce   83 ce 84 ce 85 ce 86 ce   ........ ........
0110   87 ce 88 ce 89 ce 8a ce   8b ce 8c ce 8d ce 8e ce   ........ ........
0120   8f ce 90 ce 91 ce 92 ce   93 ce 94 ce 95 ce 96 ce   ........ ........
0130   97 ce 98 ce 99 ce 9a ce   9b ce 9c ce 9d ce 9e ce   ........ ........
0140   9f ce a0 ce a1 ce a2 ce   a3 ce a4 ce a5 ce a6 ce   ........ ........
0150   a7 ce a8 ce a9 ce aa ce   ab ce ac ce ad ce ae ce   ........ ........
0160   af ce b0 ce b1 ce b2 ce   b3 ce b4 ce b5 ce b6 ce   ........ ........
0170   b7 ce b8 ce b9 ce ba ce   bb ce bc ce bd ce be ce   ........ ........
0180   bf cf 80 cf 81 cf 82 cf   83 cf 84 cf 85 cf 86 cf   ........ ........
0190   87 cf 88 cf 89 cf 8a cf   8b cf 8c cf 8d cf 8e cf   ........ ........
01a0   8f cf 90 cf 91 cf 92 cf   93 cf 94 cf 95 cf 96 cf   ........ ........
01b0   97 cf 98 cf 99 cf 9a cf   9b cf 9c cf 9d cf 9e cf   ........ ........
01c0   9f cf a0 cf a1 cf a2 cf   a3 cf a4 cf a5 cf a6 cf   ........ ........
01d0   a7 cf a8 cf a9 cf aa cf   ab cf ac cf ad cf ae cf   ........ ........
01e0   af cf b0 cf b1 cf b2 cf   b3 cf b4 cf b5 cf b6 cf   ........ ........
01f0   b7 cf b8 cf b9 cf ba cf   bb cf bc cf bd cf be cf   ........ ........
0200   bf 22                                               ."

### Equal: True

# utf8


0000   f0 9f 8c 80                                         ....

## Newtonsoft


0000   22 f0 9f 8c 80 22                                   "...."

## UnsafeJson


0000   22 f0 9f 8c 80 22                                   "...."

### Equal: True

# utf8


0000   f0 9f 98 81                                         ....

## Newtonsoft


0000   22 f0 9f 98 81 22                                   "...."

## UnsafeJson


0000   22 f0 9f 98 81 22                                   "...."

### Equal: True

# utf8


0000   e2 9c 82                                            ...

## Newtonsoft


0000   22 e2 9c 82 22                                      "..."

## UnsafeJson


0000   22 e2 9c 82 22                                      "..."

### Equal: True

# utf8


0000   f4 8f bf bf                                         ....

## Newtonsoft


0000   22 f4 8f bf bf 22                                   "...."

## UnsafeJson


0000   22 f4 8f bf bf 22                                   "...."

### Equal: True