

# 1/1/0001 12:00:00 AM


## Newtonsoft


0000   22 30 30 30 31 2d 30 31   2d 30 31 54 30 30 3a 30   "0001-01 -01T00:0
0010   30 3a 30 30 22                                      0:00"

## Cameronism.Json


0000   22 30 30 30 31 2d 30 31   2d 30 31 54 30 30 3a 30   "0001-01 -01T00:0
0010   30 3a 30 30 22                                      0:00"

### Equal: True

# 12/31/9999 11:59:59 PM


## Newtonsoft


0000   22 39 39 39 39 2d 31 32   2d 33 31 54 32 33 3a 35   "9999-12 -31T23:5
0010   39 3a 35 39 2e 39 39 39   39 39 39 39 22            9:59.999 9999"

## Cameronism.Json


0000   22 39 39 39 39 2d 31 32   2d 33 31 54 32 33 3a 35   "9999-12 -31T23:5
0010   39 3a 35 39 2e 39 39 39   39 39 39 39 22            9:59.999 9999"

### Equal: True

# 1/1/2010 12:00:00 AM


## Newtonsoft


0000   22 32 30 31 30 2d 30 31   2d 30 31 54 30 30 3a 30   "2010-01 -01T00:0
0010   30 3a 30 30 5a 22                                   0:00Z"

## Cameronism.Json


0000   22 32 30 31 30 2d 30 31   2d 30 31 54 30 30 3a 30   "2010-01 -01T00:0
0010   30 3a 30 30 5a 22                                   0:00Z"

### Equal: True

# 1/1/2010 12:00:00 AM


## Newtonsoft


0000   22 32 30 31 30 2d 30 31   2d 30 31 54 30 30 3a 30   "2010-01 -01T00:0
0010   30 3a 30 30 2e 31 5a 22                             0:00.1Z"

## Cameronism.Json


0000   22 32 30 31 30 2d 30 31   2d 30 31 54 30 30 3a 30   "2010-01 -01T00:0
0010   30 3a 30 30 2e 31 5a 22                             0:00.1Z"

### Equal: True

# 1/1/2010 12:00:00 AM


## Newtonsoft


0000   22 32 30 31 30 2d 30 31   2d 30 31 54 30 30 3a 30   "2010-01 -01T00:0
0010   30 3a 30 30 2e 31 32 5a   22                        0:00.12Z "

## Cameronism.Json


0000   22 32 30 31 30 2d 30 31   2d 30 31 54 30 30 3a 30   "2010-01 -01T00:0
0010   30 3a 30 30 2e 31 32 5a   22                        0:00.12Z "

### Equal: True

# 1/1/2010 12:00:00 AM


## Newtonsoft


0000   22 32 30 31 30 2d 30 31   2d 30 31 54 30 30 3a 30   "2010-01 -01T00:0
0010   30 3a 30 30 2e 31 32 33   5a 22                     0:00.123 Z"

## Cameronism.Json


0000   22 32 30 31 30 2d 30 31   2d 30 31 54 30 30 3a 30   "2010-01 -01T00:0
0010   30 3a 30 30 2e 31 32 33   5a 22                     0:00.123 Z"

### Equal: True

# 1/1/2010 12:00:00 AM


## Newtonsoft


0000   22 32 30 31 30 2d 30 31   2d 30 31 54 30 30 3a 30   "2010-01 -01T00:0
0010   30 3a 30 30 2e 31 32 33   34 5a 22                  0:00.123 4Z"

## Cameronism.Json


0000   22 32 30 31 30 2d 30 31   2d 30 31 54 30 30 3a 30   "2010-01 -01T00:0
0010   30 3a 30 30 2e 31 32 33   34 5a 22                  0:00.123 4Z"

### Equal: True

# 1/1/2010 12:00:00 AM


## Newtonsoft


0000   22 32 30 31 30 2d 30 31   2d 30 31 54 30 30 3a 30   "2010-01 -01T00:0
0010   30 3a 30 30 2e 31 32 33   34 35 5a 22               0:00.123 45Z"

## Cameronism.Json


0000   22 32 30 31 30 2d 30 31   2d 30 31 54 30 30 3a 30   "2010-01 -01T00:0
0010   30 3a 30 30 2e 31 32 33   34 35 5a 22               0:00.123 45Z"

### Equal: True

# 1/1/2010 12:00:00 AM


## Newtonsoft


0000   22 32 30 31 30 2d 30 31   2d 30 31 54 30 30 3a 30   "2010-01 -01T00:0
0010   30 3a 30 30 2e 31 32 33   34 35 36 5a 22            0:00.123 456Z"

## Cameronism.Json


0000   22 32 30 31 30 2d 30 31   2d 30 31 54 30 30 3a 30   "2010-01 -01T00:0
0010   30 3a 30 30 2e 31 32 33   34 35 36 5a 22            0:00.123 456Z"

### Equal: True

# 1/1/2010 12:00:00 AM


## Newtonsoft


0000   22 32 30 31 30 2d 30 31   2d 30 31 54 30 30 3a 30   "2010-01 -01T00:0
0010   30 3a 30 30 2e 31 32 33   34 35 36 37 5a 22         0:00.123 4567Z"

## Cameronism.Json


0000   22 32 30 31 30 2d 30 31   2d 30 31 54 30 30 3a 30   "2010-01 -01T00:0
0010   30 3a 30 30 2e 31 32 33   34 35 36 37 5a 22         0:00.123 4567Z"

### Equal: True

# 1/1/2010 12:02:23 AM


## Newtonsoft


0000   22 32 30 31 30 2d 30 31   2d 30 31 54 30 30 3a 30   "2010-01 -01T00:0
0010   32 3a 32 33 2e 34 37 34   37 37 30 39 5a 22         2:23.474 7709Z"

## Cameronism.Json


0000   22 32 30 31 30 2d 30 31   2d 30 31 54 30 30 3a 30   "2010-01 -01T00:0
0010   32 3a 32 33 2e 34 37 34   37 37 30 39 5a 22         2:23.474 7709Z"

### Equal: True

# 12/31/2009 11:59:33 PM


## Newtonsoft


0000   22 32 30 30 39 2d 31 32   2d 33 31 54 32 33 3a 35   "2009-12 -31T23:5
0010   39 3a 33 33 2e 30 34 35   31 35 32 34 5a 22         9:33.045 1524Z"

## Cameronism.Json


0000   22 32 30 30 39 2d 31 32   2d 33 31 54 32 33 3a 35   "2009-12 -31T23:5
0010   39 3a 33 33 2e 30 34 35   31 35 32 34 5a 22         9:33.045 1524Z"

### Equal: True

# 12/31/2009 11:59:23 PM


## Newtonsoft


0000   22 32 30 30 39 2d 31 32   2d 33 31 54 32 33 3a 35   "2009-12 -31T23:5
0010   39 3a 32 33 2e 38 32 39   30 32 35 36 5a 22         9:23.829 0256Z"

## Cameronism.Json


0000   22 32 30 30 39 2d 31 32   2d 33 31 54 32 33 3a 35   "2009-12 -31T23:5
0010   39 3a 32 33 2e 38 32 39   30 32 35 36 5a 22         9:23.829 0256Z"

### Equal: True

# 1/1/2010 12:02:35 AM


## Newtonsoft


0000   22 32 30 31 30 2d 30 31   2d 30 31 54 30 30 3a 30   "2010-01 -01T00:0
0010   32 3a 33 35 2e 35 36 35   35 31 31 36 5a 22         2:35.565 5116Z"

## Cameronism.Json


0000   22 32 30 31 30 2d 30 31   2d 30 31 54 30 30 3a 30   "2010-01 -01T00:0
0010   32 3a 33 35 2e 35 36 35   35 31 31 36 5a 22         2:35.565 5116Z"

### Equal: True

# 12/31/2009 11:59:22 PM


## Newtonsoft


0000   22 32 30 30 39 2d 31 32   2d 33 31 54 32 33 3a 35   "2009-12 -31T23:5
0010   39 3a 32 32 2e 37 30 38   36 39 34 39 5a 22         9:22.708 6949Z"

## Cameronism.Json


0000   22 32 30 30 39 2d 31 32   2d 33 31 54 32 33 3a 35   "2009-12 -31T23:5
0010   39 3a 32 32 2e 37 30 38   36 39 34 39 5a 22         9:22.708 6949Z"

### Equal: True

# 12/31/2009 11:59:09 PM


## Newtonsoft


0000   22 32 30 30 39 2d 31 32   2d 33 31 54 32 33 3a 35   "2009-12 -31T23:5
0010   39 3a 30 39 2e 36 32 32   35 31 32 5a 22            9:09.622 512Z"

## Cameronism.Json


0000   22 32 30 30 39 2d 31 32   2d 33 31 54 32 33 3a 35   "2009-12 -31T23:5
0010   39 3a 30 39 2e 36 32 32   35 31 32 5a 22            9:09.622 512Z"

### Equal: True

# 1/1/2010 12:01:48 AM


## Newtonsoft


0000   22 32 30 31 30 2d 30 31   2d 30 31 54 30 30 3a 30   "2010-01 -01T00:0
0010   31 3a 34 38 2e 35 37 37   35 33 34 33 5a 22         1:48.577 5343Z"

## Cameronism.Json


0000   22 32 30 31 30 2d 30 31   2d 30 31 54 30 30 3a 30   "2010-01 -01T00:0
0010   31 3a 34 38 2e 35 37 37   35 33 34 33 5a 22         1:48.577 5343Z"

### Equal: True

# 12/31/2009 11:58:38 PM


## Newtonsoft


0000   22 32 30 30 39 2d 31 32   2d 33 31 54 32 33 3a 35   "2009-12 -31T23:5
0010   38 3a 33 38 2e 31 38 37   33 39 38 33 5a 22         8:38.187 3983Z"

## Cameronism.Json


0000   22 32 30 30 39 2d 31 32   2d 33 31 54 32 33 3a 35   "2009-12 -31T23:5
0010   38 3a 33 38 2e 31 38 37   33 39 38 33 5a 22         8:38.187 3983Z"

### Equal: True

# 1/1/2010 12:01:51 AM


## Newtonsoft


0000   22 32 30 31 30 2d 30 31   2d 30 31 54 30 30 3a 30   "2010-01 -01T00:0
0010   31 3a 35 31 2e 31 32 31   37 37 37 34 5a 22         1:51.121 7774Z"

## Cameronism.Json


0000   22 32 30 31 30 2d 30 31   2d 30 31 54 30 30 3a 30   "2010-01 -01T00:0
0010   31 3a 35 31 2e 31 32 31   37 37 37 34 5a 22         1:51.121 7774Z"

### Equal: True

# 1/1/2010 12:02:54 AM


## Newtonsoft


0000   22 32 30 31 30 2d 30 31   2d 30 31 54 30 30 3a 30   "2010-01 -01T00:0
0010   32 3a 35 34 2e 38 33 34   36 37 5a 22               2:54.834 67Z"

## Cameronism.Json


0000   22 32 30 31 30 2d 30 31   2d 30 31 54 30 30 3a 30   "2010-01 -01T00:0
0010   32 3a 35 34 2e 38 33 34   36 37 5a 22               2:54.834 67Z"

### Equal: True

# 1/1/2010 12:01:25 AM


## Newtonsoft


0000   22 32 30 31 30 2d 30 31   2d 30 31 54 30 30 3a 30   "2010-01 -01T00:0
0010   31 3a 32 35 2e 33 35 36   31 34 32 38 5a 22         1:25.356 1428Z"

## Cameronism.Json


0000   22 32 30 31 30 2d 30 31   2d 30 31 54 30 30 3a 30   "2010-01 -01T00:0
0010   31 3a 32 35 2e 33 35 36   31 34 32 38 5a 22         1:25.356 1428Z"

### Equal: True

# 12/31/2009 11:59:40 PM


## Newtonsoft


0000   22 32 30 30 39 2d 31 32   2d 33 31 54 32 33 3a 35   "2009-12 -31T23:5
0010   39 3a 34 30 2e 36 34 38   34 36 34 31 5a 22         9:40.648 4641Z"

## Cameronism.Json


0000   22 32 30 30 39 2d 31 32   2d 33 31 54 32 33 3a 35   "2009-12 -31T23:5
0010   39 3a 34 30 2e 36 34 38   34 36 34 31 5a 22         9:40.648 4641Z"

### Equal: True

# 1/1/2010 12:02:55 AM


## Newtonsoft


0000   22 32 30 31 30 2d 30 31   2d 30 31 54 30 30 3a 30   "2010-01 -01T00:0
0010   32 3a 35 35 2e 32 37 33   37 33 38 39 5a 22         2:55.273 7389Z"

## Cameronism.Json


0000   22 32 30 31 30 2d 30 31   2d 30 31 54 30 30 3a 30   "2010-01 -01T00:0
0010   32 3a 35 35 2e 32 37 33   37 33 38 39 5a 22         2:55.273 7389Z"

### Equal: True

# 12/31/2009 11:59:50 PM


## Newtonsoft


0000   22 32 30 30 39 2d 31 32   2d 33 31 54 32 33 3a 35   "2009-12 -31T23:5
0010   39 3a 35 30 2e 35 31 39   34 37 34 31 5a 22         9:50.519 4741Z"

## Cameronism.Json


0000   22 32 30 30 39 2d 31 32   2d 33 31 54 32 33 3a 35   "2009-12 -31T23:5
0010   39 3a 35 30 2e 35 31 39   34 37 34 31 5a 22         9:50.519 4741Z"

### Equal: True

# 12/31/2009 11:59:28 PM


## Newtonsoft


0000   22 32 30 30 39 2d 31 32   2d 33 31 54 32 33 3a 35   "2009-12 -31T23:5
0010   39 3a 32 38 2e 32 36 38   35 30 39 35 5a 22         9:28.268 5095Z"

## Cameronism.Json


0000   22 32 30 30 39 2d 31 32   2d 33 31 54 32 33 3a 35   "2009-12 -31T23:5
0010   39 3a 32 38 2e 32 36 38   35 30 39 35 5a 22         9:28.268 5095Z"

### Equal: True

# 12/31/2009 11:57:31 PM


## Newtonsoft


0000   22 32 30 30 39 2d 31 32   2d 33 31 54 32 33 3a 35   "2009-12 -31T23:5
0010   37 3a 33 31 2e 32 36 37   34 38 39 34 5a 22         7:31.267 4894Z"

## Cameronism.Json


0000   22 32 30 30 39 2d 31 32   2d 33 31 54 32 33 3a 35   "2009-12 -31T23:5
0010   37 3a 33 31 2e 32 36 37   34 38 39 34 5a 22         7:31.267 4894Z"

### Equal: True

# 4/26/1997 12:55:11 PM


## Newtonsoft


0000   22 31 39 39 37 2d 30 34   2d 32 36 54 31 32 3a 35   "1997-04 -26T12:5
0010   35 3a 31 31 5a 22                                   5:11Z"

## Cameronism.Json


0000   22 31 39 39 37 2d 30 34   2d 32 36 54 31 32 3a 35   "1997-04 -26T12:5
0010   35 3a 31 31 5a 22                                   5:11Z"

### Equal: True

# 12/22/2030 8:15:35 AM


## Newtonsoft


0000   22 32 30 33 30 2d 31 32   2d 32 32 54 30 38 3a 31   "2030-12 -22T08:1
0010   35 3a 33 35 5a 22                                   5:35Z"

## Cameronism.Json


0000   22 32 30 33 30 2d 31 32   2d 32 32 54 30 38 3a 31   "2030-12 -22T08:1
0010   35 3a 33 35 5a 22                                   5:35Z"

### Equal: True

# 11/15/2065 4:26:26 PM


## Newtonsoft


0000   22 32 30 36 35 2d 31 31   2d 31 35 54 31 36 3a 32   "2065-11 -15T16:2
0010   36 3a 32 36 5a 22                                   6:26Z"

## Cameronism.Json


0000   22 32 30 36 35 2d 31 31   2d 31 35 54 31 36 3a 32   "2065-11 -15T16:2
0010   36 3a 32 36 5a 22                                   6:26Z"

### Equal: True

# 6/16/2046 10:37:58 AM


## Newtonsoft


0000   22 32 30 34 36 2d 30 36   2d 31 36 54 31 30 3a 33   "2046-06 -16T10:3
0010   37 3a 35 38 5a 22                                   7:58Z"

## Cameronism.Json


0000   22 32 30 34 36 2d 30 36   2d 31 36 54 31 30 3a 33   "2046-06 -16T10:3
0010   37 3a 35 38 5a 22                                   7:58Z"

### Equal: True

# 1/28/1959 10:30:40 AM


## Newtonsoft


0000   22 31 39 35 39 2d 30 31   2d 32 38 54 31 30 3a 33   "1959-01 -28T10:3
0010   30 3a 34 30 5a 22                                   0:40Z"

## Cameronism.Json


0000   22 31 39 35 39 2d 30 31   2d 32 38 54 31 30 3a 33   "1959-01 -28T10:3
0010   30 3a 34 30 5a 22                                   0:40Z"

### Equal: True

# 11/8/1999 3:00:30 PM


## Newtonsoft


0000   22 31 39 39 39 2d 31 31   2d 30 38 54 31 35 3a 30   "1999-11 -08T15:0
0010   30 3a 33 30 5a 22                                   0:30Z"

## Cameronism.Json


0000   22 31 39 39 39 2d 31 31   2d 30 38 54 31 35 3a 30   "1999-11 -08T15:0
0010   30 3a 33 30 5a 22                                   0:30Z"

### Equal: True

# 6/21/2013 8:03:32 PM


## Newtonsoft


0000   22 32 30 31 33 2d 30 36   2d 32 31 54 32 30 3a 30   "2013-06 -21T20:0
0010   33 3a 33 32 5a 22                                   3:32Z"

## Cameronism.Json


0000   22 32 30 31 33 2d 30 36   2d 32 31 54 32 30 3a 30   "2013-06 -21T20:0
0010   33 3a 33 32 5a 22                                   3:32Z"

### Equal: True

# 5/16/1967 8:12:37 AM


## Newtonsoft


0000   22 31 39 36 37 2d 30 35   2d 31 36 54 30 38 3a 31   "1967-05 -16T08:1
0010   32 3a 33 37 5a 22                                   2:37Z"

## Cameronism.Json


0000   22 31 39 36 37 2d 30 35   2d 31 36 54 30 38 3a 31   "1967-05 -16T08:1
0010   32 3a 33 37 5a 22                                   2:37Z"

### Equal: True

# 1/4/2027 7:26:30 PM


## Newtonsoft


0000   22 32 30 32 37 2d 30 31   2d 30 34 54 31 39 3a 32   "2027-01 -04T19:2
0010   36 3a 33 30 5a 22                                   6:30Z"

## Cameronism.Json


0000   22 32 30 32 37 2d 30 31   2d 30 34 54 31 39 3a 32   "2027-01 -04T19:2
0010   36 3a 33 30 5a 22                                   6:30Z"

### Equal: True

# 9/16/2029 5:06:46 AM


## Newtonsoft


0000   22 32 30 32 39 2d 30 39   2d 31 36 54 30 35 3a 30   "2029-09 -16T05:0
0010   36 3a 34 36 5a 22                                   6:46Z"

## Cameronism.Json


0000   22 32 30 32 39 2d 30 39   2d 31 36 54 30 35 3a 30   "2029-09 -16T05:0
0010   36 3a 34 36 5a 22                                   6:46Z"

### Equal: True

# 3/23/2000 3:32:01 PM


## Newtonsoft


0000   22 32 30 30 30 2d 30 33   2d 32 33 54 31 35 3a 33   "2000-03 -23T15:3
0010   32 3a 30 31 5a 22                                   2:01Z"

## Cameronism.Json


0000   22 32 30 30 30 2d 30 33   2d 32 33 54 31 35 3a 33   "2000-03 -23T15:3
0010   32 3a 30 31 5a 22                                   2:01Z"

### Equal: True

# 2/21/2051 9:39:35 AM


## Newtonsoft


0000   22 32 30 35 31 2d 30 32   2d 32 31 54 30 39 3a 33   "2051-02 -21T09:3
0010   39 3a 33 35 5a 22                                   9:35Z"

## Cameronism.Json


0000   22 32 30 35 31 2d 30 32   2d 32 31 54 30 39 3a 33   "2051-02 -21T09:3
0010   39 3a 33 35 5a 22                                   9:35Z"

### Equal: True

# 6/16/2013 12:12:41 PM


## Newtonsoft


0000   22 32 30 31 33 2d 30 36   2d 31 36 54 31 32 3a 31   "2013-06 -16T12:1
0010   32 3a 34 31 5a 22                                   2:41Z"

## Cameronism.Json


0000   22 32 30 31 33 2d 30 36   2d 31 36 54 31 32 3a 31   "2013-06 -16T12:1
0010   32 3a 34 31 5a 22                                   2:41Z"

### Equal: True

# 12/1/1961 7:13:27 PM


## Newtonsoft


0000   22 31 39 36 31 2d 31 32   2d 30 31 54 31 39 3a 31   "1961-12 -01T19:1
0010   33 3a 32 37 5a 22                                   3:27Z"

## Cameronism.Json


0000   22 31 39 36 31 2d 31 32   2d 30 31 54 31 39 3a 31   "1961-12 -01T19:1
0010   33 3a 32 37 5a 22                                   3:27Z"

### Equal: True

# 11/12/2024 11:50:18 AM


## Newtonsoft


0000   22 32 30 32 34 2d 31 31   2d 31 32 54 31 31 3a 35   "2024-11 -12T11:5
0010   30 3a 31 38 5a 22                                   0:18Z"

## Cameronism.Json


0000   22 32 30 32 34 2d 31 31   2d 31 32 54 31 31 3a 35   "2024-11 -12T11:5
0010   30 3a 31 38 5a 22                                   0:18Z"

### Equal: True

# 2/24/1985 8:39:54 PM


## Newtonsoft


0000   22 31 39 38 35 2d 30 32   2d 32 34 54 32 30 3a 33   "1985-02 -24T20:3
0010   39 3a 35 34 5a 22                                   9:54Z"

## Cameronism.Json


0000   22 31 39 38 35 2d 30 32   2d 32 34 54 32 30 3a 33   "1985-02 -24T20:3
0010   39 3a 35 34 5a 22                                   9:54Z"

### Equal: True