

# System.Nullable<System.Int32>


## Newtonsoft 0


0000   31                                                  1

## Cameronism.Json 0


0000   31                                                  1

### Equal: True

## Newtonsoft 1


0000   32 31 34 37 34 38 33 36   34 37                     21474836 47

## Cameronism.Json 1


0000   32 31 34 37 34 38 33 36   34 37                     21474836 47

### Equal: True

## Newtonsoft 2


0000   6e 75 6c 6c                                         null

## Cameronism.Json 2


0000   6e 75 6c 6c                                         null

### Equal: True

# System.Nullable<System.Guid>


## Newtonsoft 0


0000   22 30 30 30 30 30 30 30   30 2d 30 30 30 30 2d 30   "0000000 0-0000-0
0010   30 30 30 2d 30 30 30 30   2d 30 30 30 30 30 30 30   000-0000 -0000000
0020   30 30 30 30 30 22                                   00000"

## Cameronism.Json 0


0000   22 30 30 30 30 30 30 30   30 2d 30 30 30 30 2d 30   "0000000 0-0000-0
0010   30 30 30 2d 30 30 30 30   2d 30 30 30 30 30 30 30   000-0000 -0000000
0020   30 30 30 30 30 22                                   00000"

### Equal: True

## Newtonsoft 1


0000   22 34 31 64 30 39 31 62   61 2d 64 36 62 62 2d 34   "41d091b a-d6bb-4
0010   37 39 35 2d 39 36 39 61   2d 32 38 64 31 35 30 39   795-969a -28d1509
0020   64 65 36 62 36 22                                   de6b6"

## Cameronism.Json 1


0000   22 34 31 64 30 39 31 62   61 2d 64 36 62 62 2d 34   "41d091b a-d6bb-4
0010   37 39 35 2d 39 36 39 61   2d 32 38 64 31 35 30 39   795-969a -28d1509
0020   64 65 36 62 36 22                                   de6b6"

### Equal: True

## Newtonsoft 2


0000   6e 75 6c 6c                                         null

## Cameronism.Json 2


0000   6e 75 6c 6c                                         null

### Equal: True

# System.Nullable<System.DayOfWeek>


## Newtonsoft 0


0000   31                                                  1

## Cameronism.Json 0


0000   31                                                  1

### Equal: True

## Newtonsoft 1


0000   35                                                  5

## Cameronism.Json 1


0000   35                                                  5

### Equal: True

## Newtonsoft 2


0000   6e 75 6c 6c                                         null

## Cameronism.Json 2


0000   6e 75 6c 6c                                         null

### Equal: True

# <>f__AnonymousType0


## Newtonsoft 0


0000   7b 7d                                               {}

## Cameronism.Json 0


0000   7b 7d                                               {}

### Equal: True

## Newtonsoft 1


0000   6e 75 6c 6c                                         null

## Cameronism.Json 1


0000   6e 75 6c 6c                                         null

### Equal: True

# Cameronism.Json.Tests.NoMembers[]


## Newtonsoft 0


0000   5b 7b 7d 5d                                         [{}]

## Cameronism.Json 0


0000   5b 7b 7d 5d                                         [{}]

### Equal: True

## Newtonsoft 1


0000   5b 7b 7d 2c 6e 75 6c 6c   2c 7b 7d 5d               [{},null ,{}]

## Cameronism.Json 1


0000   5b 7b 7d 2c 6e 75 6c 6c   2c 7b 7d 5d               [{},null ,{}]

### Equal: True

## Newtonsoft 2


0000   5b 5d                                               []

## Cameronism.Json 2


0000   5b 5d                                               []

### Equal: True

## Newtonsoft 3


0000   6e 75 6c 6c                                         null

## Cameronism.Json 3


0000   6e 75 6c 6c                                         null

### Equal: True

# System.Collections.Generic.IEnumerable<Cameronism.Json.Tests.DelegateBuilderTest+NoMembers>


## Newtonsoft 0


0000   5b 7b 7d 5d                                         [{}]

## Cameronism.Json 0


0000   5b 7b 7d 5d                                         [{}]

### Equal: True

## Newtonsoft 1


0000   5b 7b 7d 5d                                         [{}]

## Cameronism.Json 1


0000   5b 7b 7d 5d                                         [{}]

### Equal: True

## Newtonsoft 2


0000   6e 75 6c 6c                                         null

## Cameronism.Json 2


0000   6e 75 6c 6c                                         null

### Equal: True

# Cameronism.Json.Tests.DelegateBuilderTest+B<System.Int32>


## Newtonsoft 0


0000   7b 22 69 22 3a 31 7d                                {"i":1}

## Cameronism.Json 0


0000   7b 22 69 22 3a 31 7d                                {"i":1}

### Equal: True

## Newtonsoft 1


0000   6e 75 6c 6c                                         null

## Cameronism.Json 1


0000   6e 75 6c 6c                                         null

### Equal: True

# Cameronism.Json.Tests.DelegateBuilderTest+B<System.Int32, System.Int32>


## Newtonsoft 0


0000   7b 22 69 22 3a 31 2c 22   6a 22 3a 32 7d            {"i":1," j":2}

## Cameronism.Json 0


0000   7b 22 69 22 3a 31 2c 22   6a 22 3a 32 7d            {"i":1," j":2}

### Equal: True

## Newtonsoft 1


0000   6e 75 6c 6c                                         null

## Cameronism.Json 1


0000   6e 75 6c 6c                                         null

### Equal: True

# Cameronism.Json.Tests.DelegateBuilderTest+B<System.Nullable<System.Int32>, System.Int32>


## Newtonsoft 0


0000   7b 22 69 22 3a 31 2c 22   6a 22 3a 32 7d            {"i":1," j":2}

## Cameronism.Json 0


0000   7b 22 69 22 3a 31 2c 22   6a 22 3a 32 7d            {"i":1," j":2}

### Equal: True

## Newtonsoft 1


0000   7b 22 69 22 3a 6e 75 6c   6c 2c 22 6a 22 3a 32 7d   {"i":nul l,"j":2}

## Cameronism.Json 1


0000   7b 22 69 22 3a 6e 75 6c   6c 2c 22 6a 22 3a 32 7d   {"i":nul l,"j":2}

### Equal: True

# Cameronism.Json.Tests.DelegateBuilderTest+B<System.Int32, System.Nullable<System.Int32>>


## Newtonsoft 0


0000   7b 22 69 22 3a 32 2c 22   6a 22 3a 31 7d            {"i":2," j":1}

## Cameronism.Json 0


0000   7b 22 69 22 3a 32 2c 22   6a 22 3a 31 7d            {"i":2," j":1}

### Equal: True

## Newtonsoft 1


0000   7b 22 69 22 3a 32 2c 22   6a 22 3a 6e 75 6c 6c 7d   {"i":2," j":null}

## Cameronism.Json 1


0000   7b 22 69 22 3a 32 2c 22   6a 22 3a 6e 75 6c 6c 7d   {"i":2," j":null}

### Equal: True

# Cameronism.Json.Tests.DelegateBuilderTest+B<System.Int32, System.Nullable<System.Int32>>


## Newtonsoft 0


0000   7b 22 69 22 3a 32 2c 22   6a 22 3a 31 7d            {"i":2," j":1}

## Cameronism.Json 0


0000   7b 22 69 22 3a 32 2c 22   6a 22 3a 31 7d            {"i":2," j":1}

### Equal: True

## Newtonsoft 1


0000   7b 22 69 22 3a 32 2c 22   6a 22 3a 6e 75 6c 6c 7d   {"i":2," j":null}

## Cameronism.Json 1


0000   7b 22 69 22 3a 32 2c 22   6a 22 3a 6e 75 6c 6c 7d   {"i":2," j":null}

### Equal: True

# System.Collections.Generic.KeyValuePair<System.String, System.Guid>


## Newtonsoft 0


0000   7b 22 4b 65 79 22 3a 6e   75 6c 6c 2c 22 56 61 6c   {"Key":n ull,"Val
0010   75 65 22 3a 22 30 30 30   30 30 30 30 30 2d 30 30   ue":"000 00000-00
0020   30 30 2d 30 30 30 30 2d   30 30 30 30 2d 30 30 30   00-0000- 0000-000
0030   30 30 30 30 30 30 30 30   30 22 7d                  00000000 0"}

## Cameronism.Json 0


0000   7b 22 4b 65 79 22 3a 6e   75 6c 6c 2c 22 56 61 6c   {"Key":n ull,"Val
0010   75 65 22 3a 22 30 30 30   30 30 30 30 30 2d 30 30   ue":"000 00000-00
0020   30 30 2d 30 30 30 30 2d   30 30 30 30 2d 30 30 30   00-0000- 0000-000
0030   30 30 30 30 30 30 30 30   30 22 7d                  00000000 0"}

### Equal: True

# System.Nullable<System.Collections.Generic.KeyValuePair<System.String, System.Guid>>


## Newtonsoft 0


0000   7b 22 4b 65 79 22 3a 6e   75 6c 6c 2c 22 56 61 6c   {"Key":n ull,"Val
0010   75 65 22 3a 22 30 30 30   30 30 30 30 30 2d 30 30   ue":"000 00000-00
0020   30 30 2d 30 30 30 30 2d   30 30 30 30 2d 30 30 30   00-0000- 0000-000
0030   30 30 30 30 30 30 30 30   30 22 7d                  00000000 0"}

## Cameronism.Json 0


0000   7b 22 4b 65 79 22 3a 6e   75 6c 6c 2c 22 56 61 6c   {"Key":n ull,"Val
0010   75 65 22 3a 22 30 30 30   30 30 30 30 30 2d 30 30   ue":"000 00000-00
0020   30 30 2d 30 30 30 30 2d   30 30 30 30 2d 30 30 30   00-0000- 0000-000
0030   30 30 30 30 30 30 30 30   30 22 7d                  00000000 0"}

### Equal: True

## Newtonsoft 1


0000   6e 75 6c 6c                                         null

## Cameronism.Json 1


0000   6e 75 6c 6c                                         null

### Equal: True

# Cameronism.Json.Tests.DelegateBuilderTest+B<Cameronism.Json.Tests.DelegateBuilderTest+B<System.Int32, System.Int32>, System.Nullable<System.Int32>>


## Newtonsoft 0


0000   7b 22 69 22 3a 7b 22 69   22 3a 33 2c 22 6a 22 3a   {"i":{"i ":3,"j":
0010   34 7d 2c 22 6a 22 3a 31   7d                        4},"j":1 }

## Cameronism.Json 0


0000   7b 22 69 22 3a 7b 22 69   22 3a 33 2c 22 6a 22 3a   {"i":{"i ":3,"j":
0010   34 7d 2c 22 6a 22 3a 31   7d                        4},"j":1 }

### Equal: True

## Newtonsoft 1


0000   7b 22 69 22 3a 7b 22 69   22 3a 33 2c 22 6a 22 3a   {"i":{"i ":3,"j":
0010   34 7d 2c 22 6a 22 3a 6e   75 6c 6c 7d               4},"j":n ull}

## Cameronism.Json 1


0000   7b 22 69 22 3a 7b 22 69   22 3a 33 2c 22 6a 22 3a   {"i":{"i ":3,"j":
0010   34 7d 2c 22 6a 22 3a 6e   75 6c 6c 7d               4},"j":n ull}

### Equal: True

## Newtonsoft 2


0000   7b 22 69 22 3a 6e 75 6c   6c 2c 22 6a 22 3a 6e 75   {"i":nul l,"j":nu
0010   6c 6c 7d                                            ll}

## Cameronism.Json 2


0000   7b 22 69 22 3a 6e 75 6c   6c 2c 22 6a 22 3a 6e 75   {"i":nul l,"j":nu
0010   6c 6c 7d                                            ll}

### Equal: True

# Cameronism.Json.Tests.DelegateBuilderTest+B<System.Nullable<System.Int32>, Cameronism.Json.Tests.DelegateBuilderTest+B<System.Int32, System.Int32>>


## Newtonsoft 0


0000   7b 22 69 22 3a 31 2c 22   6a 22 3a 7b 22 69 22 3a   {"i":1," j":{"i":
0010   33 2c 22 6a 22 3a 34 7d   7d                        3,"j":4} }

## Cameronism.Json 0


0000   7b 22 69 22 3a 31 2c 22   6a 22 3a 7b 22 69 22 3a   {"i":1," j":{"i":
0010   33 2c 22 6a 22 3a 34 7d   7d                        3,"j":4} }

### Equal: True

## Newtonsoft 1


0000   7b 22 69 22 3a 6e 75 6c   6c 2c 22 6a 22 3a 7b 22   {"i":nul l,"j":{"
0010   69 22 3a 33 2c 22 6a 22   3a 34 7d 7d               i":3,"j" :4}}

## Cameronism.Json 1


0000   7b 22 69 22 3a 6e 75 6c   6c 2c 22 6a 22 3a 7b 22   {"i":nul l,"j":{"
0010   69 22 3a 33 2c 22 6a 22   3a 34 7d 7d               i":3,"j" :4}}

### Equal: True

## Newtonsoft 2


0000   7b 22 69 22 3a 6e 75 6c   6c 2c 22 6a 22 3a 6e 75   {"i":nul l,"j":nu
0010   6c 6c 7d                                            ll}

## Cameronism.Json 2


0000   7b 22 69 22 3a 6e 75 6c   6c 2c 22 6a 22 3a 6e 75   {"i":nul l,"j":nu
0010   6c 6c 7d                                            ll}

### Equal: True

# System.Int32[]


## Newtonsoft 0


0000   5b 5d                                               []

## Cameronism.Json 0


0000   5b 5d                                               []

### Equal: True

## Newtonsoft 1


0000   5b 31 5d                                            [1]

## Cameronism.Json 1


0000   5b 31 5d                                            [1]

### Equal: True

## Newtonsoft 2


0000   5b 31 2c 32 5d                                      [1,2]

## Cameronism.Json 2


0000   5b 31 2c 32 5d                                      [1,2]

### Equal: True

## Newtonsoft 3


0000   5b 31 2c 32 2c 33 5d                                [1,2,3]

## Cameronism.Json 3


0000   5b 31 2c 32 2c 33 5d                                [1,2,3]

### Equal: True

## Newtonsoft 4


0000   6e 75 6c 6c                                         null

## Cameronism.Json 4


0000   6e 75 6c 6c                                         null

### Equal: True

# System.Nullable<System.Int32>[]


## Newtonsoft 0


0000   5b 31 5d                                            [1]

## Cameronism.Json 0


0000   5b 31 5d                                            [1]

### Equal: True

## Newtonsoft 1


0000   5b 6e 75 6c 6c 5d                                   [null]

## Cameronism.Json 1


0000   5b 6e 75 6c 6c 5d                                   [null]

### Equal: True

# System.Int32[][]


## Newtonsoft 0


0000   5b 5b 31 5d 2c 6e 75 6c   6c 2c 5b 31 2c 32 2c 33   [[1],nul l,[1,2,3
0010   5d 5d                                               ]]

## Cameronism.Json 0


0000   5b 5b 31 5d 2c 6e 75 6c   6c 2c 5b 31 2c 32 2c 33   [[1],nul l,[1,2,3
0010   5d 5d                                               ]]

### Equal: True

## Newtonsoft 1


0000   6e 75 6c 6c                                         null

## Cameronism.Json 1


0000   6e 75 6c 6c                                         null

### Equal: True

# System.Int32[][][]


## Newtonsoft 0


0000   5b 5b 5b 31 5d 2c 6e 75   6c 6c 2c 5b 5d 5d 2c 6e   [[[1],nu ll,[]],n
0010   75 6c 6c 2c 5b 5b 31 2c   32 2c 33 5d 5d 2c 6e 75   ull,[[1, 2,3]],nu
0020   6c 6c 5d                                            ll]

## Cameronism.Json 0


0000   5b 5b 5b 31 5d 2c 6e 75   6c 6c 2c 5b 5d 5d 2c 6e   [[[1],nu ll,[]],n
0010   75 6c 6c 2c 5b 5b 31 2c   32 2c 33 5d 5d 2c 6e 75   ull,[[1, 2,3]],nu
0020   6c 6c 5d                                            ll]

### Equal: True

## Newtonsoft 1


0000   6e 75 6c 6c                                         null

## Cameronism.Json 1


0000   6e 75 6c 6c                                         null

### Equal: True

# Cameronism.Json.Tests.B<System.Nullable<System.Int32>>[]


## Newtonsoft 0


0000   5b 7b 22 69 22 3a 31 7d   2c 7b 22 69 22 3a 6e 75   [{"i":1} ,{"i":nu
0010   6c 6c 7d 5d                                         ll}]

## Cameronism.Json 0


0000   5b 7b 22 69 22 3a 31 7d   2c 7b 22 69 22 3a 6e 75   [{"i":1} ,{"i":nu
0010   6c 6c 7d 5d                                         ll}]

### Equal: True

## Newtonsoft 1


0000   6e 75 6c 6c                                         null

## Cameronism.Json 1


0000   6e 75 6c 6c                                         null

### Equal: True

# System.Net.IPAddress


## Newtonsoft 0


0000   22 30 2e 30 2e 30 2e 30   22                        "0.0.0.0 "

## Cameronism.Json 0


0000   22 30 2e 30 2e 30 2e 30   22                        "0.0.0.0 "

### Equal: True

## Newtonsoft 1


0000   22 3a 3a 22                                         "::"

## Cameronism.Json 1


0000   22 3a 3a 22                                         "::"

### Equal: True

## Newtonsoft 2


0000   22 31 2e 32 2e 33 2e 34   22                        "1.2.3.4 "

## Cameronism.Json 2


0000   22 31 2e 32 2e 33 2e 34   22                        "1.2.3.4 "

### Equal: True

## Newtonsoft 3


0000   22 31 3a 32 3a 3a 33 3a   34 22                     "1:2::3: 4"

## Cameronism.Json 3


0000   22 31 3a 32 3a 3a 33 3a   34 22                     "1:2::3: 4"

### Equal: True

## Newtonsoft 4


0000   22 31 31 61 61 3a 32 32   62 62 3a 3a 33 33 63 63   "11aa:22 bb::33cc
0010   3a 34 34 64 64 22                                   :44dd"

## Cameronism.Json 4


0000   22 31 31 61 61 3a 32 32   62 62 3a 3a 33 33 63 63   "11aa:22 bb::33cc
0010   3a 34 34 64 64 22                                   :44dd"

### Equal: True

## Newtonsoft 5


0000   6e 75 6c 6c                                         null

## Cameronism.Json 5


0000   6e 75 6c 6c                                         null

### Equal: True

# <>f__AnonymousType1<System.Net.IPAddress>


## Newtonsoft 0


0000   7b 22 61 22 3a 22 30 2e   30 2e 30 2e 30 22 7d      {"a":"0. 0.0.0"}

## Cameronism.Json 0


0000   7b 22 61 22 3a 22 30 2e   30 2e 30 2e 30 22 7d      {"a":"0. 0.0.0"}

### Equal: True

## Newtonsoft 1


0000   7b 22 61 22 3a 22 3a 3a   22 7d                     {"a":":: "}

## Cameronism.Json 1


0000   7b 22 61 22 3a 22 3a 3a   22 7d                     {"a":":: "}

### Equal: True

## Newtonsoft 2


0000   7b 22 61 22 3a 22 31 2e   32 2e 33 2e 34 22 7d      {"a":"1. 2.3.4"}

## Cameronism.Json 2


0000   7b 22 61 22 3a 22 31 2e   32 2e 33 2e 34 22 7d      {"a":"1. 2.3.4"}

### Equal: True

## Newtonsoft 3


0000   7b 22 61 22 3a 22 31 3a   32 3a 3a 33 3a 34 22 7d   {"a":"1: 2::3:4"}

## Cameronism.Json 3


0000   7b 22 61 22 3a 22 31 3a   32 3a 3a 33 3a 34 22 7d   {"a":"1: 2::3:4"}

### Equal: True

## Newtonsoft 4


0000   7b 22 61 22 3a 22 31 31   61 61 3a 32 32 62 62 3a   {"a":"11 aa:22bb:
0010   3a 33 33 63 63 3a 34 34   64 64 22 7d               :33cc:44 dd"}

## Cameronism.Json 4


0000   7b 22 61 22 3a 22 31 31   61 61 3a 32 32 62 62 3a   {"a":"11 aa:22bb:
0010   3a 33 33 63 63 3a 34 34   64 64 22 7d               :33cc:44 dd"}

### Equal: True

## Newtonsoft 5


0000   7b 22 61 22 3a 6e 75 6c   6c 7d                     {"a":nul l}

## Cameronism.Json 5


0000   7b 22 61 22 3a 6e 75 6c   6c 7d                     {"a":nul l}

### Equal: True

# Cameronism.Json.Tests.DelegateBuilderTest+B<System.Guid, System.Collections.Generic.List<System.Net.IPAddress>>


## Newtonsoft 0


0000   7b 22 69 22 3a 22 30 30   30 30 30 30 30 30 2d 30   {"i":"00 000000-0
0010   30 30 30 2d 30 30 30 30   2d 30 30 30 30 2d 30 30   000-0000 -0000-00
0020   30 30 30 30 30 30 30 30   30 30 22 2c 22 6a 22 3a   00000000 00","j":
0030   5b 6e 75 6c 6c 2c 22 30   2e 30 2e 30 2e 30 22 2c   [null,"0 .0.0.0",
0040   22 32 35 35 2e 32 35 35   2e 32 35 35 2e 32 35 35   "255.255 .255.255
0050   22 5d 7d                                            "]}

## Cameronism.Json 0


0000   7b 22 69 22 3a 22 30 30   30 30 30 30 30 30 2d 30   {"i":"00 000000-0
0010   30 30 30 2d 30 30 30 30   2d 30 30 30 30 2d 30 30   000-0000 -0000-00
0020   30 30 30 30 30 30 30 30   30 30 22 2c 22 6a 22 3a   00000000 00","j":
0030   5b 6e 75 6c 6c 2c 22 30   2e 30 2e 30 2e 30 22 2c   [null,"0 .0.0.0",
0040   22 32 35 35 2e 32 35 35   2e 32 35 35 2e 32 35 35   "255.255 .255.255
0050   22 5d 7d                                            "]}

### Equal: True

# Cameronism.Json.Tests.DelegateBuilderTest+B<System.Boolean, System.Collections.Generic.Dictionary<System.String, System.Int32>>


## Newtonsoft 0


0000   7b 22 69 22 3a 74 72 75   65 2c 22 6a 22 3a 7b 22   {"i":tru e,"j":{"
0010   30 22 3a 30 2c 22 31 22   3a 31 2c 22 32 22 3a 32   0":0,"1" :1,"2":2
0020   2c 22 33 22 3a 33 2c 22   34 22 3a 34 2c 22 35 22   ,"3":3," 4":4,"5"
0030   3a 35 2c 22 36 22 3a 36   2c 22 37 22 3a 37 2c 22   :5,"6":6 ,"7":7,"
0040   38 22 3a 38 2c 22 39 22   3a 39 2c 22 31 30 22 3a   8":8,"9" :9,"10":
0050   31 30 2c 22 31 31 22 3a   31 31 2c 22 31 32 22 3a   10,"11": 11,"12":
0060   31 32 2c 22 31 33 22 3a   31 33 2c 22 31 34 22 3a   12,"13": 13,"14":
0070   31 34 2c 22 31 35 22 3a   31 35 7d 7d               14,"15": 15}}

## Cameronism.Json 0


0000   7b 22 69 22 3a 74 72 75   65 2c 22 6a 22 3a 7b 22   {"i":tru e,"j":{"
0010   30 22 3a 30 2c 22 31 22   3a 31 2c 22 32 22 3a 32   0":0,"1" :1,"2":2
0020   2c 22 33 22 3a 33 2c 22   34 22 3a 34 2c 22 35 22   ,"3":3," 4":4,"5"
0030   3a 35 2c 22 36 22 3a 36   2c 22 37 22 3a 37 2c 22   :5,"6":6 ,"7":7,"
0040   38 22 3a 38 2c 22 39 22   3a 39 2c 22 31 30 22 3a   8":8,"9" :9,"10":
0050   31 30 2c 22 31 31 22 3a   31 31 2c 22 31 32 22 3a   10,"11": 11,"12":
0060   31 32 2c 22 31 33 22 3a   31 33 2c 22 31 34 22 3a   12,"13": 13,"14":
0070   31 34 2c 22 31 35 22 3a   31 35 7d 7d               14,"15": 15}}

### Equal: True

# System.Byte[]


## Newtonsoft 0


0000   22 22                                               ""

## Cameronism.Json 0


0000   22 22                                               ""

### Equal: True

## Newtonsoft 1


0000   22 2f 77 3d 3d 22                                   "/w=="

## Cameronism.Json 1


0000   22 2f 77 3d 3d 22                                   "/w=="

### Equal: True

## Newtonsoft 2


0000   22 2f 2f 34 3d 22                                   "//4="

## Cameronism.Json 2


0000   22 2f 2f 34 3d 22                                   "//4="

### Equal: True

## Newtonsoft 3


0000   22 2f 2f 37 39 22                                   "//79"

## Cameronism.Json 3


0000   22 2f 2f 37 39 22                                   "//79"

### Equal: True

## Newtonsoft 4


0000   6e 75 6c 6c                                         null

## Cameronism.Json 4


0000   6e 75 6c 6c                                         null

### Equal: True

# Cameronism.Json.Tests.DelegateBuilderTest+B<System.Byte[]>


## Newtonsoft 0


0000   7b 22 69 22 3a 22 22 7d                             {"i":""}

## Cameronism.Json 0


0000   7b 22 69 22 3a 22 22 7d                             {"i":""}

### Equal: True

## Newtonsoft 1


0000   7b 22 69 22 3a 22 2f 77   3d 3d 22 7d               {"i":"/w =="}

## Cameronism.Json 1


0000   7b 22 69 22 3a 22 2f 77   3d 3d 22 7d               {"i":"/w =="}

### Equal: True

## Newtonsoft 2


0000   7b 22 69 22 3a 22 2f 2f   34 3d 22 7d               {"i":"// 4="}

## Cameronism.Json 2


0000   7b 22 69 22 3a 22 2f 2f   34 3d 22 7d               {"i":"// 4="}

### Equal: True

## Newtonsoft 3


0000   7b 22 69 22 3a 22 2f 2f   37 39 22 7d               {"i":"// 79"}

## Cameronism.Json 3


0000   7b 22 69 22 3a 22 2f 2f   37 39 22 7d               {"i":"// 79"}

### Equal: True