# 1
## count: 1
## result: 1


0000   31                                                  1



# 11
## count: 1
## result: -2


0000   00                                                  .



# 2147483648
## count: 8
## result: -10


0000   00 00 00 00 00 00 00 00                             ........



# 4294967296
## count: 8
## result: -10


0000   00 00 00 00 00 00 00 00                             ........



# 2147483648
## count: 8
## result: -10


0000   00 00 00 00 00 00 00 00                             ........



# null
## count: 1
## result: -4


0000   00                                                  .



# "\u0000"
## count: 3
## result: -7


0000   22 00 00                                            "..



# "aa"
## count: 3
## result: -4


0000   00 00 00                                            ...



# "a"
## count: 2
## result: -3


0000   00 00                                               ..



# "\u0000"
## count: 4
## result: -8


0000   22 00 00 00                                         "...



# "NaN"
## count: 1
## result: -5


0000   00                                                  .



# -1.7976931348623157E+308
## count: 1
## result: -26


0000   00                                                  .



# "NaN"
## count: 1
## result: -5


0000   00                                                  .



# -3.40282347E+38
## count: 1
## result: -17


0000   00                                                  .



# "::1"
## count: 1
## result: -48


0000   00                                                  .



# "1.2.3.4"
## count: 1
## result: -18


0000   00                                                  .



# "2010-01-01T01:01:01Z"
## count: 1
## result: -30


0000   00                                                  .



# false
## count: 4
## result: -5


0000   00 00 00 00                                         ....



