# IEnumerable<int>

ldarg.1
stloc.0
ldarg.3
ldlen
conv.i4
stloc.1
ldarg.0
ldind.ref
dup
brtrue.s ifNotNull_0
pop
ldloc.1
ldc.i4.4
bge.s enoughAvailable_2
ldarg.2
ldarg.3
ldc.i4.0
ldarg.3
ldlen
conv.i4
ldloc.1
sub
callvirt Void Write(Byte[], Int32, Int32)
ldarg.3
ldlen
conv.i4
stloc.1
ldarg.1
stloc.0

enoughAvailable_2:
ldloc.0
dup
ldc.i4.1
conv.i
add
stloc.0
ldc.i4.s 110
stind.i1
ldloc.0
dup
ldc.i4.1
conv.i
add
stloc.0
ldc.i4.s 117
stind.i1
ldloc.0
dup
ldc.i4.1
conv.i
add
stloc.0
ldc.i4.s 108
stind.i1
ldloc.0
dup
ldc.i4.1
conv.i
add
stloc.0
ldc.i4.s 108
stind.i1
ldloc.1
ldc.i4.4
sub
stloc.1
br ifNull_1

ifNotNull_0:
ldloc.1
ldc.i4.1
bge.s enoughAvailable_3
ldarg.2
ldarg.3
ldc.i4.0
ldarg.3
ldlen
conv.i4
ldloc.1
sub
callvirt Void Write(Byte[], Int32, Int32)
ldarg.3
ldlen
conv.i4
stloc.1
ldarg.1
stloc.0

enoughAvailable_3:
ldloc.0
dup
ldc.i4.1
conv.i
add
stloc.0
ldc.i4.s 91
stind.i1
ldloc.1
ldc.i4.1
sub
stloc.1
callvirt System.Collections.Generic.IEnumerator`1[System.Int32] GetEnumerator()
dup
callvirt Boolean MoveNext()
brfalse closeArray_6
dup
callvirt Int32 get_Current()
ldloc.1
ldc.i4.s 11
bge.s afterFlush_7
ldarg.2
ldarg.3
ldc.i4.0
ldarg.3
ldlen
conv.i4
ldloc.1
sub
callvirt Void Write(Byte[], Int32, Int32)
ldarg.3
ldlen
conv.i4
stloc.1
ldarg.1
stloc.0

afterFlush_7:
ldloc.0
ldloc.1
call Int32 WriteInt32(Int32, Byte*, Int32)
dup
conv.i
ldloc.0
add
stloc.0
ldc.i4.m1
mul
ldloc.1
add
stloc.1
br.s loopBottom_4

loopTop_5:
ldloc.1
ldc.i4.1
bge.s enoughAvailable_8
ldarg.2
ldarg.3
ldc.i4.0
ldarg.3
ldlen
conv.i4
ldloc.1
sub
callvirt Void Write(Byte[], Int32, Int32)
ldarg.3
ldlen
conv.i4
stloc.1
ldarg.1
stloc.0

enoughAvailable_8:
ldloc.0
dup
ldc.i4.1
conv.i
add
stloc.0
ldc.i4.s 44
stind.i1
ldloc.1
ldc.i4.1
sub
stloc.1
dup
callvirt Int32 get_Current()
ldloc.1
ldc.i4.s 11
bge.s afterFlush_9
ldarg.2
ldarg.3
ldc.i4.0
ldarg.3
ldlen
conv.i4
ldloc.1
sub
callvirt Void Write(Byte[], Int32, Int32)
ldarg.3
ldlen
conv.i4
stloc.1
ldarg.1
stloc.0

afterFlush_9:
ldloc.0
ldloc.1
call Int32 WriteInt32(Int32, Byte*, Int32)
dup
conv.i
ldloc.0
add
stloc.0
ldc.i4.m1
mul
ldloc.1
add
stloc.1

loopBottom_4:
dup
callvirt Boolean MoveNext()
brtrue.s loopTop_5

closeArray_6:
pop
ldloc.1
ldc.i4.1
bge.s enoughAvailable_10
ldarg.2
ldarg.3
ldc.i4.0
ldarg.3
ldlen
conv.i4
ldloc.1
sub
callvirt Void Write(Byte[], Int32, Int32)
ldarg.3
ldlen
conv.i4
stloc.1
ldarg.1
stloc.0

enoughAvailable_10:
ldloc.0
dup
ldc.i4.1
conv.i
add
stloc.0
ldc.i4.s 93
stind.i1
ldloc.1
ldc.i4.1
sub
stloc.1

ifNull_1:
ldarg.2
ldarg.3
ldc.i4.0
ldarg.3
ldlen
conv.i4
ldloc.1
sub
tail.callvirt Void Write(Byte[], Int32, Int32)
ret


# string

ldarg.0
ldind.ref
ldarg.2
ldarg.3
ldarg.3
ldlen
conv.i4
stloc.0
ldloca.s 0
ldarga.s 1
call Void WriteToStreamUtf8(System.String, System.IO.Stream, Byte[], Int32 ByRef, Byte* ByRef)
ldarg.2
ldarg.3
ldc.i4.0
ldarg.3
ldlen
conv.i4
ldloc.0
sub
tail.callvirt Void Write(Byte[], Int32, Int32)
ret


# string[]

ldarg.1
stloc.0
ldarg.3
ldlen
conv.i4
stloc.1
ldarg.0
ldind.ref
dup
brtrue.s ifNotNull_0
pop
ldloc.1
ldc.i4.4
bge.s enoughAvailable_2
ldarg.2
ldarg.3
ldc.i4.0
ldarg.3
ldlen
conv.i4
ldloc.1
sub
callvirt Void Write(Byte[], Int32, Int32)
ldarg.3
ldlen
conv.i4
stloc.1
ldarg.1
stloc.0

enoughAvailable_2:
ldloc.0
dup
ldc.i4.1
conv.i
add
stloc.0
ldc.i4.s 110
stind.i1
ldloc.0
dup
ldc.i4.1
conv.i
add
stloc.0
ldc.i4.s 117
stind.i1
ldloc.0
dup
ldc.i4.1
conv.i
add
stloc.0
ldc.i4.s 108
stind.i1
ldloc.0
dup
ldc.i4.1
conv.i
add
stloc.0
ldc.i4.s 108
stind.i1
ldloc.1
ldc.i4.4
sub
stloc.1
br ifNull_1

ifNotNull_0:
ldloc.1
ldc.i4.1
bge.s enoughAvailable_3
ldarg.2
ldarg.3
ldc.i4.0
ldarg.3
ldlen
conv.i4
ldloc.1
sub
callvirt Void Write(Byte[], Int32, Int32)
ldarg.3
ldlen
conv.i4
stloc.1
ldarg.1
stloc.0

enoughAvailable_3:
ldloc.0
dup
ldc.i4.1
conv.i
add
stloc.0
ldc.i4.s 91
stind.i1
ldloc.1
ldc.i4.1
sub
stloc.1
ldc.i4.0
stloc.2
br.s endLoop_4

beginLoop_5:
ldloc.2
brfalse.s afterComma_7
ldloc.1
ldc.i4.1
bge.s enoughAvailable_8
ldarg.2
ldarg.3
ldc.i4.0
ldarg.3
ldlen
conv.i4
ldloc.1
sub
callvirt Void Write(Byte[], Int32, Int32)
ldarg.3
ldlen
conv.i4
stloc.1
ldarg.1
stloc.0

enoughAvailable_8:
ldloc.0
dup
ldc.i4.1
conv.i
add
stloc.0
ldc.i4.s 44
stind.i1
ldloc.1
ldc.i4.1
sub
stloc.1

afterComma_7:
dup
ldloc.2
ldelem.ref
ldarg.2
ldarg.3
ldloca.s 1
ldloca.s 0
call Void WriteToStreamUtf8(System.String, System.IO.Stream, Byte[], Int32 ByRef, Byte* ByRef)
ldloc.2
ldc.i4.1
add
stloc.2

endLoop_4:
dup
ldlen
conv.i4
ldloc.2
bgt.s beginLoop_5
pop
ldloc.1
ldc.i4.1
bge.s enoughAvailable_9
ldarg.2
ldarg.3
ldc.i4.0
ldarg.3
ldlen
conv.i4
ldloc.1
sub
callvirt Void Write(Byte[], Int32, Int32)
ldarg.3
ldlen
conv.i4
stloc.1
ldarg.1
stloc.0

enoughAvailable_9:
ldloc.0
dup
ldc.i4.1
conv.i
add
stloc.0
ldc.i4.s 93
stind.i1
ldloc.1
ldc.i4.1
sub
stloc.1

ifNull_1:
ldarg.2
ldarg.3
ldc.i4.0
ldarg.3
ldlen
conv.i4
ldloc.1
sub
tail.callvirt Void Write(Byte[], Int32, Int32)
ret

